

================================================================
== Vivado HLS Report for 'relu_ap_fixed_ap_fixed_16_8_5_3_0_relu_config5_s'
================================================================
* Date:           Fri Jun 25 16:34:33 2021

* Version:        2019.1 (Build 2552052 on Fri May 24 15:28:33 MDT 2019)
* Project:        proj_b
* Solution:       solution1
* Product family: virtexuplus
* Target device:  xcvu9p-flgb2104-2-i


================================================================
== Performance Estimates
================================================================
+ Timing (ns): 
    * Summary: 
    +--------+-------+----------+------------+
    |  Clock | Target| Estimated| Uncertainty|
    +--------+-------+----------+------------+
    |ap_clk  |   5.00|     0.969|        0.50|
    +--------+-------+----------+------------+

+ Latency (clock cycles): 
    * Summary: 
    +-----+-----+-----+-----+----------+
    |  Latency  |  Interval | Pipeline |
    | min | max | min | max |   Type   |
    +-----+-----+-----+-----+----------+
    |    0|    0|    1|    1| function |
    +-----+-----+-----+-----+----------+

    + Detail: 
        * Instance: 
        N/A

        * Loop: 
        N/A



================================================================
== Utilization Estimates
================================================================
* Summary: 
+---------------------+---------+-------+---------+---------+-----+
|         Name        | BRAM_18K| DSP48E|    FF   |   LUT   | URAM|
+---------------------+---------+-------+---------+---------+-----+
|DSP                  |        -|      -|        -|        -|    -|
|Expression           |        -|      -|        0|     1400|    -|
|FIFO                 |        -|      -|        -|        -|    -|
|Instance             |        -|      -|        -|        -|    -|
|Memory               |        -|      -|        -|        -|    -|
|Multiplexer          |        -|      -|        -|        -|    -|
|Register             |        -|      -|        -|        -|    -|
+---------------------+---------+-------+---------+---------+-----+
|Total                |        0|      0|        0|     1400|    0|
+---------------------+---------+-------+---------+---------+-----+
|Available SLR        |     1440|   2280|   788160|   394080|  320|
+---------------------+---------+-------+---------+---------+-----+
|Utilization SLR (%)  |        0|      0|        0|    ~0   |    0|
+---------------------+---------+-------+---------+---------+-----+
|Available            |     4320|   6840|  2364480|  1182240|  960|
+---------------------+---------+-------+---------+---------+-----+
|Utilization (%)      |        0|      0|        0|    ~0   |    0|
+---------------------+---------+-------+---------+---------+-----+

+ Detail: 
    * Instance: 
    N/A

    * DSP48E: 
    N/A

    * Memory: 
    N/A

    * FIFO: 
    N/A

    * Expression: 
    +---------------------------+----------+-------+---+----+------------+------------+
    |       Variable Name       | Operation| DSP48E| FF| LUT| Bitwidth P0| Bitwidth P1|
    +---------------------------+----------+-------+---+----+------------+------------+
    |icmp_ln1494_10_fu_644_p2   |   icmp   |      0|  0|  13|          16|           1|
    |icmp_ln1494_11_fu_666_p2   |   icmp   |      0|  0|  13|          16|           1|
    |icmp_ln1494_12_fu_688_p2   |   icmp   |      0|  0|  13|          16|           1|
    |icmp_ln1494_13_fu_710_p2   |   icmp   |      0|  0|  13|          16|           1|
    |icmp_ln1494_14_fu_732_p2   |   icmp   |      0|  0|  13|          16|           1|
    |icmp_ln1494_15_fu_754_p2   |   icmp   |      0|  0|  13|          16|           1|
    |icmp_ln1494_16_fu_776_p2   |   icmp   |      0|  0|  13|          16|           1|
    |icmp_ln1494_17_fu_798_p2   |   icmp   |      0|  0|  13|          16|           1|
    |icmp_ln1494_18_fu_820_p2   |   icmp   |      0|  0|  13|          16|           1|
    |icmp_ln1494_19_fu_842_p2   |   icmp   |      0|  0|  13|          16|           1|
    |icmp_ln1494_1_fu_446_p2    |   icmp   |      0|  0|  13|          16|           1|
    |icmp_ln1494_20_fu_864_p2   |   icmp   |      0|  0|  13|          16|           1|
    |icmp_ln1494_21_fu_886_p2   |   icmp   |      0|  0|  13|          16|           1|
    |icmp_ln1494_22_fu_908_p2   |   icmp   |      0|  0|  13|          16|           1|
    |icmp_ln1494_23_fu_930_p2   |   icmp   |      0|  0|  13|          16|           1|
    |icmp_ln1494_24_fu_952_p2   |   icmp   |      0|  0|  13|          16|           1|
    |icmp_ln1494_25_fu_974_p2   |   icmp   |      0|  0|  13|          16|           1|
    |icmp_ln1494_26_fu_996_p2   |   icmp   |      0|  0|  13|          16|           1|
    |icmp_ln1494_27_fu_1018_p2  |   icmp   |      0|  0|  13|          16|           1|
    |icmp_ln1494_28_fu_1040_p2  |   icmp   |      0|  0|  13|          16|           1|
    |icmp_ln1494_29_fu_1062_p2  |   icmp   |      0|  0|  13|          16|           1|
    |icmp_ln1494_2_fu_468_p2    |   icmp   |      0|  0|  13|          16|           1|
    |icmp_ln1494_30_fu_1084_p2  |   icmp   |      0|  0|  13|          16|           1|
    |icmp_ln1494_31_fu_1106_p2  |   icmp   |      0|  0|  13|          16|           1|
    |icmp_ln1494_32_fu_1128_p2  |   icmp   |      0|  0|  13|          16|           1|
    |icmp_ln1494_33_fu_1150_p2  |   icmp   |      0|  0|  13|          16|           1|
    |icmp_ln1494_34_fu_1172_p2  |   icmp   |      0|  0|  13|          16|           1|
    |icmp_ln1494_35_fu_1194_p2  |   icmp   |      0|  0|  13|          16|           1|
    |icmp_ln1494_36_fu_1216_p2  |   icmp   |      0|  0|  13|          16|           1|
    |icmp_ln1494_37_fu_1238_p2  |   icmp   |      0|  0|  13|          16|           1|
    |icmp_ln1494_38_fu_1260_p2  |   icmp   |      0|  0|  13|          16|           1|
    |icmp_ln1494_39_fu_1282_p2  |   icmp   |      0|  0|  13|          16|           1|
    |icmp_ln1494_3_fu_490_p2    |   icmp   |      0|  0|  13|          16|           1|
    |icmp_ln1494_40_fu_1304_p2  |   icmp   |      0|  0|  13|          16|           1|
    |icmp_ln1494_41_fu_1326_p2  |   icmp   |      0|  0|  13|          16|           1|
    |icmp_ln1494_42_fu_1348_p2  |   icmp   |      0|  0|  13|          16|           1|
    |icmp_ln1494_43_fu_1370_p2  |   icmp   |      0|  0|  13|          16|           1|
    |icmp_ln1494_44_fu_1392_p2  |   icmp   |      0|  0|  13|          16|           1|
    |icmp_ln1494_45_fu_1414_p2  |   icmp   |      0|  0|  13|          16|           1|
    |icmp_ln1494_46_fu_1436_p2  |   icmp   |      0|  0|  13|          16|           1|
    |icmp_ln1494_47_fu_1458_p2  |   icmp   |      0|  0|  13|          16|           1|
    |icmp_ln1494_48_fu_1480_p2  |   icmp   |      0|  0|  13|          16|           1|
    |icmp_ln1494_49_fu_1502_p2  |   icmp   |      0|  0|  13|          16|           1|
    |icmp_ln1494_4_fu_512_p2    |   icmp   |      0|  0|  13|          16|           1|
    |icmp_ln1494_5_fu_534_p2    |   icmp   |      0|  0|  13|          16|           1|
    |icmp_ln1494_6_fu_556_p2    |   icmp   |      0|  0|  13|          16|           1|
    |icmp_ln1494_7_fu_578_p2    |   icmp   |      0|  0|  13|          16|           1|
    |icmp_ln1494_8_fu_600_p2    |   icmp   |      0|  0|  13|          16|           1|
    |icmp_ln1494_9_fu_622_p2    |   icmp   |      0|  0|  13|          16|           1|
    |icmp_ln1494_fu_424_p2      |   icmp   |      0|  0|  13|          16|           1|
    |select_ln81_29_fu_456_p3   |  select  |      0|  0|  15|           1|          15|
    |select_ln81_30_fu_478_p3   |  select  |      0|  0|  15|           1|          15|
    |select_ln81_31_fu_500_p3   |  select  |      0|  0|  15|           1|          15|
    |select_ln81_32_fu_522_p3   |  select  |      0|  0|  15|           1|          15|
    |select_ln81_33_fu_544_p3   |  select  |      0|  0|  15|           1|          15|
    |select_ln81_34_fu_566_p3   |  select  |      0|  0|  15|           1|          15|
    |select_ln81_35_fu_588_p3   |  select  |      0|  0|  15|           1|          15|
    |select_ln81_36_fu_610_p3   |  select  |      0|  0|  15|           1|          15|
    |select_ln81_37_fu_632_p3   |  select  |      0|  0|  15|           1|          15|
    |select_ln81_38_fu_654_p3   |  select  |      0|  0|  15|           1|          15|
    |select_ln81_39_fu_676_p3   |  select  |      0|  0|  15|           1|          15|
    |select_ln81_40_fu_698_p3   |  select  |      0|  0|  15|           1|          15|
    |select_ln81_41_fu_720_p3   |  select  |      0|  0|  15|           1|          15|
    |select_ln81_42_fu_742_p3   |  select  |      0|  0|  15|           1|          15|
    |select_ln81_43_fu_764_p3   |  select  |      0|  0|  15|           1|          15|
    |select_ln81_44_fu_786_p3   |  select  |      0|  0|  15|           1|          15|
    |select_ln81_45_fu_808_p3   |  select  |      0|  0|  15|           1|          15|
    |select_ln81_46_fu_830_p3   |  select  |      0|  0|  15|           1|          15|
    |select_ln81_47_fu_852_p3   |  select  |      0|  0|  15|           1|          15|
    |select_ln81_48_fu_874_p3   |  select  |      0|  0|  15|           1|          15|
    |select_ln81_49_fu_896_p3   |  select  |      0|  0|  15|           1|          15|
    |select_ln81_50_fu_918_p3   |  select  |      0|  0|  15|           1|          15|
    |select_ln81_51_fu_940_p3   |  select  |      0|  0|  15|           1|          15|
    |select_ln81_52_fu_962_p3   |  select  |      0|  0|  15|           1|          15|
    |select_ln81_53_fu_984_p3   |  select  |      0|  0|  15|           1|          15|
    |select_ln81_54_fu_1006_p3  |  select  |      0|  0|  15|           1|          15|
    |select_ln81_55_fu_1028_p3  |  select  |      0|  0|  15|           1|          15|
    |select_ln81_56_fu_1050_p3  |  select  |      0|  0|  15|           1|          15|
    |select_ln81_57_fu_1072_p3  |  select  |      0|  0|  15|           1|          15|
    |select_ln81_58_fu_1094_p3  |  select  |      0|  0|  15|           1|          15|
    |select_ln81_59_fu_1116_p3  |  select  |      0|  0|  15|           1|          15|
    |select_ln81_60_fu_1138_p3  |  select  |      0|  0|  15|           1|          15|
    |select_ln81_61_fu_1160_p3  |  select  |      0|  0|  15|           1|          15|
    |select_ln81_62_fu_1182_p3  |  select  |      0|  0|  15|           1|          15|
    |select_ln81_63_fu_1204_p3  |  select  |      0|  0|  15|           1|          15|
    |select_ln81_64_fu_1226_p3  |  select  |      0|  0|  15|           1|          15|
    |select_ln81_65_fu_1248_p3  |  select  |      0|  0|  15|           1|          15|
    |select_ln81_66_fu_1270_p3  |  select  |      0|  0|  15|           1|          15|
    |select_ln81_67_fu_1292_p3  |  select  |      0|  0|  15|           1|          15|
    |select_ln81_68_fu_1314_p3  |  select  |      0|  0|  15|           1|          15|
    |select_ln81_69_fu_1336_p3  |  select  |      0|  0|  15|           1|          15|
    |select_ln81_70_fu_1358_p3  |  select  |      0|  0|  15|           1|          15|
    |select_ln81_71_fu_1380_p3  |  select  |      0|  0|  15|           1|          15|
    |select_ln81_72_fu_1402_p3  |  select  |      0|  0|  15|           1|          15|
    |select_ln81_73_fu_1424_p3  |  select  |      0|  0|  15|           1|          15|
    |select_ln81_74_fu_1446_p3  |  select  |      0|  0|  15|           1|          15|
    |select_ln81_75_fu_1468_p3  |  select  |      0|  0|  15|           1|          15|
    |select_ln81_76_fu_1490_p3  |  select  |      0|  0|  15|           1|          15|
    |select_ln81_77_fu_1512_p3  |  select  |      0|  0|  15|           1|          15|
    |select_ln81_fu_434_p3      |  select  |      0|  0|  15|           1|          15|
    +---------------------------+----------+-------+---+----+------------+------------+
    |Total                      |          |      0|  0|1400|         850|         800|
    +---------------------------+----------+-------+---+----+------------+------------+

    * Multiplexer: 
    N/A

    * Register: 
    N/A



================================================================
== Interface
================================================================
* Summary: 
+----------------+-----+-----+------------+--------------------------------------------------+--------------+
|    RTL Ports   | Dir | Bits|  Protocol  |                   Source Object                  |    C Type    |
+----------------+-----+-----+------------+--------------------------------------------------+--------------+
|ap_ready        | out |    1| ap_ctrl_hs | relu<ap_fixed,ap_fixed<16,8,5,3,0>,relu_config5> | return value |
|ap_return_0     | out |   16| ap_ctrl_hs | relu<ap_fixed,ap_fixed<16,8,5,3,0>,relu_config5> | return value |
|ap_return_1     | out |   16| ap_ctrl_hs | relu<ap_fixed,ap_fixed<16,8,5,3,0>,relu_config5> | return value |
|ap_return_2     | out |   16| ap_ctrl_hs | relu<ap_fixed,ap_fixed<16,8,5,3,0>,relu_config5> | return value |
|ap_return_3     | out |   16| ap_ctrl_hs | relu<ap_fixed,ap_fixed<16,8,5,3,0>,relu_config5> | return value |
|ap_return_4     | out |   16| ap_ctrl_hs | relu<ap_fixed,ap_fixed<16,8,5,3,0>,relu_config5> | return value |
|ap_return_5     | out |   16| ap_ctrl_hs | relu<ap_fixed,ap_fixed<16,8,5,3,0>,relu_config5> | return value |
|ap_return_6     | out |   16| ap_ctrl_hs | relu<ap_fixed,ap_fixed<16,8,5,3,0>,relu_config5> | return value |
|ap_return_7     | out |   16| ap_ctrl_hs | relu<ap_fixed,ap_fixed<16,8,5,3,0>,relu_config5> | return value |
|ap_return_8     | out |   16| ap_ctrl_hs | relu<ap_fixed,ap_fixed<16,8,5,3,0>,relu_config5> | return value |
|ap_return_9     | out |   16| ap_ctrl_hs | relu<ap_fixed,ap_fixed<16,8,5,3,0>,relu_config5> | return value |
|ap_return_10    | out |   16| ap_ctrl_hs | relu<ap_fixed,ap_fixed<16,8,5,3,0>,relu_config5> | return value |
|ap_return_11    | out |   16| ap_ctrl_hs | relu<ap_fixed,ap_fixed<16,8,5,3,0>,relu_config5> | return value |
|ap_return_12    | out |   16| ap_ctrl_hs | relu<ap_fixed,ap_fixed<16,8,5,3,0>,relu_config5> | return value |
|ap_return_13    | out |   16| ap_ctrl_hs | relu<ap_fixed,ap_fixed<16,8,5,3,0>,relu_config5> | return value |
|ap_return_14    | out |   16| ap_ctrl_hs | relu<ap_fixed,ap_fixed<16,8,5,3,0>,relu_config5> | return value |
|ap_return_15    | out |   16| ap_ctrl_hs | relu<ap_fixed,ap_fixed<16,8,5,3,0>,relu_config5> | return value |
|ap_return_16    | out |   16| ap_ctrl_hs | relu<ap_fixed,ap_fixed<16,8,5,3,0>,relu_config5> | return value |
|ap_return_17    | out |   16| ap_ctrl_hs | relu<ap_fixed,ap_fixed<16,8,5,3,0>,relu_config5> | return value |
|ap_return_18    | out |   16| ap_ctrl_hs | relu<ap_fixed,ap_fixed<16,8,5,3,0>,relu_config5> | return value |
|ap_return_19    | out |   16| ap_ctrl_hs | relu<ap_fixed,ap_fixed<16,8,5,3,0>,relu_config5> | return value |
|ap_return_20    | out |   16| ap_ctrl_hs | relu<ap_fixed,ap_fixed<16,8,5,3,0>,relu_config5> | return value |
|ap_return_21    | out |   16| ap_ctrl_hs | relu<ap_fixed,ap_fixed<16,8,5,3,0>,relu_config5> | return value |
|ap_return_22    | out |   16| ap_ctrl_hs | relu<ap_fixed,ap_fixed<16,8,5,3,0>,relu_config5> | return value |
|ap_return_23    | out |   16| ap_ctrl_hs | relu<ap_fixed,ap_fixed<16,8,5,3,0>,relu_config5> | return value |
|ap_return_24    | out |   16| ap_ctrl_hs | relu<ap_fixed,ap_fixed<16,8,5,3,0>,relu_config5> | return value |
|ap_return_25    | out |   16| ap_ctrl_hs | relu<ap_fixed,ap_fixed<16,8,5,3,0>,relu_config5> | return value |
|ap_return_26    | out |   16| ap_ctrl_hs | relu<ap_fixed,ap_fixed<16,8,5,3,0>,relu_config5> | return value |
|ap_return_27    | out |   16| ap_ctrl_hs | relu<ap_fixed,ap_fixed<16,8,5,3,0>,relu_config5> | return value |
|ap_return_28    | out |   16| ap_ctrl_hs | relu<ap_fixed,ap_fixed<16,8,5,3,0>,relu_config5> | return value |
|ap_return_29    | out |   16| ap_ctrl_hs | relu<ap_fixed,ap_fixed<16,8,5,3,0>,relu_config5> | return value |
|ap_return_30    | out |   16| ap_ctrl_hs | relu<ap_fixed,ap_fixed<16,8,5,3,0>,relu_config5> | return value |
|ap_return_31    | out |   16| ap_ctrl_hs | relu<ap_fixed,ap_fixed<16,8,5,3,0>,relu_config5> | return value |
|ap_return_32    | out |   16| ap_ctrl_hs | relu<ap_fixed,ap_fixed<16,8,5,3,0>,relu_config5> | return value |
|ap_return_33    | out |   16| ap_ctrl_hs | relu<ap_fixed,ap_fixed<16,8,5,3,0>,relu_config5> | return value |
|ap_return_34    | out |   16| ap_ctrl_hs | relu<ap_fixed,ap_fixed<16,8,5,3,0>,relu_config5> | return value |
|ap_return_35    | out |   16| ap_ctrl_hs | relu<ap_fixed,ap_fixed<16,8,5,3,0>,relu_config5> | return value |
|ap_return_36    | out |   16| ap_ctrl_hs | relu<ap_fixed,ap_fixed<16,8,5,3,0>,relu_config5> | return value |
|ap_return_37    | out |   16| ap_ctrl_hs | relu<ap_fixed,ap_fixed<16,8,5,3,0>,relu_config5> | return value |
|ap_return_38    | out |   16| ap_ctrl_hs | relu<ap_fixed,ap_fixed<16,8,5,3,0>,relu_config5> | return value |
|ap_return_39    | out |   16| ap_ctrl_hs | relu<ap_fixed,ap_fixed<16,8,5,3,0>,relu_config5> | return value |
|ap_return_40    | out |   16| ap_ctrl_hs | relu<ap_fixed,ap_fixed<16,8,5,3,0>,relu_config5> | return value |
|ap_return_41    | out |   16| ap_ctrl_hs | relu<ap_fixed,ap_fixed<16,8,5,3,0>,relu_config5> | return value |
|ap_return_42    | out |   16| ap_ctrl_hs | relu<ap_fixed,ap_fixed<16,8,5,3,0>,relu_config5> | return value |
|ap_return_43    | out |   16| ap_ctrl_hs | relu<ap_fixed,ap_fixed<16,8,5,3,0>,relu_config5> | return value |
|ap_return_44    | out |   16| ap_ctrl_hs | relu<ap_fixed,ap_fixed<16,8,5,3,0>,relu_config5> | return value |
|ap_return_45    | out |   16| ap_ctrl_hs | relu<ap_fixed,ap_fixed<16,8,5,3,0>,relu_config5> | return value |
|ap_return_46    | out |   16| ap_ctrl_hs | relu<ap_fixed,ap_fixed<16,8,5,3,0>,relu_config5> | return value |
|ap_return_47    | out |   16| ap_ctrl_hs | relu<ap_fixed,ap_fixed<16,8,5,3,0>,relu_config5> | return value |
|ap_return_48    | out |   16| ap_ctrl_hs | relu<ap_fixed,ap_fixed<16,8,5,3,0>,relu_config5> | return value |
|ap_return_49    | out |   16| ap_ctrl_hs | relu<ap_fixed,ap_fixed<16,8,5,3,0>,relu_config5> | return value |
|data_0_V_read   |  in |   16|   ap_none  |                   data_0_V_read                  |    scalar    |
|data_1_V_read   |  in |   16|   ap_none  |                   data_1_V_read                  |    scalar    |
|data_2_V_read   |  in |   16|   ap_none  |                   data_2_V_read                  |    scalar    |
|data_3_V_read   |  in |   16|   ap_none  |                   data_3_V_read                  |    scalar    |
|data_4_V_read   |  in |   16|   ap_none  |                   data_4_V_read                  |    scalar    |
|data_5_V_read   |  in |   16|   ap_none  |                   data_5_V_read                  |    scalar    |
|data_6_V_read   |  in |   16|   ap_none  |                   data_6_V_read                  |    scalar    |
|data_7_V_read   |  in |   16|   ap_none  |                   data_7_V_read                  |    scalar    |
|data_8_V_read   |  in |   16|   ap_none  |                   data_8_V_read                  |    scalar    |
|data_9_V_read   |  in |   16|   ap_none  |                   data_9_V_read                  |    scalar    |
|data_10_V_read  |  in |   16|   ap_none  |                  data_10_V_read                  |    scalar    |
|data_11_V_read  |  in |   16|   ap_none  |                  data_11_V_read                  |    scalar    |
|data_12_V_read  |  in |   16|   ap_none  |                  data_12_V_read                  |    scalar    |
|data_13_V_read  |  in |   16|   ap_none  |                  data_13_V_read                  |    scalar    |
|data_14_V_read  |  in |   16|   ap_none  |                  data_14_V_read                  |    scalar    |
|data_15_V_read  |  in |   16|   ap_none  |                  data_15_V_read                  |    scalar    |
|data_16_V_read  |  in |   16|   ap_none  |                  data_16_V_read                  |    scalar    |
|data_17_V_read  |  in |   16|   ap_none  |                  data_17_V_read                  |    scalar    |
|data_18_V_read  |  in |   16|   ap_none  |                  data_18_V_read                  |    scalar    |
|data_19_V_read  |  in |   16|   ap_none  |                  data_19_V_read                  |    scalar    |
|data_20_V_read  |  in |   16|   ap_none  |                  data_20_V_read                  |    scalar    |
|data_21_V_read  |  in |   16|   ap_none  |                  data_21_V_read                  |    scalar    |
|data_22_V_read  |  in |   16|   ap_none  |                  data_22_V_read                  |    scalar    |
|data_23_V_read  |  in |   16|   ap_none  |                  data_23_V_read                  |    scalar    |
|data_24_V_read  |  in |   16|   ap_none  |                  data_24_V_read                  |    scalar    |
|data_25_V_read  |  in |   16|   ap_none  |                  data_25_V_read                  |    scalar    |
|data_26_V_read  |  in |   16|   ap_none  |                  data_26_V_read                  |    scalar    |
|data_27_V_read  |  in |   16|   ap_none  |                  data_27_V_read                  |    scalar    |
|data_28_V_read  |  in |   16|   ap_none  |                  data_28_V_read                  |    scalar    |
|data_29_V_read  |  in |   16|   ap_none  |                  data_29_V_read                  |    scalar    |
|data_30_V_read  |  in |   16|   ap_none  |                  data_30_V_read                  |    scalar    |
|data_31_V_read  |  in |   16|   ap_none  |                  data_31_V_read                  |    scalar    |
|data_32_V_read  |  in |   16|   ap_none  |                  data_32_V_read                  |    scalar    |
|data_33_V_read  |  in |   16|   ap_none  |                  data_33_V_read                  |    scalar    |
|data_34_V_read  |  in |   16|   ap_none  |                  data_34_V_read                  |    scalar    |
|data_35_V_read  |  in |   16|   ap_none  |                  data_35_V_read                  |    scalar    |
|data_36_V_read  |  in |   16|   ap_none  |                  data_36_V_read                  |    scalar    |
|data_37_V_read  |  in |   16|   ap_none  |                  data_37_V_read                  |    scalar    |
|data_38_V_read  |  in |   16|   ap_none  |                  data_38_V_read                  |    scalar    |
|data_39_V_read  |  in |   16|   ap_none  |                  data_39_V_read                  |    scalar    |
|data_40_V_read  |  in |   16|   ap_none  |                  data_40_V_read                  |    scalar    |
|data_41_V_read  |  in |   16|   ap_none  |                  data_41_V_read                  |    scalar    |
|data_42_V_read  |  in |   16|   ap_none  |                  data_42_V_read                  |    scalar    |
|data_43_V_read  |  in |   16|   ap_none  |                  data_43_V_read                  |    scalar    |
|data_44_V_read  |  in |   16|   ap_none  |                  data_44_V_read                  |    scalar    |
|data_45_V_read  |  in |   16|   ap_none  |                  data_45_V_read                  |    scalar    |
|data_46_V_read  |  in |   16|   ap_none  |                  data_46_V_read                  |    scalar    |
|data_47_V_read  |  in |   16|   ap_none  |                  data_47_V_read                  |    scalar    |
|data_48_V_read  |  in |   16|   ap_none  |                  data_48_V_read                  |    scalar    |
|data_49_V_read  |  in |   16|   ap_none  |                  data_49_V_read                  |    scalar    |
+----------------+-----+-----+------------+--------------------------------------------------+--------------+

