

================================================================
== Vivado HLS Report for 'conv_1d_cl_ap_fixed_ap_fixed_16_8_5_3_0_config2_s'
================================================================
* Date:           Fri Jun  3 16:17:10 2022

* Version:        2019.1 (Build 2552052 on Fri May 24 15:28:33 MDT 2019)
* Project:        myproject_prj
* Solution:       solution1
* Product family: virtexuplus
* Target device:  xcvu9p-flgb2104-2-i


================================================================
== Performance Estimates
================================================================
+ Timing (ns): 
    * Summary: 
    +--------+-------+----------+------------+
    |  Clock | Target| Estimated| Uncertainty|
    +--------+-------+----------+------------+
    |ap_clk  |   5.00|     4.237|        0.62|
    +--------+-------+----------+------------+

+ Latency (clock cycles): 
    * Summary: 
    +-----+-----+-----+-----+---------+
    |  Latency  |  Interval | Pipeline|
    | min | max | min | max |   Type  |
    +-----+-----+-----+-----+---------+
    |   14|   14|   14|   14|   none  |
    +-----+-----+-----+-----+---------+

    + Detail: 
        * Instance: 
        +-------------------------------------------------------------+-------------------------------------------------+-----+-----+-----+-----+---------+
        |                                                             |                                                 |  Latency  |  Interval | Pipeline|
        |                           Instance                          |                      Module                     | min | max | min | max |   Type  |
        +-------------------------------------------------------------+-------------------------------------------------+-----+-----+-----+-----+---------+
        |grp_conv_1d_resource_cl_ap_fixed_ap_fixed_config2_s_fu_1828  |conv_1d_resource_cl_ap_fixed_ap_fixed_config2_s  |   13|   13|   13|   13|   none  |
        +-------------------------------------------------------------+-------------------------------------------------+-----+-----+-----+-----+---------+

        * Loop: 
        N/A



================================================================
== Utilization Estimates
================================================================
* Summary: 
+---------------------+---------+-------+---------+---------+-----+
|         Name        | BRAM_18K| DSP48E|    FF   |   LUT   | URAM|
+---------------------+---------+-------+---------+---------+-----+
|DSP                  |        -|      -|        -|        -|    -|
|Expression           |        -|      -|        0|        4|    -|
|FIFO                 |        -|      -|        -|        -|    -|
|Instance             |        -|    168|     5376|   133907|    -|
|Memory               |        -|      -|        -|        -|    -|
|Multiplexer          |        -|      -|        -|     1842|    -|
|Register             |        -|      -|     2085|        -|    -|
+---------------------+---------+-------+---------+---------+-----+
|Total                |        0|    168|     7461|   135753|    0|
+---------------------+---------+-------+---------+---------+-----+
|Available SLR        |     1440|   2280|   788160|   394080|  320|
+---------------------+---------+-------+---------+---------+-----+
|Utilization SLR (%)  |        0|      7|    ~0   |       34|    0|
+---------------------+---------+-------+---------+---------+-----+
|Available            |     4320|   6840|  2364480|  1182240|  960|
+---------------------+---------+-------+---------+---------+-----+
|Utilization (%)      |        0|      2|    ~0   |       11|    0|
+---------------------+---------+-------+---------+---------+-----+

+ Detail: 
    * Instance: 
    +-------------------------------------------------------------+-------------------------------------------------+---------+-------+------+--------+-----+
    |                           Instance                          |                      Module                     | BRAM_18K| DSP48E|  FF  |   LUT  | URAM|
    +-------------------------------------------------------------+-------------------------------------------------+---------+-------+------+--------+-----+
    |grp_conv_1d_resource_cl_ap_fixed_ap_fixed_config2_s_fu_1828  |conv_1d_resource_cl_ap_fixed_ap_fixed_config2_s  |        0|    168|  5376|  133907|    0|
    +-------------------------------------------------------------+-------------------------------------------------+---------+-------+------+--------+-----+
    |Total                                                        |                                                 |        0|    168|  5376|  133907|    0|
    +-------------------------------------------------------------+-------------------------------------------------+---------+-------+------+--------+-----+

    * DSP48E: 
    N/A

    * Memory: 
    N/A

    * FIFO: 
    N/A

    * Expression: 
    +-----------------+----------+-------+---+----+------------+------------+
    |  Variable Name  | Operation| DSP48E| FF| LUT| Bitwidth P0| Bitwidth P1|
    +-----------------+----------+-------+---+----+------------+------------+
    |ap_block_state1  |    or    |      0|  0|   2|           1|           1|
    |ap_block_state2  |    or    |      0|  0|   2|           1|           1|
    +-----------------+----------+-------+---+----+------------+------------+
    |Total            |          |      0|  0|   4|           2|           2|
    +-----------------+----------+-------+---+----+------------+------------+

    * Multiplexer: 
    +---------------------+----+-----------+-----+-----------+
    |         Name        | LUT| Input Size| Bits| Total Bits|
    +---------------------+----+-----------+-----+-----------+
    |ap_NS_fsm            |  15|          3|    1|          3|
    |ap_done              |   9|          2|    1|          2|
    |data_V_blk_n         |   9|          2|    1|          2|
    |real_start           |   9|          2|    1|          2|
    |res_0_V_out_blk_n    |   9|          2|    1|          2|
    |res_100_V_out_blk_n  |   9|          2|    1|          2|
    |res_101_V_out_blk_n  |   9|          2|    1|          2|
    |res_102_V_out_blk_n  |   9|          2|    1|          2|
    |res_103_V_out_blk_n  |   9|          2|    1|          2|
    |res_104_V_out_blk_n  |   9|          2|    1|          2|
    |res_105_V_out_blk_n  |   9|          2|    1|          2|
    |res_106_V_out_blk_n  |   9|          2|    1|          2|
    |res_107_V_out_blk_n  |   9|          2|    1|          2|
    |res_108_V_out_blk_n  |   9|          2|    1|          2|
    |res_109_V_out_blk_n  |   9|          2|    1|          2|
    |res_10_V_out_blk_n   |   9|          2|    1|          2|
    |res_110_V_out_blk_n  |   9|          2|    1|          2|
    |res_111_V_out_blk_n  |   9|          2|    1|          2|
    |res_112_V_out_blk_n  |   9|          2|    1|          2|
    |res_113_V_out_blk_n  |   9|          2|    1|          2|
    |res_114_V_out_blk_n  |   9|          2|    1|          2|
    |res_115_V_out_blk_n  |   9|          2|    1|          2|
    |res_116_V_out_blk_n  |   9|          2|    1|          2|
    |res_117_V_out_blk_n  |   9|          2|    1|          2|
    |res_118_V_out_blk_n  |   9|          2|    1|          2|
    |res_119_V_out_blk_n  |   9|          2|    1|          2|
    |res_11_V_out_blk_n   |   9|          2|    1|          2|
    |res_120_V_out_blk_n  |   9|          2|    1|          2|
    |res_121_V_out_blk_n  |   9|          2|    1|          2|
    |res_122_V_out_blk_n  |   9|          2|    1|          2|
    |res_123_V_out_blk_n  |   9|          2|    1|          2|
    |res_124_V_out_blk_n  |   9|          2|    1|          2|
    |res_125_V_out_blk_n  |   9|          2|    1|          2|
    |res_126_V_out_blk_n  |   9|          2|    1|          2|
    |res_127_V_out_blk_n  |   9|          2|    1|          2|
    |res_128_V_out_blk_n  |   9|          2|    1|          2|
    |res_129_V_out_blk_n  |   9|          2|    1|          2|
    |res_12_V_out_blk_n   |   9|          2|    1|          2|
    |res_130_V_out_blk_n  |   9|          2|    1|          2|
    |res_131_V_out_blk_n  |   9|          2|    1|          2|
    |res_132_V_out_blk_n  |   9|          2|    1|          2|
    |res_133_V_out_blk_n  |   9|          2|    1|          2|
    |res_134_V_out_blk_n  |   9|          2|    1|          2|
    |res_135_V_out_blk_n  |   9|          2|    1|          2|
    |res_136_V_out_blk_n  |   9|          2|    1|          2|
    |res_137_V_out_blk_n  |   9|          2|    1|          2|
    |res_138_V_out_blk_n  |   9|          2|    1|          2|
    |res_139_V_out_blk_n  |   9|          2|    1|          2|
    |res_13_V_out_blk_n   |   9|          2|    1|          2|
    |res_140_V_out_blk_n  |   9|          2|    1|          2|
    |res_141_V_out_blk_n  |   9|          2|    1|          2|
    |res_142_V_out_blk_n  |   9|          2|    1|          2|
    |res_143_V_out_blk_n  |   9|          2|    1|          2|
    |res_144_V_out_blk_n  |   9|          2|    1|          2|
    |res_145_V_out_blk_n  |   9|          2|    1|          2|
    |res_146_V_out_blk_n  |   9|          2|    1|          2|
    |res_147_V_out_blk_n  |   9|          2|    1|          2|
    |res_148_V_out_blk_n  |   9|          2|    1|          2|
    |res_149_V_out_blk_n  |   9|          2|    1|          2|
    |res_14_V_out_blk_n   |   9|          2|    1|          2|
    |res_150_V_out_blk_n  |   9|          2|    1|          2|
    |res_151_V_out_blk_n  |   9|          2|    1|          2|
    |res_152_V_out_blk_n  |   9|          2|    1|          2|
    |res_153_V_out_blk_n  |   9|          2|    1|          2|
    |res_154_V_out_blk_n  |   9|          2|    1|          2|
    |res_155_V_out_blk_n  |   9|          2|    1|          2|
    |res_156_V_out_blk_n  |   9|          2|    1|          2|
    |res_157_V_out_blk_n  |   9|          2|    1|          2|
    |res_158_V_out_blk_n  |   9|          2|    1|          2|
    |res_159_V_out_blk_n  |   9|          2|    1|          2|
    |res_15_V_out_blk_n   |   9|          2|    1|          2|
    |res_160_V_out_blk_n  |   9|          2|    1|          2|
    |res_161_V_out_blk_n  |   9|          2|    1|          2|
    |res_162_V_out_blk_n  |   9|          2|    1|          2|
    |res_163_V_out_blk_n  |   9|          2|    1|          2|
    |res_164_V_out_blk_n  |   9|          2|    1|          2|
    |res_165_V_out_blk_n  |   9|          2|    1|          2|
    |res_166_V_out_blk_n  |   9|          2|    1|          2|
    |res_167_V_out_blk_n  |   9|          2|    1|          2|
    |res_168_V_out_blk_n  |   9|          2|    1|          2|
    |res_169_V_out_blk_n  |   9|          2|    1|          2|
    |res_16_V_out_blk_n   |   9|          2|    1|          2|
    |res_170_V_out_blk_n  |   9|          2|    1|          2|
    |res_171_V_out_blk_n  |   9|          2|    1|          2|
    |res_172_V_out_blk_n  |   9|          2|    1|          2|
    |res_173_V_out_blk_n  |   9|          2|    1|          2|
    |res_174_V_out_blk_n  |   9|          2|    1|          2|
    |res_175_V_out_blk_n  |   9|          2|    1|          2|
    |res_176_V_out_blk_n  |   9|          2|    1|          2|
    |res_177_V_out_blk_n  |   9|          2|    1|          2|
    |res_178_V_out_blk_n  |   9|          2|    1|          2|
    |res_179_V_out_blk_n  |   9|          2|    1|          2|
    |res_17_V_out_blk_n   |   9|          2|    1|          2|
    |res_180_V_out_blk_n  |   9|          2|    1|          2|
    |res_181_V_out_blk_n  |   9|          2|    1|          2|
    |res_182_V_out_blk_n  |   9|          2|    1|          2|
    |res_183_V_out_blk_n  |   9|          2|    1|          2|
    |res_184_V_out_blk_n  |   9|          2|    1|          2|
    |res_185_V_out_blk_n  |   9|          2|    1|          2|
    |res_186_V_out_blk_n  |   9|          2|    1|          2|
    |res_187_V_out_blk_n  |   9|          2|    1|          2|
    |res_188_V_out_blk_n  |   9|          2|    1|          2|
    |res_189_V_out_blk_n  |   9|          2|    1|          2|
    |res_18_V_out_blk_n   |   9|          2|    1|          2|
    |res_190_V_out_blk_n  |   9|          2|    1|          2|
    |res_191_V_out_blk_n  |   9|          2|    1|          2|
    |res_192_V_out_blk_n  |   9|          2|    1|          2|
    |res_193_V_out_blk_n  |   9|          2|    1|          2|
    |res_194_V_out_blk_n  |   9|          2|    1|          2|
    |res_195_V_out_blk_n  |   9|          2|    1|          2|
    |res_196_V_out_blk_n  |   9|          2|    1|          2|
    |res_197_V_out_blk_n  |   9|          2|    1|          2|
    |res_198_V_out_blk_n  |   9|          2|    1|          2|
    |res_199_V_out_blk_n  |   9|          2|    1|          2|
    |res_19_V_out_blk_n   |   9|          2|    1|          2|
    |res_1_V_out_blk_n    |   9|          2|    1|          2|
    |res_20_V_out_blk_n   |   9|          2|    1|          2|
    |res_21_V_out_blk_n   |   9|          2|    1|          2|
    |res_22_V_out_blk_n   |   9|          2|    1|          2|
    |res_23_V_out_blk_n   |   9|          2|    1|          2|
    |res_24_V_out_blk_n   |   9|          2|    1|          2|
    |res_25_V_out_blk_n   |   9|          2|    1|          2|
    |res_26_V_out_blk_n   |   9|          2|    1|          2|
    |res_27_V_out_blk_n   |   9|          2|    1|          2|
    |res_28_V_out_blk_n   |   9|          2|    1|          2|
    |res_29_V_out_blk_n   |   9|          2|    1|          2|
    |res_2_V_out_blk_n    |   9|          2|    1|          2|
    |res_30_V_out_blk_n   |   9|          2|    1|          2|
    |res_31_V_out_blk_n   |   9|          2|    1|          2|
    |res_32_V_out_blk_n   |   9|          2|    1|          2|
    |res_33_V_out_blk_n   |   9|          2|    1|          2|
    |res_34_V_out_blk_n   |   9|          2|    1|          2|
    |res_35_V_out_blk_n   |   9|          2|    1|          2|
    |res_36_V_out_blk_n   |   9|          2|    1|          2|
    |res_37_V_out_blk_n   |   9|          2|    1|          2|
    |res_38_V_out_blk_n   |   9|          2|    1|          2|
    |res_39_V_out_blk_n   |   9|          2|    1|          2|
    |res_3_V_out_blk_n    |   9|          2|    1|          2|
    |res_40_V_out_blk_n   |   9|          2|    1|          2|
    |res_41_V_out_blk_n   |   9|          2|    1|          2|
    |res_42_V_out_blk_n   |   9|          2|    1|          2|
    |res_43_V_out_blk_n   |   9|          2|    1|          2|
    |res_44_V_out_blk_n   |   9|          2|    1|          2|
    |res_45_V_out_blk_n   |   9|          2|    1|          2|
    |res_46_V_out_blk_n   |   9|          2|    1|          2|
    |res_47_V_out_blk_n   |   9|          2|    1|          2|
    |res_48_V_out_blk_n   |   9|          2|    1|          2|
    |res_49_V_out_blk_n   |   9|          2|    1|          2|
    |res_4_V_out_blk_n    |   9|          2|    1|          2|
    |res_50_V_out_blk_n   |   9|          2|    1|          2|
    |res_51_V_out_blk_n   |   9|          2|    1|          2|
    |res_52_V_out_blk_n   |   9|          2|    1|          2|
    |res_53_V_out_blk_n   |   9|          2|    1|          2|
    |res_54_V_out_blk_n   |   9|          2|    1|          2|
    |res_55_V_out_blk_n   |   9|          2|    1|          2|
    |res_56_V_out_blk_n   |   9|          2|    1|          2|
    |res_57_V_out_blk_n   |   9|          2|    1|          2|
    |res_58_V_out_blk_n   |   9|          2|    1|          2|
    |res_59_V_out_blk_n   |   9|          2|    1|          2|
    |res_5_V_out_blk_n    |   9|          2|    1|          2|
    |res_60_V_out_blk_n   |   9|          2|    1|          2|
    |res_61_V_out_blk_n   |   9|          2|    1|          2|
    |res_62_V_out_blk_n   |   9|          2|    1|          2|
    |res_63_V_out_blk_n   |   9|          2|    1|          2|
    |res_64_V_out_blk_n   |   9|          2|    1|          2|
    |res_65_V_out_blk_n   |   9|          2|    1|          2|
    |res_66_V_out_blk_n   |   9|          2|    1|          2|
    |res_67_V_out_blk_n   |   9|          2|    1|          2|
    |res_68_V_out_blk_n   |   9|          2|    1|          2|
    |res_69_V_out_blk_n   |   9|          2|    1|          2|
    |res_6_V_out_blk_n    |   9|          2|    1|          2|
    |res_70_V_out_blk_n   |   9|          2|    1|          2|
    |res_71_V_out_blk_n   |   9|          2|    1|          2|
    |res_72_V_out_blk_n   |   9|          2|    1|          2|
    |res_73_V_out_blk_n   |   9|          2|    1|          2|
    |res_74_V_out_blk_n   |   9|          2|    1|          2|
    |res_75_V_out_blk_n   |   9|          2|    1|          2|
    |res_76_V_out_blk_n   |   9|          2|    1|          2|
    |res_77_V_out_blk_n   |   9|          2|    1|          2|
    |res_78_V_out_blk_n   |   9|          2|    1|          2|
    |res_79_V_out_blk_n   |   9|          2|    1|          2|
    |res_7_V_out_blk_n    |   9|          2|    1|          2|
    |res_80_V_out_blk_n   |   9|          2|    1|          2|
    |res_81_V_out_blk_n   |   9|          2|    1|          2|
    |res_82_V_out_blk_n   |   9|          2|    1|          2|
    |res_83_V_out_blk_n   |   9|          2|    1|          2|
    |res_84_V_out_blk_n   |   9|          2|    1|          2|
    |res_85_V_out_blk_n   |   9|          2|    1|          2|
    |res_86_V_out_blk_n   |   9|          2|    1|          2|
    |res_87_V_out_blk_n   |   9|          2|    1|          2|
    |res_88_V_out_blk_n   |   9|          2|    1|          2|
    |res_89_V_out_blk_n   |   9|          2|    1|          2|
    |res_8_V_out_blk_n    |   9|          2|    1|          2|
    |res_90_V_out_blk_n   |   9|          2|    1|          2|
    |res_91_V_out_blk_n   |   9|          2|    1|          2|
    |res_92_V_out_blk_n   |   9|          2|    1|          2|
    |res_93_V_out_blk_n   |   9|          2|    1|          2|
    |res_94_V_out_blk_n   |   9|          2|    1|          2|
    |res_95_V_out_blk_n   |   9|          2|    1|          2|
    |res_96_V_out_blk_n   |   9|          2|    1|          2|
    |res_97_V_out_blk_n   |   9|          2|    1|          2|
    |res_98_V_out_blk_n   |   9|          2|    1|          2|
    |res_99_V_out_blk_n   |   9|          2|    1|          2|
    |res_9_V_out_blk_n    |   9|          2|    1|          2|
    +---------------------+----+-----------+-----+-----------+
    |Total                |1842|        409|  204|        409|
    +---------------------+----+-----------+-----+-----------+

    * Register: 
    +--------------------------------------------------------------------------+------+----+------+-----------+
    |                                   Name                                   |  FF  | LUT| Bits | Const Bits|
    +--------------------------------------------------------------------------+------+----+------+-----------+
    |ap_CS_fsm                                                                 |     2|   0|     2|          0|
    |ap_done_reg                                                               |     1|   0|     1|          0|
    |data_V_read_reg_2834                                                      |  2080|   0|  2080|          0|
    |grp_conv_1d_resource_cl_ap_fixed_ap_fixed_config2_s_fu_1828_ap_start_reg  |     1|   0|     1|          0|
    |start_once_reg                                                            |     1|   0|     1|          0|
    +--------------------------------------------------------------------------+------+----+------+-----------+
    |Total                                                                     |  2085|   0|  2085|          0|
    +--------------------------------------------------------------------------+------+----+------+-----------+



================================================================
== Interface
================================================================
* Summary: 
+----------------------+-----+------+------------+---------------------------------------------------+--------------+
|       RTL Ports      | Dir | Bits |  Protocol  |                   Source Object                   |    C Type    |
+----------------------+-----+------+------------+---------------------------------------------------+--------------+
|ap_clk                |  in |     1| ap_ctrl_hs | conv_1d_cl<ap_fixed,ap_fixed<16,8,5,3,0>,config2> | return value |
|ap_rst                |  in |     1| ap_ctrl_hs | conv_1d_cl<ap_fixed,ap_fixed<16,8,5,3,0>,config2> | return value |
|ap_start              |  in |     1| ap_ctrl_hs | conv_1d_cl<ap_fixed,ap_fixed<16,8,5,3,0>,config2> | return value |
|start_full_n          |  in |     1| ap_ctrl_hs | conv_1d_cl<ap_fixed,ap_fixed<16,8,5,3,0>,config2> | return value |
|ap_done               | out |     1| ap_ctrl_hs | conv_1d_cl<ap_fixed,ap_fixed<16,8,5,3,0>,config2> | return value |
|ap_continue           |  in |     1| ap_ctrl_hs | conv_1d_cl<ap_fixed,ap_fixed<16,8,5,3,0>,config2> | return value |
|ap_idle               | out |     1| ap_ctrl_hs | conv_1d_cl<ap_fixed,ap_fixed<16,8,5,3,0>,config2> | return value |
|ap_ready              | out |     1| ap_ctrl_hs | conv_1d_cl<ap_fixed,ap_fixed<16,8,5,3,0>,config2> | return value |
|start_out             | out |     1| ap_ctrl_hs | conv_1d_cl<ap_fixed,ap_fixed<16,8,5,3,0>,config2> | return value |
|start_write           | out |     1| ap_ctrl_hs | conv_1d_cl<ap_fixed,ap_fixed<16,8,5,3,0>,config2> | return value |
|data_V_dout           |  in |  2080|   ap_fifo  |                       data_V                      |    pointer   |
|data_V_empty_n        |  in |     1|   ap_fifo  |                       data_V                      |    pointer   |
|data_V_read           | out |     1|   ap_fifo  |                       data_V                      |    pointer   |
|res_0_V_out_din       | out |    16|   ap_fifo  |                    res_0_V_out                    |    pointer   |
|res_0_V_out_full_n    |  in |     1|   ap_fifo  |                    res_0_V_out                    |    pointer   |
|res_0_V_out_write     | out |     1|   ap_fifo  |                    res_0_V_out                    |    pointer   |
|res_1_V_out_din       | out |    16|   ap_fifo  |                    res_1_V_out                    |    pointer   |
|res_1_V_out_full_n    |  in |     1|   ap_fifo  |                    res_1_V_out                    |    pointer   |
|res_1_V_out_write     | out |     1|   ap_fifo  |                    res_1_V_out                    |    pointer   |
|res_2_V_out_din       | out |    16|   ap_fifo  |                    res_2_V_out                    |    pointer   |
|res_2_V_out_full_n    |  in |     1|   ap_fifo  |                    res_2_V_out                    |    pointer   |
|res_2_V_out_write     | out |     1|   ap_fifo  |                    res_2_V_out                    |    pointer   |
|res_3_V_out_din       | out |    16|   ap_fifo  |                    res_3_V_out                    |    pointer   |
|res_3_V_out_full_n    |  in |     1|   ap_fifo  |                    res_3_V_out                    |    pointer   |
|res_3_V_out_write     | out |     1|   ap_fifo  |                    res_3_V_out                    |    pointer   |
|res_4_V_out_din       | out |    16|   ap_fifo  |                    res_4_V_out                    |    pointer   |
|res_4_V_out_full_n    |  in |     1|   ap_fifo  |                    res_4_V_out                    |    pointer   |
|res_4_V_out_write     | out |     1|   ap_fifo  |                    res_4_V_out                    |    pointer   |
|res_5_V_out_din       | out |    16|   ap_fifo  |                    res_5_V_out                    |    pointer   |
|res_5_V_out_full_n    |  in |     1|   ap_fifo  |                    res_5_V_out                    |    pointer   |
|res_5_V_out_write     | out |     1|   ap_fifo  |                    res_5_V_out                    |    pointer   |
|res_6_V_out_din       | out |    16|   ap_fifo  |                    res_6_V_out                    |    pointer   |
|res_6_V_out_full_n    |  in |     1|   ap_fifo  |                    res_6_V_out                    |    pointer   |
|res_6_V_out_write     | out |     1|   ap_fifo  |                    res_6_V_out                    |    pointer   |
|res_7_V_out_din       | out |    16|   ap_fifo  |                    res_7_V_out                    |    pointer   |
|res_7_V_out_full_n    |  in |     1|   ap_fifo  |                    res_7_V_out                    |    pointer   |
|res_7_V_out_write     | out |     1|   ap_fifo  |                    res_7_V_out                    |    pointer   |
|res_8_V_out_din       | out |    16|   ap_fifo  |                    res_8_V_out                    |    pointer   |
|res_8_V_out_full_n    |  in |     1|   ap_fifo  |                    res_8_V_out                    |    pointer   |
|res_8_V_out_write     | out |     1|   ap_fifo  |                    res_8_V_out                    |    pointer   |
|res_9_V_out_din       | out |    16|   ap_fifo  |                    res_9_V_out                    |    pointer   |
|res_9_V_out_full_n    |  in |     1|   ap_fifo  |                    res_9_V_out                    |    pointer   |
|res_9_V_out_write     | out |     1|   ap_fifo  |                    res_9_V_out                    |    pointer   |
|res_10_V_out_din      | out |    16|   ap_fifo  |                    res_10_V_out                   |    pointer   |
|res_10_V_out_full_n   |  in |     1|   ap_fifo  |                    res_10_V_out                   |    pointer   |
|res_10_V_out_write    | out |     1|   ap_fifo  |                    res_10_V_out                   |    pointer   |
|res_11_V_out_din      | out |    16|   ap_fifo  |                    res_11_V_out                   |    pointer   |
|res_11_V_out_full_n   |  in |     1|   ap_fifo  |                    res_11_V_out                   |    pointer   |
|res_11_V_out_write    | out |     1|   ap_fifo  |                    res_11_V_out                   |    pointer   |
|res_12_V_out_din      | out |    16|   ap_fifo  |                    res_12_V_out                   |    pointer   |
|res_12_V_out_full_n   |  in |     1|   ap_fifo  |                    res_12_V_out                   |    pointer   |
|res_12_V_out_write    | out |     1|   ap_fifo  |                    res_12_V_out                   |    pointer   |
|res_13_V_out_din      | out |    16|   ap_fifo  |                    res_13_V_out                   |    pointer   |
|res_13_V_out_full_n   |  in |     1|   ap_fifo  |                    res_13_V_out                   |    pointer   |
|res_13_V_out_write    | out |     1|   ap_fifo  |                    res_13_V_out                   |    pointer   |
|res_14_V_out_din      | out |    16|   ap_fifo  |                    res_14_V_out                   |    pointer   |
|res_14_V_out_full_n   |  in |     1|   ap_fifo  |                    res_14_V_out                   |    pointer   |
|res_14_V_out_write    | out |     1|   ap_fifo  |                    res_14_V_out                   |    pointer   |
|res_15_V_out_din      | out |    16|   ap_fifo  |                    res_15_V_out                   |    pointer   |
|res_15_V_out_full_n   |  in |     1|   ap_fifo  |                    res_15_V_out                   |    pointer   |
|res_15_V_out_write    | out |     1|   ap_fifo  |                    res_15_V_out                   |    pointer   |
|res_16_V_out_din      | out |    16|   ap_fifo  |                    res_16_V_out                   |    pointer   |
|res_16_V_out_full_n   |  in |     1|   ap_fifo  |                    res_16_V_out                   |    pointer   |
|res_16_V_out_write    | out |     1|   ap_fifo  |                    res_16_V_out                   |    pointer   |
|res_17_V_out_din      | out |    16|   ap_fifo  |                    res_17_V_out                   |    pointer   |
|res_17_V_out_full_n   |  in |     1|   ap_fifo  |                    res_17_V_out                   |    pointer   |
|res_17_V_out_write    | out |     1|   ap_fifo  |                    res_17_V_out                   |    pointer   |
|res_18_V_out_din      | out |    16|   ap_fifo  |                    res_18_V_out                   |    pointer   |
|res_18_V_out_full_n   |  in |     1|   ap_fifo  |                    res_18_V_out                   |    pointer   |
|res_18_V_out_write    | out |     1|   ap_fifo  |                    res_18_V_out                   |    pointer   |
|res_19_V_out_din      | out |    16|   ap_fifo  |                    res_19_V_out                   |    pointer   |
|res_19_V_out_full_n   |  in |     1|   ap_fifo  |                    res_19_V_out                   |    pointer   |
|res_19_V_out_write    | out |     1|   ap_fifo  |                    res_19_V_out                   |    pointer   |
|res_20_V_out_din      | out |    16|   ap_fifo  |                    res_20_V_out                   |    pointer   |
|res_20_V_out_full_n   |  in |     1|   ap_fifo  |                    res_20_V_out                   |    pointer   |
|res_20_V_out_write    | out |     1|   ap_fifo  |                    res_20_V_out                   |    pointer   |
|res_21_V_out_din      | out |    16|   ap_fifo  |                    res_21_V_out                   |    pointer   |
|res_21_V_out_full_n   |  in |     1|   ap_fifo  |                    res_21_V_out                   |    pointer   |
|res_21_V_out_write    | out |     1|   ap_fifo  |                    res_21_V_out                   |    pointer   |
|res_22_V_out_din      | out |    16|   ap_fifo  |                    res_22_V_out                   |    pointer   |
|res_22_V_out_full_n   |  in |     1|   ap_fifo  |                    res_22_V_out                   |    pointer   |
|res_22_V_out_write    | out |     1|   ap_fifo  |                    res_22_V_out                   |    pointer   |
|res_23_V_out_din      | out |    16|   ap_fifo  |                    res_23_V_out                   |    pointer   |
|res_23_V_out_full_n   |  in |     1|   ap_fifo  |                    res_23_V_out                   |    pointer   |
|res_23_V_out_write    | out |     1|   ap_fifo  |                    res_23_V_out                   |    pointer   |
|res_24_V_out_din      | out |    16|   ap_fifo  |                    res_24_V_out                   |    pointer   |
|res_24_V_out_full_n   |  in |     1|   ap_fifo  |                    res_24_V_out                   |    pointer   |
|res_24_V_out_write    | out |     1|   ap_fifo  |                    res_24_V_out                   |    pointer   |
|res_25_V_out_din      | out |    16|   ap_fifo  |                    res_25_V_out                   |    pointer   |
|res_25_V_out_full_n   |  in |     1|   ap_fifo  |                    res_25_V_out                   |    pointer   |
|res_25_V_out_write    | out |     1|   ap_fifo  |                    res_25_V_out                   |    pointer   |
|res_26_V_out_din      | out |    16|   ap_fifo  |                    res_26_V_out                   |    pointer   |
|res_26_V_out_full_n   |  in |     1|   ap_fifo  |                    res_26_V_out                   |    pointer   |
|res_26_V_out_write    | out |     1|   ap_fifo  |                    res_26_V_out                   |    pointer   |
|res_27_V_out_din      | out |    16|   ap_fifo  |                    res_27_V_out                   |    pointer   |
|res_27_V_out_full_n   |  in |     1|   ap_fifo  |                    res_27_V_out                   |    pointer   |
|res_27_V_out_write    | out |     1|   ap_fifo  |                    res_27_V_out                   |    pointer   |
|res_28_V_out_din      | out |    16|   ap_fifo  |                    res_28_V_out                   |    pointer   |
|res_28_V_out_full_n   |  in |     1|   ap_fifo  |                    res_28_V_out                   |    pointer   |
|res_28_V_out_write    | out |     1|   ap_fifo  |                    res_28_V_out                   |    pointer   |
|res_29_V_out_din      | out |    16|   ap_fifo  |                    res_29_V_out                   |    pointer   |
|res_29_V_out_full_n   |  in |     1|   ap_fifo  |                    res_29_V_out                   |    pointer   |
|res_29_V_out_write    | out |     1|   ap_fifo  |                    res_29_V_out                   |    pointer   |
|res_30_V_out_din      | out |    16|   ap_fifo  |                    res_30_V_out                   |    pointer   |
|res_30_V_out_full_n   |  in |     1|   ap_fifo  |                    res_30_V_out                   |    pointer   |
|res_30_V_out_write    | out |     1|   ap_fifo  |                    res_30_V_out                   |    pointer   |
|res_31_V_out_din      | out |    16|   ap_fifo  |                    res_31_V_out                   |    pointer   |
|res_31_V_out_full_n   |  in |     1|   ap_fifo  |                    res_31_V_out                   |    pointer   |
|res_31_V_out_write    | out |     1|   ap_fifo  |                    res_31_V_out                   |    pointer   |
|res_32_V_out_din      | out |    16|   ap_fifo  |                    res_32_V_out                   |    pointer   |
|res_32_V_out_full_n   |  in |     1|   ap_fifo  |                    res_32_V_out                   |    pointer   |
|res_32_V_out_write    | out |     1|   ap_fifo  |                    res_32_V_out                   |    pointer   |
|res_33_V_out_din      | out |    16|   ap_fifo  |                    res_33_V_out                   |    pointer   |
|res_33_V_out_full_n   |  in |     1|   ap_fifo  |                    res_33_V_out                   |    pointer   |
|res_33_V_out_write    | out |     1|   ap_fifo  |                    res_33_V_out                   |    pointer   |
|res_34_V_out_din      | out |    16|   ap_fifo  |                    res_34_V_out                   |    pointer   |
|res_34_V_out_full_n   |  in |     1|   ap_fifo  |                    res_34_V_out                   |    pointer   |
|res_34_V_out_write    | out |     1|   ap_fifo  |                    res_34_V_out                   |    pointer   |
|res_35_V_out_din      | out |    16|   ap_fifo  |                    res_35_V_out                   |    pointer   |
|res_35_V_out_full_n   |  in |     1|   ap_fifo  |                    res_35_V_out                   |    pointer   |
|res_35_V_out_write    | out |     1|   ap_fifo  |                    res_35_V_out                   |    pointer   |
|res_36_V_out_din      | out |    16|   ap_fifo  |                    res_36_V_out                   |    pointer   |
|res_36_V_out_full_n   |  in |     1|   ap_fifo  |                    res_36_V_out                   |    pointer   |
|res_36_V_out_write    | out |     1|   ap_fifo  |                    res_36_V_out                   |    pointer   |
|res_37_V_out_din      | out |    16|   ap_fifo  |                    res_37_V_out                   |    pointer   |
|res_37_V_out_full_n   |  in |     1|   ap_fifo  |                    res_37_V_out                   |    pointer   |
|res_37_V_out_write    | out |     1|   ap_fifo  |                    res_37_V_out                   |    pointer   |
|res_38_V_out_din      | out |    16|   ap_fifo  |                    res_38_V_out                   |    pointer   |
|res_38_V_out_full_n   |  in |     1|   ap_fifo  |                    res_38_V_out                   |    pointer   |
|res_38_V_out_write    | out |     1|   ap_fifo  |                    res_38_V_out                   |    pointer   |
|res_39_V_out_din      | out |    16|   ap_fifo  |                    res_39_V_out                   |    pointer   |
|res_39_V_out_full_n   |  in |     1|   ap_fifo  |                    res_39_V_out                   |    pointer   |
|res_39_V_out_write    | out |     1|   ap_fifo  |                    res_39_V_out                   |    pointer   |
|res_40_V_out_din      | out |    16|   ap_fifo  |                    res_40_V_out                   |    pointer   |
|res_40_V_out_full_n   |  in |     1|   ap_fifo  |                    res_40_V_out                   |    pointer   |
|res_40_V_out_write    | out |     1|   ap_fifo  |                    res_40_V_out                   |    pointer   |
|res_41_V_out_din      | out |    16|   ap_fifo  |                    res_41_V_out                   |    pointer   |
|res_41_V_out_full_n   |  in |     1|   ap_fifo  |                    res_41_V_out                   |    pointer   |
|res_41_V_out_write    | out |     1|   ap_fifo  |                    res_41_V_out                   |    pointer   |
|res_42_V_out_din      | out |    16|   ap_fifo  |                    res_42_V_out                   |    pointer   |
|res_42_V_out_full_n   |  in |     1|   ap_fifo  |                    res_42_V_out                   |    pointer   |
|res_42_V_out_write    | out |     1|   ap_fifo  |                    res_42_V_out                   |    pointer   |
|res_43_V_out_din      | out |    16|   ap_fifo  |                    res_43_V_out                   |    pointer   |
|res_43_V_out_full_n   |  in |     1|   ap_fifo  |                    res_43_V_out                   |    pointer   |
|res_43_V_out_write    | out |     1|   ap_fifo  |                    res_43_V_out                   |    pointer   |
|res_44_V_out_din      | out |    16|   ap_fifo  |                    res_44_V_out                   |    pointer   |
|res_44_V_out_full_n   |  in |     1|   ap_fifo  |                    res_44_V_out                   |    pointer   |
|res_44_V_out_write    | out |     1|   ap_fifo  |                    res_44_V_out                   |    pointer   |
|res_45_V_out_din      | out |    16|   ap_fifo  |                    res_45_V_out                   |    pointer   |
|res_45_V_out_full_n   |  in |     1|   ap_fifo  |                    res_45_V_out                   |    pointer   |
|res_45_V_out_write    | out |     1|   ap_fifo  |                    res_45_V_out                   |    pointer   |
|res_46_V_out_din      | out |    16|   ap_fifo  |                    res_46_V_out                   |    pointer   |
|res_46_V_out_full_n   |  in |     1|   ap_fifo  |                    res_46_V_out                   |    pointer   |
|res_46_V_out_write    | out |     1|   ap_fifo  |                    res_46_V_out                   |    pointer   |
|res_47_V_out_din      | out |    16|   ap_fifo  |                    res_47_V_out                   |    pointer   |
|res_47_V_out_full_n   |  in |     1|   ap_fifo  |                    res_47_V_out                   |    pointer   |
|res_47_V_out_write    | out |     1|   ap_fifo  |                    res_47_V_out                   |    pointer   |
|res_48_V_out_din      | out |    16|   ap_fifo  |                    res_48_V_out                   |    pointer   |
|res_48_V_out_full_n   |  in |     1|   ap_fifo  |                    res_48_V_out                   |    pointer   |
|res_48_V_out_write    | out |     1|   ap_fifo  |                    res_48_V_out                   |    pointer   |
|res_49_V_out_din      | out |    16|   ap_fifo  |                    res_49_V_out                   |    pointer   |
|res_49_V_out_full_n   |  in |     1|   ap_fifo  |                    res_49_V_out                   |    pointer   |
|res_49_V_out_write    | out |     1|   ap_fifo  |                    res_49_V_out                   |    pointer   |
|res_50_V_out_din      | out |    16|   ap_fifo  |                    res_50_V_out                   |    pointer   |
|res_50_V_out_full_n   |  in |     1|   ap_fifo  |                    res_50_V_out                   |    pointer   |
|res_50_V_out_write    | out |     1|   ap_fifo  |                    res_50_V_out                   |    pointer   |
|res_51_V_out_din      | out |    16|   ap_fifo  |                    res_51_V_out                   |    pointer   |
|res_51_V_out_full_n   |  in |     1|   ap_fifo  |                    res_51_V_out                   |    pointer   |
|res_51_V_out_write    | out |     1|   ap_fifo  |                    res_51_V_out                   |    pointer   |
|res_52_V_out_din      | out |    16|   ap_fifo  |                    res_52_V_out                   |    pointer   |
|res_52_V_out_full_n   |  in |     1|   ap_fifo  |                    res_52_V_out                   |    pointer   |
|res_52_V_out_write    | out |     1|   ap_fifo  |                    res_52_V_out                   |    pointer   |
|res_53_V_out_din      | out |    16|   ap_fifo  |                    res_53_V_out                   |    pointer   |
|res_53_V_out_full_n   |  in |     1|   ap_fifo  |                    res_53_V_out                   |    pointer   |
|res_53_V_out_write    | out |     1|   ap_fifo  |                    res_53_V_out                   |    pointer   |
|res_54_V_out_din      | out |    16|   ap_fifo  |                    res_54_V_out                   |    pointer   |
|res_54_V_out_full_n   |  in |     1|   ap_fifo  |                    res_54_V_out                   |    pointer   |
|res_54_V_out_write    | out |     1|   ap_fifo  |                    res_54_V_out                   |    pointer   |
|res_55_V_out_din      | out |    16|   ap_fifo  |                    res_55_V_out                   |    pointer   |
|res_55_V_out_full_n   |  in |     1|   ap_fifo  |                    res_55_V_out                   |    pointer   |
|res_55_V_out_write    | out |     1|   ap_fifo  |                    res_55_V_out                   |    pointer   |
|res_56_V_out_din      | out |    16|   ap_fifo  |                    res_56_V_out                   |    pointer   |
|res_56_V_out_full_n   |  in |     1|   ap_fifo  |                    res_56_V_out                   |    pointer   |
|res_56_V_out_write    | out |     1|   ap_fifo  |                    res_56_V_out                   |    pointer   |
|res_57_V_out_din      | out |    16|   ap_fifo  |                    res_57_V_out                   |    pointer   |
|res_57_V_out_full_n   |  in |     1|   ap_fifo  |                    res_57_V_out                   |    pointer   |
|res_57_V_out_write    | out |     1|   ap_fifo  |                    res_57_V_out                   |    pointer   |
|res_58_V_out_din      | out |    16|   ap_fifo  |                    res_58_V_out                   |    pointer   |
|res_58_V_out_full_n   |  in |     1|   ap_fifo  |                    res_58_V_out                   |    pointer   |
|res_58_V_out_write    | out |     1|   ap_fifo  |                    res_58_V_out                   |    pointer   |
|res_59_V_out_din      | out |    16|   ap_fifo  |                    res_59_V_out                   |    pointer   |
|res_59_V_out_full_n   |  in |     1|   ap_fifo  |                    res_59_V_out                   |    pointer   |
|res_59_V_out_write    | out |     1|   ap_fifo  |                    res_59_V_out                   |    pointer   |
|res_60_V_out_din      | out |    16|   ap_fifo  |                    res_60_V_out                   |    pointer   |
|res_60_V_out_full_n   |  in |     1|   ap_fifo  |                    res_60_V_out                   |    pointer   |
|res_60_V_out_write    | out |     1|   ap_fifo  |                    res_60_V_out                   |    pointer   |
|res_61_V_out_din      | out |    16|   ap_fifo  |                    res_61_V_out                   |    pointer   |
|res_61_V_out_full_n   |  in |     1|   ap_fifo  |                    res_61_V_out                   |    pointer   |
|res_61_V_out_write    | out |     1|   ap_fifo  |                    res_61_V_out                   |    pointer   |
|res_62_V_out_din      | out |    16|   ap_fifo  |                    res_62_V_out                   |    pointer   |
|res_62_V_out_full_n   |  in |     1|   ap_fifo  |                    res_62_V_out                   |    pointer   |
|res_62_V_out_write    | out |     1|   ap_fifo  |                    res_62_V_out                   |    pointer   |
|res_63_V_out_din      | out |    16|   ap_fifo  |                    res_63_V_out                   |    pointer   |
|res_63_V_out_full_n   |  in |     1|   ap_fifo  |                    res_63_V_out                   |    pointer   |
|res_63_V_out_write    | out |     1|   ap_fifo  |                    res_63_V_out                   |    pointer   |
|res_64_V_out_din      | out |    16|   ap_fifo  |                    res_64_V_out                   |    pointer   |
|res_64_V_out_full_n   |  in |     1|   ap_fifo  |                    res_64_V_out                   |    pointer   |
|res_64_V_out_write    | out |     1|   ap_fifo  |                    res_64_V_out                   |    pointer   |
|res_65_V_out_din      | out |    16|   ap_fifo  |                    res_65_V_out                   |    pointer   |
|res_65_V_out_full_n   |  in |     1|   ap_fifo  |                    res_65_V_out                   |    pointer   |
|res_65_V_out_write    | out |     1|   ap_fifo  |                    res_65_V_out                   |    pointer   |
|res_66_V_out_din      | out |    16|   ap_fifo  |                    res_66_V_out                   |    pointer   |
|res_66_V_out_full_n   |  in |     1|   ap_fifo  |                    res_66_V_out                   |    pointer   |
|res_66_V_out_write    | out |     1|   ap_fifo  |                    res_66_V_out                   |    pointer   |
|res_67_V_out_din      | out |    16|   ap_fifo  |                    res_67_V_out                   |    pointer   |
|res_67_V_out_full_n   |  in |     1|   ap_fifo  |                    res_67_V_out                   |    pointer   |
|res_67_V_out_write    | out |     1|   ap_fifo  |                    res_67_V_out                   |    pointer   |
|res_68_V_out_din      | out |    16|   ap_fifo  |                    res_68_V_out                   |    pointer   |
|res_68_V_out_full_n   |  in |     1|   ap_fifo  |                    res_68_V_out                   |    pointer   |
|res_68_V_out_write    | out |     1|   ap_fifo  |                    res_68_V_out                   |    pointer   |
|res_69_V_out_din      | out |    16|   ap_fifo  |                    res_69_V_out                   |    pointer   |
|res_69_V_out_full_n   |  in |     1|   ap_fifo  |                    res_69_V_out                   |    pointer   |
|res_69_V_out_write    | out |     1|   ap_fifo  |                    res_69_V_out                   |    pointer   |
|res_70_V_out_din      | out |    16|   ap_fifo  |                    res_70_V_out                   |    pointer   |
|res_70_V_out_full_n   |  in |     1|   ap_fifo  |                    res_70_V_out                   |    pointer   |
|res_70_V_out_write    | out |     1|   ap_fifo  |                    res_70_V_out                   |    pointer   |
|res_71_V_out_din      | out |    16|   ap_fifo  |                    res_71_V_out                   |    pointer   |
|res_71_V_out_full_n   |  in |     1|   ap_fifo  |                    res_71_V_out                   |    pointer   |
|res_71_V_out_write    | out |     1|   ap_fifo  |                    res_71_V_out                   |    pointer   |
|res_72_V_out_din      | out |    16|   ap_fifo  |                    res_72_V_out                   |    pointer   |
|res_72_V_out_full_n   |  in |     1|   ap_fifo  |                    res_72_V_out                   |    pointer   |
|res_72_V_out_write    | out |     1|   ap_fifo  |                    res_72_V_out                   |    pointer   |
|res_73_V_out_din      | out |    16|   ap_fifo  |                    res_73_V_out                   |    pointer   |
|res_73_V_out_full_n   |  in |     1|   ap_fifo  |                    res_73_V_out                   |    pointer   |
|res_73_V_out_write    | out |     1|   ap_fifo  |                    res_73_V_out                   |    pointer   |
|res_74_V_out_din      | out |    16|   ap_fifo  |                    res_74_V_out                   |    pointer   |
|res_74_V_out_full_n   |  in |     1|   ap_fifo  |                    res_74_V_out                   |    pointer   |
|res_74_V_out_write    | out |     1|   ap_fifo  |                    res_74_V_out                   |    pointer   |
|res_75_V_out_din      | out |    16|   ap_fifo  |                    res_75_V_out                   |    pointer   |
|res_75_V_out_full_n   |  in |     1|   ap_fifo  |                    res_75_V_out                   |    pointer   |
|res_75_V_out_write    | out |     1|   ap_fifo  |                    res_75_V_out                   |    pointer   |
|res_76_V_out_din      | out |    16|   ap_fifo  |                    res_76_V_out                   |    pointer   |
|res_76_V_out_full_n   |  in |     1|   ap_fifo  |                    res_76_V_out                   |    pointer   |
|res_76_V_out_write    | out |     1|   ap_fifo  |                    res_76_V_out                   |    pointer   |
|res_77_V_out_din      | out |    16|   ap_fifo  |                    res_77_V_out                   |    pointer   |
|res_77_V_out_full_n   |  in |     1|   ap_fifo  |                    res_77_V_out                   |    pointer   |
|res_77_V_out_write    | out |     1|   ap_fifo  |                    res_77_V_out                   |    pointer   |
|res_78_V_out_din      | out |    16|   ap_fifo  |                    res_78_V_out                   |    pointer   |
|res_78_V_out_full_n   |  in |     1|   ap_fifo  |                    res_78_V_out                   |    pointer   |
|res_78_V_out_write    | out |     1|   ap_fifo  |                    res_78_V_out                   |    pointer   |
|res_79_V_out_din      | out |    16|   ap_fifo  |                    res_79_V_out                   |    pointer   |
|res_79_V_out_full_n   |  in |     1|   ap_fifo  |                    res_79_V_out                   |    pointer   |
|res_79_V_out_write    | out |     1|   ap_fifo  |                    res_79_V_out                   |    pointer   |
|res_80_V_out_din      | out |    16|   ap_fifo  |                    res_80_V_out                   |    pointer   |
|res_80_V_out_full_n   |  in |     1|   ap_fifo  |                    res_80_V_out                   |    pointer   |
|res_80_V_out_write    | out |     1|   ap_fifo  |                    res_80_V_out                   |    pointer   |
|res_81_V_out_din      | out |    16|   ap_fifo  |                    res_81_V_out                   |    pointer   |
|res_81_V_out_full_n   |  in |     1|   ap_fifo  |                    res_81_V_out                   |    pointer   |
|res_81_V_out_write    | out |     1|   ap_fifo  |                    res_81_V_out                   |    pointer   |
|res_82_V_out_din      | out |    16|   ap_fifo  |                    res_82_V_out                   |    pointer   |
|res_82_V_out_full_n   |  in |     1|   ap_fifo  |                    res_82_V_out                   |    pointer   |
|res_82_V_out_write    | out |     1|   ap_fifo  |                    res_82_V_out                   |    pointer   |
|res_83_V_out_din      | out |    16|   ap_fifo  |                    res_83_V_out                   |    pointer   |
|res_83_V_out_full_n   |  in |     1|   ap_fifo  |                    res_83_V_out                   |    pointer   |
|res_83_V_out_write    | out |     1|   ap_fifo  |                    res_83_V_out                   |    pointer   |
|res_84_V_out_din      | out |    16|   ap_fifo  |                    res_84_V_out                   |    pointer   |
|res_84_V_out_full_n   |  in |     1|   ap_fifo  |                    res_84_V_out                   |    pointer   |
|res_84_V_out_write    | out |     1|   ap_fifo  |                    res_84_V_out                   |    pointer   |
|res_85_V_out_din      | out |    16|   ap_fifo  |                    res_85_V_out                   |    pointer   |
|res_85_V_out_full_n   |  in |     1|   ap_fifo  |                    res_85_V_out                   |    pointer   |
|res_85_V_out_write    | out |     1|   ap_fifo  |                    res_85_V_out                   |    pointer   |
|res_86_V_out_din      | out |    16|   ap_fifo  |                    res_86_V_out                   |    pointer   |
|res_86_V_out_full_n   |  in |     1|   ap_fifo  |                    res_86_V_out                   |    pointer   |
|res_86_V_out_write    | out |     1|   ap_fifo  |                    res_86_V_out                   |    pointer   |
|res_87_V_out_din      | out |    16|   ap_fifo  |                    res_87_V_out                   |    pointer   |
|res_87_V_out_full_n   |  in |     1|   ap_fifo  |                    res_87_V_out                   |    pointer   |
|res_87_V_out_write    | out |     1|   ap_fifo  |                    res_87_V_out                   |    pointer   |
|res_88_V_out_din      | out |    16|   ap_fifo  |                    res_88_V_out                   |    pointer   |
|res_88_V_out_full_n   |  in |     1|   ap_fifo  |                    res_88_V_out                   |    pointer   |
|res_88_V_out_write    | out |     1|   ap_fifo  |                    res_88_V_out                   |    pointer   |
|res_89_V_out_din      | out |    16|   ap_fifo  |                    res_89_V_out                   |    pointer   |
|res_89_V_out_full_n   |  in |     1|   ap_fifo  |                    res_89_V_out                   |    pointer   |
|res_89_V_out_write    | out |     1|   ap_fifo  |                    res_89_V_out                   |    pointer   |
|res_90_V_out_din      | out |    16|   ap_fifo  |                    res_90_V_out                   |    pointer   |
|res_90_V_out_full_n   |  in |     1|   ap_fifo  |                    res_90_V_out                   |    pointer   |
|res_90_V_out_write    | out |     1|   ap_fifo  |                    res_90_V_out                   |    pointer   |
|res_91_V_out_din      | out |    16|   ap_fifo  |                    res_91_V_out                   |    pointer   |
|res_91_V_out_full_n   |  in |     1|   ap_fifo  |                    res_91_V_out                   |    pointer   |
|res_91_V_out_write    | out |     1|   ap_fifo  |                    res_91_V_out                   |    pointer   |
|res_92_V_out_din      | out |    16|   ap_fifo  |                    res_92_V_out                   |    pointer   |
|res_92_V_out_full_n   |  in |     1|   ap_fifo  |                    res_92_V_out                   |    pointer   |
|res_92_V_out_write    | out |     1|   ap_fifo  |                    res_92_V_out                   |    pointer   |
|res_93_V_out_din      | out |    16|   ap_fifo  |                    res_93_V_out                   |    pointer   |
|res_93_V_out_full_n   |  in |     1|   ap_fifo  |                    res_93_V_out                   |    pointer   |
|res_93_V_out_write    | out |     1|   ap_fifo  |                    res_93_V_out                   |    pointer   |
|res_94_V_out_din      | out |    16|   ap_fifo  |                    res_94_V_out                   |    pointer   |
|res_94_V_out_full_n   |  in |     1|   ap_fifo  |                    res_94_V_out                   |    pointer   |
|res_94_V_out_write    | out |     1|   ap_fifo  |                    res_94_V_out                   |    pointer   |
|res_95_V_out_din      | out |    16|   ap_fifo  |                    res_95_V_out                   |    pointer   |
|res_95_V_out_full_n   |  in |     1|   ap_fifo  |                    res_95_V_out                   |    pointer   |
|res_95_V_out_write    | out |     1|   ap_fifo  |                    res_95_V_out                   |    pointer   |
|res_96_V_out_din      | out |    16|   ap_fifo  |                    res_96_V_out                   |    pointer   |
|res_96_V_out_full_n   |  in |     1|   ap_fifo  |                    res_96_V_out                   |    pointer   |
|res_96_V_out_write    | out |     1|   ap_fifo  |                    res_96_V_out                   |    pointer   |
|res_97_V_out_din      | out |    16|   ap_fifo  |                    res_97_V_out                   |    pointer   |
|res_97_V_out_full_n   |  in |     1|   ap_fifo  |                    res_97_V_out                   |    pointer   |
|res_97_V_out_write    | out |     1|   ap_fifo  |                    res_97_V_out                   |    pointer   |
|res_98_V_out_din      | out |    16|   ap_fifo  |                    res_98_V_out                   |    pointer   |
|res_98_V_out_full_n   |  in |     1|   ap_fifo  |                    res_98_V_out                   |    pointer   |
|res_98_V_out_write    | out |     1|   ap_fifo  |                    res_98_V_out                   |    pointer   |
|res_99_V_out_din      | out |    16|   ap_fifo  |                    res_99_V_out                   |    pointer   |
|res_99_V_out_full_n   |  in |     1|   ap_fifo  |                    res_99_V_out                   |    pointer   |
|res_99_V_out_write    | out |     1|   ap_fifo  |                    res_99_V_out                   |    pointer   |
|res_100_V_out_din     | out |    16|   ap_fifo  |                   res_100_V_out                   |    pointer   |
|res_100_V_out_full_n  |  in |     1|   ap_fifo  |                   res_100_V_out                   |    pointer   |
|res_100_V_out_write   | out |     1|   ap_fifo  |                   res_100_V_out                   |    pointer   |
|res_101_V_out_din     | out |    16|   ap_fifo  |                   res_101_V_out                   |    pointer   |
|res_101_V_out_full_n  |  in |     1|   ap_fifo  |                   res_101_V_out                   |    pointer   |
|res_101_V_out_write   | out |     1|   ap_fifo  |                   res_101_V_out                   |    pointer   |
|res_102_V_out_din     | out |    16|   ap_fifo  |                   res_102_V_out                   |    pointer   |
|res_102_V_out_full_n  |  in |     1|   ap_fifo  |                   res_102_V_out                   |    pointer   |
|res_102_V_out_write   | out |     1|   ap_fifo  |                   res_102_V_out                   |    pointer   |
|res_103_V_out_din     | out |    16|   ap_fifo  |                   res_103_V_out                   |    pointer   |
|res_103_V_out_full_n  |  in |     1|   ap_fifo  |                   res_103_V_out                   |    pointer   |
|res_103_V_out_write   | out |     1|   ap_fifo  |                   res_103_V_out                   |    pointer   |
|res_104_V_out_din     | out |    16|   ap_fifo  |                   res_104_V_out                   |    pointer   |
|res_104_V_out_full_n  |  in |     1|   ap_fifo  |                   res_104_V_out                   |    pointer   |
|res_104_V_out_write   | out |     1|   ap_fifo  |                   res_104_V_out                   |    pointer   |
|res_105_V_out_din     | out |    16|   ap_fifo  |                   res_105_V_out                   |    pointer   |
|res_105_V_out_full_n  |  in |     1|   ap_fifo  |                   res_105_V_out                   |    pointer   |
|res_105_V_out_write   | out |     1|   ap_fifo  |                   res_105_V_out                   |    pointer   |
|res_106_V_out_din     | out |    16|   ap_fifo  |                   res_106_V_out                   |    pointer   |
|res_106_V_out_full_n  |  in |     1|   ap_fifo  |                   res_106_V_out                   |    pointer   |
|res_106_V_out_write   | out |     1|   ap_fifo  |                   res_106_V_out                   |    pointer   |
|res_107_V_out_din     | out |    16|   ap_fifo  |                   res_107_V_out                   |    pointer   |
|res_107_V_out_full_n  |  in |     1|   ap_fifo  |                   res_107_V_out                   |    pointer   |
|res_107_V_out_write   | out |     1|   ap_fifo  |                   res_107_V_out                   |    pointer   |
|res_108_V_out_din     | out |    16|   ap_fifo  |                   res_108_V_out                   |    pointer   |
|res_108_V_out_full_n  |  in |     1|   ap_fifo  |                   res_108_V_out                   |    pointer   |
|res_108_V_out_write   | out |     1|   ap_fifo  |                   res_108_V_out                   |    pointer   |
|res_109_V_out_din     | out |    16|   ap_fifo  |                   res_109_V_out                   |    pointer   |
|res_109_V_out_full_n  |  in |     1|   ap_fifo  |                   res_109_V_out                   |    pointer   |
|res_109_V_out_write   | out |     1|   ap_fifo  |                   res_109_V_out                   |    pointer   |
|res_110_V_out_din     | out |    16|   ap_fifo  |                   res_110_V_out                   |    pointer   |
|res_110_V_out_full_n  |  in |     1|   ap_fifo  |                   res_110_V_out                   |    pointer   |
|res_110_V_out_write   | out |     1|   ap_fifo  |                   res_110_V_out                   |    pointer   |
|res_111_V_out_din     | out |    16|   ap_fifo  |                   res_111_V_out                   |    pointer   |
|res_111_V_out_full_n  |  in |     1|   ap_fifo  |                   res_111_V_out                   |    pointer   |
|res_111_V_out_write   | out |     1|   ap_fifo  |                   res_111_V_out                   |    pointer   |
|res_112_V_out_din     | out |    16|   ap_fifo  |                   res_112_V_out                   |    pointer   |
|res_112_V_out_full_n  |  in |     1|   ap_fifo  |                   res_112_V_out                   |    pointer   |
|res_112_V_out_write   | out |     1|   ap_fifo  |                   res_112_V_out                   |    pointer   |
|res_113_V_out_din     | out |    16|   ap_fifo  |                   res_113_V_out                   |    pointer   |
|res_113_V_out_full_n  |  in |     1|   ap_fifo  |                   res_113_V_out                   |    pointer   |
|res_113_V_out_write   | out |     1|   ap_fifo  |                   res_113_V_out                   |    pointer   |
|res_114_V_out_din     | out |    16|   ap_fifo  |                   res_114_V_out                   |    pointer   |
|res_114_V_out_full_n  |  in |     1|   ap_fifo  |                   res_114_V_out                   |    pointer   |
|res_114_V_out_write   | out |     1|   ap_fifo  |                   res_114_V_out                   |    pointer   |
|res_115_V_out_din     | out |    16|   ap_fifo  |                   res_115_V_out                   |    pointer   |
|res_115_V_out_full_n  |  in |     1|   ap_fifo  |                   res_115_V_out                   |    pointer   |
|res_115_V_out_write   | out |     1|   ap_fifo  |                   res_115_V_out                   |    pointer   |
|res_116_V_out_din     | out |    16|   ap_fifo  |                   res_116_V_out                   |    pointer   |
|res_116_V_out_full_n  |  in |     1|   ap_fifo  |                   res_116_V_out                   |    pointer   |
|res_116_V_out_write   | out |     1|   ap_fifo  |                   res_116_V_out                   |    pointer   |
|res_117_V_out_din     | out |    16|   ap_fifo  |                   res_117_V_out                   |    pointer   |
|res_117_V_out_full_n  |  in |     1|   ap_fifo  |                   res_117_V_out                   |    pointer   |
|res_117_V_out_write   | out |     1|   ap_fifo  |                   res_117_V_out                   |    pointer   |
|res_118_V_out_din     | out |    16|   ap_fifo  |                   res_118_V_out                   |    pointer   |
|res_118_V_out_full_n  |  in |     1|   ap_fifo  |                   res_118_V_out                   |    pointer   |
|res_118_V_out_write   | out |     1|   ap_fifo  |                   res_118_V_out                   |    pointer   |
|res_119_V_out_din     | out |    16|   ap_fifo  |                   res_119_V_out                   |    pointer   |
|res_119_V_out_full_n  |  in |     1|   ap_fifo  |                   res_119_V_out                   |    pointer   |
|res_119_V_out_write   | out |     1|   ap_fifo  |                   res_119_V_out                   |    pointer   |
|res_120_V_out_din     | out |    16|   ap_fifo  |                   res_120_V_out                   |    pointer   |
|res_120_V_out_full_n  |  in |     1|   ap_fifo  |                   res_120_V_out                   |    pointer   |
|res_120_V_out_write   | out |     1|   ap_fifo  |                   res_120_V_out                   |    pointer   |
|res_121_V_out_din     | out |    16|   ap_fifo  |                   res_121_V_out                   |    pointer   |
|res_121_V_out_full_n  |  in |     1|   ap_fifo  |                   res_121_V_out                   |    pointer   |
|res_121_V_out_write   | out |     1|   ap_fifo  |                   res_121_V_out                   |    pointer   |
|res_122_V_out_din     | out |    16|   ap_fifo  |                   res_122_V_out                   |    pointer   |
|res_122_V_out_full_n  |  in |     1|   ap_fifo  |                   res_122_V_out                   |    pointer   |
|res_122_V_out_write   | out |     1|   ap_fifo  |                   res_122_V_out                   |    pointer   |
|res_123_V_out_din     | out |    16|   ap_fifo  |                   res_123_V_out                   |    pointer   |
|res_123_V_out_full_n  |  in |     1|   ap_fifo  |                   res_123_V_out                   |    pointer   |
|res_123_V_out_write   | out |     1|   ap_fifo  |                   res_123_V_out                   |    pointer   |
|res_124_V_out_din     | out |    16|   ap_fifo  |                   res_124_V_out                   |    pointer   |
|res_124_V_out_full_n  |  in |     1|   ap_fifo  |                   res_124_V_out                   |    pointer   |
|res_124_V_out_write   | out |     1|   ap_fifo  |                   res_124_V_out                   |    pointer   |
|res_125_V_out_din     | out |    16|   ap_fifo  |                   res_125_V_out                   |    pointer   |
|res_125_V_out_full_n  |  in |     1|   ap_fifo  |                   res_125_V_out                   |    pointer   |
|res_125_V_out_write   | out |     1|   ap_fifo  |                   res_125_V_out                   |    pointer   |
|res_126_V_out_din     | out |    16|   ap_fifo  |                   res_126_V_out                   |    pointer   |
|res_126_V_out_full_n  |  in |     1|   ap_fifo  |                   res_126_V_out                   |    pointer   |
|res_126_V_out_write   | out |     1|   ap_fifo  |                   res_126_V_out                   |    pointer   |
|res_127_V_out_din     | out |    16|   ap_fifo  |                   res_127_V_out                   |    pointer   |
|res_127_V_out_full_n  |  in |     1|   ap_fifo  |                   res_127_V_out                   |    pointer   |
|res_127_V_out_write   | out |     1|   ap_fifo  |                   res_127_V_out                   |    pointer   |
|res_128_V_out_din     | out |    16|   ap_fifo  |                   res_128_V_out                   |    pointer   |
|res_128_V_out_full_n  |  in |     1|   ap_fifo  |                   res_128_V_out                   |    pointer   |
|res_128_V_out_write   | out |     1|   ap_fifo  |                   res_128_V_out                   |    pointer   |
|res_129_V_out_din     | out |    16|   ap_fifo  |                   res_129_V_out                   |    pointer   |
|res_129_V_out_full_n  |  in |     1|   ap_fifo  |                   res_129_V_out                   |    pointer   |
|res_129_V_out_write   | out |     1|   ap_fifo  |                   res_129_V_out                   |    pointer   |
|res_130_V_out_din     | out |    16|   ap_fifo  |                   res_130_V_out                   |    pointer   |
|res_130_V_out_full_n  |  in |     1|   ap_fifo  |                   res_130_V_out                   |    pointer   |
|res_130_V_out_write   | out |     1|   ap_fifo  |                   res_130_V_out                   |    pointer   |
|res_131_V_out_din     | out |    16|   ap_fifo  |                   res_131_V_out                   |    pointer   |
|res_131_V_out_full_n  |  in |     1|   ap_fifo  |                   res_131_V_out                   |    pointer   |
|res_131_V_out_write   | out |     1|   ap_fifo  |                   res_131_V_out                   |    pointer   |
|res_132_V_out_din     | out |    16|   ap_fifo  |                   res_132_V_out                   |    pointer   |
|res_132_V_out_full_n  |  in |     1|   ap_fifo  |                   res_132_V_out                   |    pointer   |
|res_132_V_out_write   | out |     1|   ap_fifo  |                   res_132_V_out                   |    pointer   |
|res_133_V_out_din     | out |    16|   ap_fifo  |                   res_133_V_out                   |    pointer   |
|res_133_V_out_full_n  |  in |     1|   ap_fifo  |                   res_133_V_out                   |    pointer   |
|res_133_V_out_write   | out |     1|   ap_fifo  |                   res_133_V_out                   |    pointer   |
|res_134_V_out_din     | out |    16|   ap_fifo  |                   res_134_V_out                   |    pointer   |
|res_134_V_out_full_n  |  in |     1|   ap_fifo  |                   res_134_V_out                   |    pointer   |
|res_134_V_out_write   | out |     1|   ap_fifo  |                   res_134_V_out                   |    pointer   |
|res_135_V_out_din     | out |    16|   ap_fifo  |                   res_135_V_out                   |    pointer   |
|res_135_V_out_full_n  |  in |     1|   ap_fifo  |                   res_135_V_out                   |    pointer   |
|res_135_V_out_write   | out |     1|   ap_fifo  |                   res_135_V_out                   |    pointer   |
|res_136_V_out_din     | out |    16|   ap_fifo  |                   res_136_V_out                   |    pointer   |
|res_136_V_out_full_n  |  in |     1|   ap_fifo  |                   res_136_V_out                   |    pointer   |
|res_136_V_out_write   | out |     1|   ap_fifo  |                   res_136_V_out                   |    pointer   |
|res_137_V_out_din     | out |    16|   ap_fifo  |                   res_137_V_out                   |    pointer   |
|res_137_V_out_full_n  |  in |     1|   ap_fifo  |                   res_137_V_out                   |    pointer   |
|res_137_V_out_write   | out |     1|   ap_fifo  |                   res_137_V_out                   |    pointer   |
|res_138_V_out_din     | out |    16|   ap_fifo  |                   res_138_V_out                   |    pointer   |
|res_138_V_out_full_n  |  in |     1|   ap_fifo  |                   res_138_V_out                   |    pointer   |
|res_138_V_out_write   | out |     1|   ap_fifo  |                   res_138_V_out                   |    pointer   |
|res_139_V_out_din     | out |    16|   ap_fifo  |                   res_139_V_out                   |    pointer   |
|res_139_V_out_full_n  |  in |     1|   ap_fifo  |                   res_139_V_out                   |    pointer   |
|res_139_V_out_write   | out |     1|   ap_fifo  |                   res_139_V_out                   |    pointer   |
|res_140_V_out_din     | out |    16|   ap_fifo  |                   res_140_V_out                   |    pointer   |
|res_140_V_out_full_n  |  in |     1|   ap_fifo  |                   res_140_V_out                   |    pointer   |
|res_140_V_out_write   | out |     1|   ap_fifo  |                   res_140_V_out                   |    pointer   |
|res_141_V_out_din     | out |    16|   ap_fifo  |                   res_141_V_out                   |    pointer   |
|res_141_V_out_full_n  |  in |     1|   ap_fifo  |                   res_141_V_out                   |    pointer   |
|res_141_V_out_write   | out |     1|   ap_fifo  |                   res_141_V_out                   |    pointer   |
|res_142_V_out_din     | out |    16|   ap_fifo  |                   res_142_V_out                   |    pointer   |
|res_142_V_out_full_n  |  in |     1|   ap_fifo  |                   res_142_V_out                   |    pointer   |
|res_142_V_out_write   | out |     1|   ap_fifo  |                   res_142_V_out                   |    pointer   |
|res_143_V_out_din     | out |    16|   ap_fifo  |                   res_143_V_out                   |    pointer   |
|res_143_V_out_full_n  |  in |     1|   ap_fifo  |                   res_143_V_out                   |    pointer   |
|res_143_V_out_write   | out |     1|   ap_fifo  |                   res_143_V_out                   |    pointer   |
|res_144_V_out_din     | out |    16|   ap_fifo  |                   res_144_V_out                   |    pointer   |
|res_144_V_out_full_n  |  in |     1|   ap_fifo  |                   res_144_V_out                   |    pointer   |
|res_144_V_out_write   | out |     1|   ap_fifo  |                   res_144_V_out                   |    pointer   |
|res_145_V_out_din     | out |    16|   ap_fifo  |                   res_145_V_out                   |    pointer   |
|res_145_V_out_full_n  |  in |     1|   ap_fifo  |                   res_145_V_out                   |    pointer   |
|res_145_V_out_write   | out |     1|   ap_fifo  |                   res_145_V_out                   |    pointer   |
|res_146_V_out_din     | out |    16|   ap_fifo  |                   res_146_V_out                   |    pointer   |
|res_146_V_out_full_n  |  in |     1|   ap_fifo  |                   res_146_V_out                   |    pointer   |
|res_146_V_out_write   | out |     1|   ap_fifo  |                   res_146_V_out                   |    pointer   |
|res_147_V_out_din     | out |    16|   ap_fifo  |                   res_147_V_out                   |    pointer   |
|res_147_V_out_full_n  |  in |     1|   ap_fifo  |                   res_147_V_out                   |    pointer   |
|res_147_V_out_write   | out |     1|   ap_fifo  |                   res_147_V_out                   |    pointer   |
|res_148_V_out_din     | out |    16|   ap_fifo  |                   res_148_V_out                   |    pointer   |
|res_148_V_out_full_n  |  in |     1|   ap_fifo  |                   res_148_V_out                   |    pointer   |
|res_148_V_out_write   | out |     1|   ap_fifo  |                   res_148_V_out                   |    pointer   |
|res_149_V_out_din     | out |    16|   ap_fifo  |                   res_149_V_out                   |    pointer   |
|res_149_V_out_full_n  |  in |     1|   ap_fifo  |                   res_149_V_out                   |    pointer   |
|res_149_V_out_write   | out |     1|   ap_fifo  |                   res_149_V_out                   |    pointer   |
|res_150_V_out_din     | out |    16|   ap_fifo  |                   res_150_V_out                   |    pointer   |
|res_150_V_out_full_n  |  in |     1|   ap_fifo  |                   res_150_V_out                   |    pointer   |
|res_150_V_out_write   | out |     1|   ap_fifo  |                   res_150_V_out                   |    pointer   |
|res_151_V_out_din     | out |    16|   ap_fifo  |                   res_151_V_out                   |    pointer   |
|res_151_V_out_full_n  |  in |     1|   ap_fifo  |                   res_151_V_out                   |    pointer   |
|res_151_V_out_write   | out |     1|   ap_fifo  |                   res_151_V_out                   |    pointer   |
|res_152_V_out_din     | out |    16|   ap_fifo  |                   res_152_V_out                   |    pointer   |
|res_152_V_out_full_n  |  in |     1|   ap_fifo  |                   res_152_V_out                   |    pointer   |
|res_152_V_out_write   | out |     1|   ap_fifo  |                   res_152_V_out                   |    pointer   |
|res_153_V_out_din     | out |    16|   ap_fifo  |                   res_153_V_out                   |    pointer   |
|res_153_V_out_full_n  |  in |     1|   ap_fifo  |                   res_153_V_out                   |    pointer   |
|res_153_V_out_write   | out |     1|   ap_fifo  |                   res_153_V_out                   |    pointer   |
|res_154_V_out_din     | out |    16|   ap_fifo  |                   res_154_V_out                   |    pointer   |
|res_154_V_out_full_n  |  in |     1|   ap_fifo  |                   res_154_V_out                   |    pointer   |
|res_154_V_out_write   | out |     1|   ap_fifo  |                   res_154_V_out                   |    pointer   |
|res_155_V_out_din     | out |    16|   ap_fifo  |                   res_155_V_out                   |    pointer   |
|res_155_V_out_full_n  |  in |     1|   ap_fifo  |                   res_155_V_out                   |    pointer   |
|res_155_V_out_write   | out |     1|   ap_fifo  |                   res_155_V_out                   |    pointer   |
|res_156_V_out_din     | out |    16|   ap_fifo  |                   res_156_V_out                   |    pointer   |
|res_156_V_out_full_n  |  in |     1|   ap_fifo  |                   res_156_V_out                   |    pointer   |
|res_156_V_out_write   | out |     1|   ap_fifo  |                   res_156_V_out                   |    pointer   |
|res_157_V_out_din     | out |    16|   ap_fifo  |                   res_157_V_out                   |    pointer   |
|res_157_V_out_full_n  |  in |     1|   ap_fifo  |                   res_157_V_out                   |    pointer   |
|res_157_V_out_write   | out |     1|   ap_fifo  |                   res_157_V_out                   |    pointer   |
|res_158_V_out_din     | out |    16|   ap_fifo  |                   res_158_V_out                   |    pointer   |
|res_158_V_out_full_n  |  in |     1|   ap_fifo  |                   res_158_V_out                   |    pointer   |
|res_158_V_out_write   | out |     1|   ap_fifo  |                   res_158_V_out                   |    pointer   |
|res_159_V_out_din     | out |    16|   ap_fifo  |                   res_159_V_out                   |    pointer   |
|res_159_V_out_full_n  |  in |     1|   ap_fifo  |                   res_159_V_out                   |    pointer   |
|res_159_V_out_write   | out |     1|   ap_fifo  |                   res_159_V_out                   |    pointer   |
|res_160_V_out_din     | out |    16|   ap_fifo  |                   res_160_V_out                   |    pointer   |
|res_160_V_out_full_n  |  in |     1|   ap_fifo  |                   res_160_V_out                   |    pointer   |
|res_160_V_out_write   | out |     1|   ap_fifo  |                   res_160_V_out                   |    pointer   |
|res_161_V_out_din     | out |    16|   ap_fifo  |                   res_161_V_out                   |    pointer   |
|res_161_V_out_full_n  |  in |     1|   ap_fifo  |                   res_161_V_out                   |    pointer   |
|res_161_V_out_write   | out |     1|   ap_fifo  |                   res_161_V_out                   |    pointer   |
|res_162_V_out_din     | out |    16|   ap_fifo  |                   res_162_V_out                   |    pointer   |
|res_162_V_out_full_n  |  in |     1|   ap_fifo  |                   res_162_V_out                   |    pointer   |
|res_162_V_out_write   | out |     1|   ap_fifo  |                   res_162_V_out                   |    pointer   |
|res_163_V_out_din     | out |    16|   ap_fifo  |                   res_163_V_out                   |    pointer   |
|res_163_V_out_full_n  |  in |     1|   ap_fifo  |                   res_163_V_out                   |    pointer   |
|res_163_V_out_write   | out |     1|   ap_fifo  |                   res_163_V_out                   |    pointer   |
|res_164_V_out_din     | out |    16|   ap_fifo  |                   res_164_V_out                   |    pointer   |
|res_164_V_out_full_n  |  in |     1|   ap_fifo  |                   res_164_V_out                   |    pointer   |
|res_164_V_out_write   | out |     1|   ap_fifo  |                   res_164_V_out                   |    pointer   |
|res_165_V_out_din     | out |    16|   ap_fifo  |                   res_165_V_out                   |    pointer   |
|res_165_V_out_full_n  |  in |     1|   ap_fifo  |                   res_165_V_out                   |    pointer   |
|res_165_V_out_write   | out |     1|   ap_fifo  |                   res_165_V_out                   |    pointer   |
|res_166_V_out_din     | out |    16|   ap_fifo  |                   res_166_V_out                   |    pointer   |
|res_166_V_out_full_n  |  in |     1|   ap_fifo  |                   res_166_V_out                   |    pointer   |
|res_166_V_out_write   | out |     1|   ap_fifo  |                   res_166_V_out                   |    pointer   |
|res_167_V_out_din     | out |    16|   ap_fifo  |                   res_167_V_out                   |    pointer   |
|res_167_V_out_full_n  |  in |     1|   ap_fifo  |                   res_167_V_out                   |    pointer   |
|res_167_V_out_write   | out |     1|   ap_fifo  |                   res_167_V_out                   |    pointer   |
|res_168_V_out_din     | out |    16|   ap_fifo  |                   res_168_V_out                   |    pointer   |
|res_168_V_out_full_n  |  in |     1|   ap_fifo  |                   res_168_V_out                   |    pointer   |
|res_168_V_out_write   | out |     1|   ap_fifo  |                   res_168_V_out                   |    pointer   |
|res_169_V_out_din     | out |    16|   ap_fifo  |                   res_169_V_out                   |    pointer   |
|res_169_V_out_full_n  |  in |     1|   ap_fifo  |                   res_169_V_out                   |    pointer   |
|res_169_V_out_write   | out |     1|   ap_fifo  |                   res_169_V_out                   |    pointer   |
|res_170_V_out_din     | out |    16|   ap_fifo  |                   res_170_V_out                   |    pointer   |
|res_170_V_out_full_n  |  in |     1|   ap_fifo  |                   res_170_V_out                   |    pointer   |
|res_170_V_out_write   | out |     1|   ap_fifo  |                   res_170_V_out                   |    pointer   |
|res_171_V_out_din     | out |    16|   ap_fifo  |                   res_171_V_out                   |    pointer   |
|res_171_V_out_full_n  |  in |     1|   ap_fifo  |                   res_171_V_out                   |    pointer   |
|res_171_V_out_write   | out |     1|   ap_fifo  |                   res_171_V_out                   |    pointer   |
|res_172_V_out_din     | out |    16|   ap_fifo  |                   res_172_V_out                   |    pointer   |
|res_172_V_out_full_n  |  in |     1|   ap_fifo  |                   res_172_V_out                   |    pointer   |
|res_172_V_out_write   | out |     1|   ap_fifo  |                   res_172_V_out                   |    pointer   |
|res_173_V_out_din     | out |    16|   ap_fifo  |                   res_173_V_out                   |    pointer   |
|res_173_V_out_full_n  |  in |     1|   ap_fifo  |                   res_173_V_out                   |    pointer   |
|res_173_V_out_write   | out |     1|   ap_fifo  |                   res_173_V_out                   |    pointer   |
|res_174_V_out_din     | out |    16|   ap_fifo  |                   res_174_V_out                   |    pointer   |
|res_174_V_out_full_n  |  in |     1|   ap_fifo  |                   res_174_V_out                   |    pointer   |
|res_174_V_out_write   | out |     1|   ap_fifo  |                   res_174_V_out                   |    pointer   |
|res_175_V_out_din     | out |    16|   ap_fifo  |                   res_175_V_out                   |    pointer   |
|res_175_V_out_full_n  |  in |     1|   ap_fifo  |                   res_175_V_out                   |    pointer   |
|res_175_V_out_write   | out |     1|   ap_fifo  |                   res_175_V_out                   |    pointer   |
|res_176_V_out_din     | out |    16|   ap_fifo  |                   res_176_V_out                   |    pointer   |
|res_176_V_out_full_n  |  in |     1|   ap_fifo  |                   res_176_V_out                   |    pointer   |
|res_176_V_out_write   | out |     1|   ap_fifo  |                   res_176_V_out                   |    pointer   |
|res_177_V_out_din     | out |    16|   ap_fifo  |                   res_177_V_out                   |    pointer   |
|res_177_V_out_full_n  |  in |     1|   ap_fifo  |                   res_177_V_out                   |    pointer   |
|res_177_V_out_write   | out |     1|   ap_fifo  |                   res_177_V_out                   |    pointer   |
|res_178_V_out_din     | out |    16|   ap_fifo  |                   res_178_V_out                   |    pointer   |
|res_178_V_out_full_n  |  in |     1|   ap_fifo  |                   res_178_V_out                   |    pointer   |
|res_178_V_out_write   | out |     1|   ap_fifo  |                   res_178_V_out                   |    pointer   |
|res_179_V_out_din     | out |    16|   ap_fifo  |                   res_179_V_out                   |    pointer   |
|res_179_V_out_full_n  |  in |     1|   ap_fifo  |                   res_179_V_out                   |    pointer   |
|res_179_V_out_write   | out |     1|   ap_fifo  |                   res_179_V_out                   |    pointer   |
|res_180_V_out_din     | out |    16|   ap_fifo  |                   res_180_V_out                   |    pointer   |
|res_180_V_out_full_n  |  in |     1|   ap_fifo  |                   res_180_V_out                   |    pointer   |
|res_180_V_out_write   | out |     1|   ap_fifo  |                   res_180_V_out                   |    pointer   |
|res_181_V_out_din     | out |    16|   ap_fifo  |                   res_181_V_out                   |    pointer   |
|res_181_V_out_full_n  |  in |     1|   ap_fifo  |                   res_181_V_out                   |    pointer   |
|res_181_V_out_write   | out |     1|   ap_fifo  |                   res_181_V_out                   |    pointer   |
|res_182_V_out_din     | out |    16|   ap_fifo  |                   res_182_V_out                   |    pointer   |
|res_182_V_out_full_n  |  in |     1|   ap_fifo  |                   res_182_V_out                   |    pointer   |
|res_182_V_out_write   | out |     1|   ap_fifo  |                   res_182_V_out                   |    pointer   |
|res_183_V_out_din     | out |    16|   ap_fifo  |                   res_183_V_out                   |    pointer   |
|res_183_V_out_full_n  |  in |     1|   ap_fifo  |                   res_183_V_out                   |    pointer   |
|res_183_V_out_write   | out |     1|   ap_fifo  |                   res_183_V_out                   |    pointer   |
|res_184_V_out_din     | out |    16|   ap_fifo  |                   res_184_V_out                   |    pointer   |
|res_184_V_out_full_n  |  in |     1|   ap_fifo  |                   res_184_V_out                   |    pointer   |
|res_184_V_out_write   | out |     1|   ap_fifo  |                   res_184_V_out                   |    pointer   |
|res_185_V_out_din     | out |    16|   ap_fifo  |                   res_185_V_out                   |    pointer   |
|res_185_V_out_full_n  |  in |     1|   ap_fifo  |                   res_185_V_out                   |    pointer   |
|res_185_V_out_write   | out |     1|   ap_fifo  |                   res_185_V_out                   |    pointer   |
|res_186_V_out_din     | out |    16|   ap_fifo  |                   res_186_V_out                   |    pointer   |
|res_186_V_out_full_n  |  in |     1|   ap_fifo  |                   res_186_V_out                   |    pointer   |
|res_186_V_out_write   | out |     1|   ap_fifo  |                   res_186_V_out                   |    pointer   |
|res_187_V_out_din     | out |    16|   ap_fifo  |                   res_187_V_out                   |    pointer   |
|res_187_V_out_full_n  |  in |     1|   ap_fifo  |                   res_187_V_out                   |    pointer   |
|res_187_V_out_write   | out |     1|   ap_fifo  |                   res_187_V_out                   |    pointer   |
|res_188_V_out_din     | out |    16|   ap_fifo  |                   res_188_V_out                   |    pointer   |
|res_188_V_out_full_n  |  in |     1|   ap_fifo  |                   res_188_V_out                   |    pointer   |
|res_188_V_out_write   | out |     1|   ap_fifo  |                   res_188_V_out                   |    pointer   |
|res_189_V_out_din     | out |    16|   ap_fifo  |                   res_189_V_out                   |    pointer   |
|res_189_V_out_full_n  |  in |     1|   ap_fifo  |                   res_189_V_out                   |    pointer   |
|res_189_V_out_write   | out |     1|   ap_fifo  |                   res_189_V_out                   |    pointer   |
|res_190_V_out_din     | out |    16|   ap_fifo  |                   res_190_V_out                   |    pointer   |
|res_190_V_out_full_n  |  in |     1|   ap_fifo  |                   res_190_V_out                   |    pointer   |
|res_190_V_out_write   | out |     1|   ap_fifo  |                   res_190_V_out                   |    pointer   |
|res_191_V_out_din     | out |    16|   ap_fifo  |                   res_191_V_out                   |    pointer   |
|res_191_V_out_full_n  |  in |     1|   ap_fifo  |                   res_191_V_out                   |    pointer   |
|res_191_V_out_write   | out |     1|   ap_fifo  |                   res_191_V_out                   |    pointer   |
|res_192_V_out_din     | out |    16|   ap_fifo  |                   res_192_V_out                   |    pointer   |
|res_192_V_out_full_n  |  in |     1|   ap_fifo  |                   res_192_V_out                   |    pointer   |
|res_192_V_out_write   | out |     1|   ap_fifo  |                   res_192_V_out                   |    pointer   |
|res_193_V_out_din     | out |    16|   ap_fifo  |                   res_193_V_out                   |    pointer   |
|res_193_V_out_full_n  |  in |     1|   ap_fifo  |                   res_193_V_out                   |    pointer   |
|res_193_V_out_write   | out |     1|   ap_fifo  |                   res_193_V_out                   |    pointer   |
|res_194_V_out_din     | out |    16|   ap_fifo  |                   res_194_V_out                   |    pointer   |
|res_194_V_out_full_n  |  in |     1|   ap_fifo  |                   res_194_V_out                   |    pointer   |
|res_194_V_out_write   | out |     1|   ap_fifo  |                   res_194_V_out                   |    pointer   |
|res_195_V_out_din     | out |    16|   ap_fifo  |                   res_195_V_out                   |    pointer   |
|res_195_V_out_full_n  |  in |     1|   ap_fifo  |                   res_195_V_out                   |    pointer   |
|res_195_V_out_write   | out |     1|   ap_fifo  |                   res_195_V_out                   |    pointer   |
|res_196_V_out_din     | out |    16|   ap_fifo  |                   res_196_V_out                   |    pointer   |
|res_196_V_out_full_n  |  in |     1|   ap_fifo  |                   res_196_V_out                   |    pointer   |
|res_196_V_out_write   | out |     1|   ap_fifo  |                   res_196_V_out                   |    pointer   |
|res_197_V_out_din     | out |    16|   ap_fifo  |                   res_197_V_out                   |    pointer   |
|res_197_V_out_full_n  |  in |     1|   ap_fifo  |                   res_197_V_out                   |    pointer   |
|res_197_V_out_write   | out |     1|   ap_fifo  |                   res_197_V_out                   |    pointer   |
|res_198_V_out_din     | out |    16|   ap_fifo  |                   res_198_V_out                   |    pointer   |
|res_198_V_out_full_n  |  in |     1|   ap_fifo  |                   res_198_V_out                   |    pointer   |
|res_198_V_out_write   | out |     1|   ap_fifo  |                   res_198_V_out                   |    pointer   |
|res_199_V_out_din     | out |    16|   ap_fifo  |                   res_199_V_out                   |    pointer   |
|res_199_V_out_full_n  |  in |     1|   ap_fifo  |                   res_199_V_out                   |    pointer   |
|res_199_V_out_write   | out |     1|   ap_fifo  |                   res_199_V_out                   |    pointer   |
+----------------------+-----+------+------------+---------------------------------------------------+--------------+

