

================================================================
== Vivado HLS Report for 'dense_resource_ap_fixed_ap_fixed_config2_mult_s'
================================================================
* Date:           Fri Jun  3 16:16:49 2022

* Version:        2019.1 (Build 2552052 on Fri May 24 15:28:33 MDT 2019)
* Project:        myproject_prj
* Solution:       solution1
* Product family: virtexuplus
* Target device:  xcvu9p-flgb2104-2-i


================================================================
== Performance Estimates
================================================================
+ Timing (ns): 
    * Summary: 
    +--------+-------+----------+------------+
    |  Clock | Target| Estimated| Uncertainty|
    +--------+-------+----------+------------+
    |ap_clk  |   5.00|     3.816|        0.62|
    +--------+-------+----------+------------+

+ Latency (clock cycles): 
    * Summary: 
    +-----+-----+-----+-----+----------+
    |  Latency  |  Interval | Pipeline |
    | min | max | min | max |   Type   |
    +-----+-----+-----+-----+----------+
    |    1|    1|    1|    1| function |
    +-----+-----+-----+-----+----------+

    + Detail: 
        * Instance: 
        N/A

        * Loop: 
        N/A



================================================================
== Utilization Estimates
================================================================
* Summary: 
+---------------------+---------+-------+---------+---------+-----+
|         Name        | BRAM_18K| DSP48E|    FF   |   LUT   | URAM|
+---------------------+---------+-------+---------+---------+-----+
|DSP                  |        -|    167|        -|        -|    -|
|Expression           |        -|      1|        0|     5629|    -|
|FIFO                 |        -|      -|        -|        -|    -|
|Instance             |        -|      -|        -|        -|    -|
|Memory               |        -|      -|        -|        -|    -|
|Multiplexer          |        -|      -|        -|        -|    -|
|Register             |        -|      -|     1546|        -|    -|
+---------------------+---------+-------+---------+---------+-----+
|Total                |        0|    168|     1546|     5629|    0|
+---------------------+---------+-------+---------+---------+-----+
|Available SLR        |     1440|   2280|   788160|   394080|  320|
+---------------------+---------+-------+---------+---------+-----+
|Utilization SLR (%)  |        0|      7|    ~0   |        1|    0|
+---------------------+---------+-------+---------+---------+-----+
|Available            |     4320|   6840|  2364480|  1182240|  960|
+---------------------+---------+-------+---------+---------+-----+
|Utilization (%)      |        0|      2|    ~0   |    ~0   |    0|
+---------------------+---------+-------+---------+---------+-----+

+ Detail: 
    * Instance: 
    N/A

    * DSP48E: 
    +----------------------------------------+-----------------------------------+-----------+
    |                Instance                |               Module              | Expression|
    +----------------------------------------+-----------------------------------+-----------+
    |myproject_mul_mul_16s_10ns_24_1_1_U12   |myproject_mul_mul_16s_10ns_24_1_1  |  i0 * i1  |
    |myproject_mul_mul_16s_10ns_24_1_1_U13   |myproject_mul_mul_16s_10ns_24_1_1  |  i0 * i1  |
    |myproject_mul_mul_16s_10ns_24_1_1_U14   |myproject_mul_mul_16s_10ns_24_1_1  |  i0 * i1  |
    |myproject_mul_mul_16s_10ns_24_1_1_U44   |myproject_mul_mul_16s_10ns_24_1_1  |  i0 * i1  |
    |myproject_mul_mul_16s_10ns_24_1_1_U58   |myproject_mul_mul_16s_10ns_24_1_1  |  i0 * i1  |
    |myproject_mul_mul_16s_10ns_24_1_1_U64   |myproject_mul_mul_16s_10ns_24_1_1  |  i0 * i1  |
    |myproject_mul_mul_16s_10ns_24_1_1_U114  |myproject_mul_mul_16s_10ns_24_1_1  |  i0 * i1  |
    |myproject_mul_mul_16s_10ns_24_1_1_U116  |myproject_mul_mul_16s_10ns_24_1_1  |  i0 * i1  |
    |myproject_mul_mul_16s_10ns_24_1_1_U129  |myproject_mul_mul_16s_10ns_24_1_1  |  i0 * i1  |
    |myproject_mul_mul_16s_10ns_24_1_1_U158  |myproject_mul_mul_16s_10ns_24_1_1  |  i0 * i1  |
    |myproject_mul_mul_16s_10ns_24_1_1_U167  |myproject_mul_mul_16s_10ns_24_1_1  |  i0 * i1  |
    |myproject_mul_mul_16s_10s_24_1_1_U15    |myproject_mul_mul_16s_10s_24_1_1   |  i0 * i1  |
    |myproject_mul_mul_16s_10s_24_1_1_U32    |myproject_mul_mul_16s_10s_24_1_1   |  i0 * i1  |
    |myproject_mul_mul_16s_10s_24_1_1_U33    |myproject_mul_mul_16s_10s_24_1_1   |  i0 * i1  |
    |myproject_mul_mul_16s_10s_24_1_1_U39    |myproject_mul_mul_16s_10s_24_1_1   |  i0 * i1  |
    |myproject_mul_mul_16s_10s_24_1_1_U41    |myproject_mul_mul_16s_10s_24_1_1   |  i0 * i1  |
    |myproject_mul_mul_16s_10s_24_1_1_U54    |myproject_mul_mul_16s_10s_24_1_1   |  i0 * i1  |
    |myproject_mul_mul_16s_10s_24_1_1_U74    |myproject_mul_mul_16s_10s_24_1_1   |  i0 * i1  |
    |myproject_mul_mul_16s_10s_24_1_1_U82    |myproject_mul_mul_16s_10s_24_1_1   |  i0 * i1  |
    |myproject_mul_mul_16s_10s_24_1_1_U86    |myproject_mul_mul_16s_10s_24_1_1   |  i0 * i1  |
    |myproject_mul_mul_16s_10s_24_1_1_U121   |myproject_mul_mul_16s_10s_24_1_1   |  i0 * i1  |
    |myproject_mul_mul_16s_10s_24_1_1_U123   |myproject_mul_mul_16s_10s_24_1_1   |  i0 * i1  |
    |myproject_mul_mul_16s_10s_24_1_1_U127   |myproject_mul_mul_16s_10s_24_1_1   |  i0 * i1  |
    |myproject_mul_mul_16s_10s_24_1_1_U142   |myproject_mul_mul_16s_10s_24_1_1   |  i0 * i1  |
    |myproject_mul_mul_16s_10s_24_1_1_U174   |myproject_mul_mul_16s_10s_24_1_1   |  i0 * i1  |
    |myproject_mul_mul_16s_11ns_24_1_1_U29   |myproject_mul_mul_16s_11ns_24_1_1  |  i0 * i1  |
    |myproject_mul_mul_16s_11ns_24_1_1_U30   |myproject_mul_mul_16s_11ns_24_1_1  |  i0 * i1  |
    |myproject_mul_mul_16s_11ns_24_1_1_U37   |myproject_mul_mul_16s_11ns_24_1_1  |  i0 * i1  |
    |myproject_mul_mul_16s_11ns_24_1_1_U55   |myproject_mul_mul_16s_11ns_24_1_1  |  i0 * i1  |
    |myproject_mul_mul_16s_11ns_24_1_1_U69   |myproject_mul_mul_16s_11ns_24_1_1  |  i0 * i1  |
    |myproject_mul_mul_16s_11ns_24_1_1_U71   |myproject_mul_mul_16s_11ns_24_1_1  |  i0 * i1  |
    |myproject_mul_mul_16s_11ns_24_1_1_U118  |myproject_mul_mul_16s_11ns_24_1_1  |  i0 * i1  |
    |myproject_mul_mul_16s_11ns_24_1_1_U138  |myproject_mul_mul_16s_11ns_24_1_1  |  i0 * i1  |
    |myproject_mul_mul_16s_11s_24_1_1_U26    |myproject_mul_mul_16s_11s_24_1_1   |  i0 * i1  |
    |myproject_mul_mul_16s_11s_24_1_1_U27    |myproject_mul_mul_16s_11s_24_1_1   |  i0 * i1  |
    |myproject_mul_mul_16s_11s_24_1_1_U52    |myproject_mul_mul_16s_11s_24_1_1   |  i0 * i1  |
    |myproject_mul_mul_16s_11s_24_1_1_U72    |myproject_mul_mul_16s_11s_24_1_1   |  i0 * i1  |
    |myproject_mul_mul_16s_11s_24_1_1_U90    |myproject_mul_mul_16s_11s_24_1_1   |  i0 * i1  |
    |myproject_mul_mul_16s_11s_24_1_1_U108   |myproject_mul_mul_16s_11s_24_1_1   |  i0 * i1  |
    |myproject_mul_mul_16s_11s_24_1_1_U120   |myproject_mul_mul_16s_11s_24_1_1   |  i0 * i1  |
    |myproject_mul_mul_16s_11s_24_1_1_U168   |myproject_mul_mul_16s_11s_24_1_1   |  i0 * i1  |
    |myproject_mul_mul_16s_12ns_24_1_1_U173  |myproject_mul_mul_16s_12ns_24_1_1  |  i0 * i1  |
    |myproject_mul_mul_16s_12s_24_1_1_U45    |myproject_mul_mul_16s_12s_24_1_1   |  i0 * i1  |
    |myproject_mul_mul_16s_12s_24_1_1_U89    |myproject_mul_mul_16s_12s_24_1_1   |  i0 * i1  |
    |myproject_mul_mul_16s_12s_24_1_1_U98    |myproject_mul_mul_16s_12s_24_1_1   |  i0 * i1  |
    |myproject_mul_mul_16s_12s_24_1_1_U146   |myproject_mul_mul_16s_12s_24_1_1   |  i0 * i1  |
    |myproject_mul_mul_16s_6ns_22_1_1_U24    |myproject_mul_mul_16s_6ns_22_1_1   |  i0 * i1  |
    |myproject_mul_mul_16s_6ns_22_1_1_U31    |myproject_mul_mul_16s_6ns_22_1_1   |  i0 * i1  |
    |myproject_mul_mul_16s_6ns_22_1_1_U70    |myproject_mul_mul_16s_6ns_22_1_1   |  i0 * i1  |
    |myproject_mul_mul_16s_6ns_22_1_1_U83    |myproject_mul_mul_16s_6ns_22_1_1   |  i0 * i1  |
    |myproject_mul_mul_16s_6ns_22_1_1_U104   |myproject_mul_mul_16s_6ns_22_1_1   |  i0 * i1  |
    |myproject_mul_mul_16s_6ns_22_1_1_U137   |myproject_mul_mul_16s_6ns_22_1_1   |  i0 * i1  |
    |myproject_mul_mul_16s_6s_22_1_1_U28     |myproject_mul_mul_16s_6s_22_1_1    |  i0 * i1  |
    |myproject_mul_mul_16s_6s_22_1_1_U60     |myproject_mul_mul_16s_6s_22_1_1    |  i0 * i1  |
    |myproject_mul_mul_16s_6s_22_1_1_U65     |myproject_mul_mul_16s_6s_22_1_1    |  i0 * i1  |
    |myproject_mul_mul_16s_6s_22_1_1_U66     |myproject_mul_mul_16s_6s_22_1_1    |  i0 * i1  |
    |myproject_mul_mul_16s_6s_22_1_1_U68     |myproject_mul_mul_16s_6s_22_1_1    |  i0 * i1  |
    |myproject_mul_mul_16s_6s_22_1_1_U84     |myproject_mul_mul_16s_6s_22_1_1    |  i0 * i1  |
    |myproject_mul_mul_16s_6s_22_1_1_U85     |myproject_mul_mul_16s_6s_22_1_1    |  i0 * i1  |
    |myproject_mul_mul_16s_6s_22_1_1_U99     |myproject_mul_mul_16s_6s_22_1_1    |  i0 * i1  |
    |myproject_mul_mul_16s_6s_22_1_1_U106    |myproject_mul_mul_16s_6s_22_1_1    |  i0 * i1  |
    |myproject_mul_mul_16s_6s_22_1_1_U165    |myproject_mul_mul_16s_6s_22_1_1    |  i0 * i1  |
    |myproject_mul_mul_16s_6s_22_1_1_U169    |myproject_mul_mul_16s_6s_22_1_1    |  i0 * i1  |
    |myproject_mul_mul_16s_7ns_23_1_1_U16    |myproject_mul_mul_16s_7ns_23_1_1   |  i0 * i1  |
    |myproject_mul_mul_16s_7ns_23_1_1_U20    |myproject_mul_mul_16s_7ns_23_1_1   |  i0 * i1  |
    |myproject_mul_mul_16s_7ns_23_1_1_U34    |myproject_mul_mul_16s_7ns_23_1_1   |  i0 * i1  |
    |myproject_mul_mul_16s_7ns_23_1_1_U40    |myproject_mul_mul_16s_7ns_23_1_1   |  i0 * i1  |
    |myproject_mul_mul_16s_7ns_23_1_1_U42    |myproject_mul_mul_16s_7ns_23_1_1   |  i0 * i1  |
    |myproject_mul_mul_16s_7ns_23_1_1_U46    |myproject_mul_mul_16s_7ns_23_1_1   |  i0 * i1  |
    |myproject_mul_mul_16s_7ns_23_1_1_U51    |myproject_mul_mul_16s_7ns_23_1_1   |  i0 * i1  |
    |myproject_mul_mul_16s_7ns_23_1_1_U63    |myproject_mul_mul_16s_7ns_23_1_1   |  i0 * i1  |
    |myproject_mul_mul_16s_7ns_23_1_1_U79    |myproject_mul_mul_16s_7ns_23_1_1   |  i0 * i1  |
    |myproject_mul_mul_16s_7ns_23_1_1_U80    |myproject_mul_mul_16s_7ns_23_1_1   |  i0 * i1  |
    |myproject_mul_mul_16s_7ns_23_1_1_U95    |myproject_mul_mul_16s_7ns_23_1_1   |  i0 * i1  |
    |myproject_mul_mul_16s_7ns_23_1_1_U96    |myproject_mul_mul_16s_7ns_23_1_1   |  i0 * i1  |
    |myproject_mul_mul_16s_7ns_23_1_1_U97    |myproject_mul_mul_16s_7ns_23_1_1   |  i0 * i1  |
    |myproject_mul_mul_16s_7ns_23_1_1_U102   |myproject_mul_mul_16s_7ns_23_1_1   |  i0 * i1  |
    |myproject_mul_mul_16s_7ns_23_1_1_U133   |myproject_mul_mul_16s_7ns_23_1_1   |  i0 * i1  |
    |myproject_mul_mul_16s_7ns_23_1_1_U140   |myproject_mul_mul_16s_7ns_23_1_1   |  i0 * i1  |
    |myproject_mul_mul_16s_7ns_23_1_1_U144   |myproject_mul_mul_16s_7ns_23_1_1   |  i0 * i1  |
    |myproject_mul_mul_16s_7ns_23_1_1_U149   |myproject_mul_mul_16s_7ns_23_1_1   |  i0 * i1  |
    |myproject_mul_mul_16s_7s_23_1_1_U57     |myproject_mul_mul_16s_7s_23_1_1    |  i0 * i1  |
    |myproject_mul_mul_16s_7s_23_1_1_U87     |myproject_mul_mul_16s_7s_23_1_1    |  i0 * i1  |
    |myproject_mul_mul_16s_7s_23_1_1_U111    |myproject_mul_mul_16s_7s_23_1_1    |  i0 * i1  |
    |myproject_mul_mul_16s_7s_23_1_1_U141    |myproject_mul_mul_16s_7s_23_1_1    |  i0 * i1  |
    |myproject_mul_mul_16s_7s_23_1_1_U164    |myproject_mul_mul_16s_7s_23_1_1    |  i0 * i1  |
    |myproject_mul_mul_16s_7s_23_1_1_U166    |myproject_mul_mul_16s_7s_23_1_1    |  i0 * i1  |
    |myproject_mul_mul_16s_8ns_24_1_1_U11    |myproject_mul_mul_16s_8ns_24_1_1   |  i0 * i1  |
    |myproject_mul_mul_16s_8ns_24_1_1_U21    |myproject_mul_mul_16s_8ns_24_1_1   |  i0 * i1  |
    |myproject_mul_mul_16s_8ns_24_1_1_U25    |myproject_mul_mul_16s_8ns_24_1_1   |  i0 * i1  |
    |myproject_mul_mul_16s_8ns_24_1_1_U35    |myproject_mul_mul_16s_8ns_24_1_1   |  i0 * i1  |
    |myproject_mul_mul_16s_8ns_24_1_1_U47    |myproject_mul_mul_16s_8ns_24_1_1   |  i0 * i1  |
    |myproject_mul_mul_16s_8ns_24_1_1_U53    |myproject_mul_mul_16s_8ns_24_1_1   |  i0 * i1  |
    |myproject_mul_mul_16s_8ns_24_1_1_U56    |myproject_mul_mul_16s_8ns_24_1_1   |  i0 * i1  |
    |myproject_mul_mul_16s_8ns_24_1_1_U61    |myproject_mul_mul_16s_8ns_24_1_1   |  i0 * i1  |
    |myproject_mul_mul_16s_8ns_24_1_1_U62    |myproject_mul_mul_16s_8ns_24_1_1   |  i0 * i1  |
    |myproject_mul_mul_16s_8ns_24_1_1_U67    |myproject_mul_mul_16s_8ns_24_1_1   |  i0 * i1  |
    |myproject_mul_mul_16s_8ns_24_1_1_U78    |myproject_mul_mul_16s_8ns_24_1_1   |  i0 * i1  |
    |myproject_mul_mul_16s_8ns_24_1_1_U92    |myproject_mul_mul_16s_8ns_24_1_1   |  i0 * i1  |
    |myproject_mul_mul_16s_8ns_24_1_1_U93    |myproject_mul_mul_16s_8ns_24_1_1   |  i0 * i1  |
    |myproject_mul_mul_16s_8ns_24_1_1_U105   |myproject_mul_mul_16s_8ns_24_1_1   |  i0 * i1  |
    |myproject_mul_mul_16s_8ns_24_1_1_U107   |myproject_mul_mul_16s_8ns_24_1_1   |  i0 * i1  |
    |myproject_mul_mul_16s_8ns_24_1_1_U112   |myproject_mul_mul_16s_8ns_24_1_1   |  i0 * i1  |
    |myproject_mul_mul_16s_8ns_24_1_1_U119   |myproject_mul_mul_16s_8ns_24_1_1   |  i0 * i1  |
    |myproject_mul_mul_16s_8ns_24_1_1_U122   |myproject_mul_mul_16s_8ns_24_1_1   |  i0 * i1  |
    |myproject_mul_mul_16s_8ns_24_1_1_U125   |myproject_mul_mul_16s_8ns_24_1_1   |  i0 * i1  |
    |myproject_mul_mul_16s_8ns_24_1_1_U128   |myproject_mul_mul_16s_8ns_24_1_1   |  i0 * i1  |
    |myproject_mul_mul_16s_8ns_24_1_1_U130   |myproject_mul_mul_16s_8ns_24_1_1   |  i0 * i1  |
    |myproject_mul_mul_16s_8ns_24_1_1_U147   |myproject_mul_mul_16s_8ns_24_1_1   |  i0 * i1  |
    |myproject_mul_mul_16s_8ns_24_1_1_U154   |myproject_mul_mul_16s_8ns_24_1_1   |  i0 * i1  |
    |myproject_mul_mul_16s_8ns_24_1_1_U155   |myproject_mul_mul_16s_8ns_24_1_1   |  i0 * i1  |
    |myproject_mul_mul_16s_8ns_24_1_1_U162   |myproject_mul_mul_16s_8ns_24_1_1   |  i0 * i1  |
    |myproject_mul_mul_16s_8s_24_1_1_U36     |myproject_mul_mul_16s_8s_24_1_1    |  i0 * i1  |
    |myproject_mul_mul_16s_8s_24_1_1_U43     |myproject_mul_mul_16s_8s_24_1_1    |  i0 * i1  |
    |myproject_mul_mul_16s_8s_24_1_1_U49     |myproject_mul_mul_16s_8s_24_1_1    |  i0 * i1  |
    |myproject_mul_mul_16s_8s_24_1_1_U76     |myproject_mul_mul_16s_8s_24_1_1    |  i0 * i1  |
    |myproject_mul_mul_16s_8s_24_1_1_U91     |myproject_mul_mul_16s_8s_24_1_1    |  i0 * i1  |
    |myproject_mul_mul_16s_8s_24_1_1_U100    |myproject_mul_mul_16s_8s_24_1_1    |  i0 * i1  |
    |myproject_mul_mul_16s_8s_24_1_1_U117    |myproject_mul_mul_16s_8s_24_1_1    |  i0 * i1  |
    |myproject_mul_mul_16s_8s_24_1_1_U124    |myproject_mul_mul_16s_8s_24_1_1    |  i0 * i1  |
    |myproject_mul_mul_16s_8s_24_1_1_U135    |myproject_mul_mul_16s_8s_24_1_1    |  i0 * i1  |
    |myproject_mul_mul_16s_8s_24_1_1_U139    |myproject_mul_mul_16s_8s_24_1_1    |  i0 * i1  |
    |myproject_mul_mul_16s_8s_24_1_1_U153    |myproject_mul_mul_16s_8s_24_1_1    |  i0 * i1  |
    |myproject_mul_mul_16s_8s_24_1_1_U159    |myproject_mul_mul_16s_8s_24_1_1    |  i0 * i1  |
    |myproject_mul_mul_16s_8s_24_1_1_U161    |myproject_mul_mul_16s_8s_24_1_1    |  i0 * i1  |
    |myproject_mul_mul_16s_8s_24_1_1_U171    |myproject_mul_mul_16s_8s_24_1_1    |  i0 * i1  |
    |myproject_mul_mul_16s_9ns_24_1_1_U17    |myproject_mul_mul_16s_9ns_24_1_1   |  i0 * i1  |
    |myproject_mul_mul_16s_9ns_24_1_1_U18    |myproject_mul_mul_16s_9ns_24_1_1   |  i0 * i1  |
    |myproject_mul_mul_16s_9ns_24_1_1_U22    |myproject_mul_mul_16s_9ns_24_1_1   |  i0 * i1  |
    |myproject_mul_mul_16s_9ns_24_1_1_U23    |myproject_mul_mul_16s_9ns_24_1_1   |  i0 * i1  |
    |myproject_mul_mul_16s_9ns_24_1_1_U38    |myproject_mul_mul_16s_9ns_24_1_1   |  i0 * i1  |
    |myproject_mul_mul_16s_9ns_24_1_1_U48    |myproject_mul_mul_16s_9ns_24_1_1   |  i0 * i1  |
    |myproject_mul_mul_16s_9ns_24_1_1_U81    |myproject_mul_mul_16s_9ns_24_1_1   |  i0 * i1  |
    |myproject_mul_mul_16s_9ns_24_1_1_U101   |myproject_mul_mul_16s_9ns_24_1_1   |  i0 * i1  |
    |myproject_mul_mul_16s_9ns_24_1_1_U109   |myproject_mul_mul_16s_9ns_24_1_1   |  i0 * i1  |
    |myproject_mul_mul_16s_9ns_24_1_1_U110   |myproject_mul_mul_16s_9ns_24_1_1   |  i0 * i1  |
    |myproject_mul_mul_16s_9ns_24_1_1_U115   |myproject_mul_mul_16s_9ns_24_1_1   |  i0 * i1  |
    |myproject_mul_mul_16s_9ns_24_1_1_U131   |myproject_mul_mul_16s_9ns_24_1_1   |  i0 * i1  |
    |myproject_mul_mul_16s_9ns_24_1_1_U136   |myproject_mul_mul_16s_9ns_24_1_1   |  i0 * i1  |
    |myproject_mul_mul_16s_9ns_24_1_1_U148   |myproject_mul_mul_16s_9ns_24_1_1   |  i0 * i1  |
    |myproject_mul_mul_16s_9ns_24_1_1_U150   |myproject_mul_mul_16s_9ns_24_1_1   |  i0 * i1  |
    |myproject_mul_mul_16s_9ns_24_1_1_U151   |myproject_mul_mul_16s_9ns_24_1_1   |  i0 * i1  |
    |myproject_mul_mul_16s_9ns_24_1_1_U157   |myproject_mul_mul_16s_9ns_24_1_1   |  i0 * i1  |
    |myproject_mul_mul_16s_9ns_24_1_1_U175   |myproject_mul_mul_16s_9ns_24_1_1   |  i0 * i1  |
    |myproject_mul_mul_16s_9s_24_1_1_U9      |myproject_mul_mul_16s_9s_24_1_1    |  i0 * i1  |
    |myproject_mul_mul_16s_9s_24_1_1_U10     |myproject_mul_mul_16s_9s_24_1_1    |  i0 * i1  |
    |myproject_mul_mul_16s_9s_24_1_1_U19     |myproject_mul_mul_16s_9s_24_1_1    |  i0 * i1  |
    |myproject_mul_mul_16s_9s_24_1_1_U50     |myproject_mul_mul_16s_9s_24_1_1    |  i0 * i1  |
    |myproject_mul_mul_16s_9s_24_1_1_U59     |myproject_mul_mul_16s_9s_24_1_1    |  i0 * i1  |
    |myproject_mul_mul_16s_9s_24_1_1_U73     |myproject_mul_mul_16s_9s_24_1_1    |  i0 * i1  |
    |myproject_mul_mul_16s_9s_24_1_1_U75     |myproject_mul_mul_16s_9s_24_1_1    |  i0 * i1  |
    |myproject_mul_mul_16s_9s_24_1_1_U77     |myproject_mul_mul_16s_9s_24_1_1    |  i0 * i1  |
    |myproject_mul_mul_16s_9s_24_1_1_U88     |myproject_mul_mul_16s_9s_24_1_1    |  i0 * i1  |
    |myproject_mul_mul_16s_9s_24_1_1_U94     |myproject_mul_mul_16s_9s_24_1_1    |  i0 * i1  |
    |myproject_mul_mul_16s_9s_24_1_1_U103    |myproject_mul_mul_16s_9s_24_1_1    |  i0 * i1  |
    |myproject_mul_mul_16s_9s_24_1_1_U113    |myproject_mul_mul_16s_9s_24_1_1    |  i0 * i1  |
    |myproject_mul_mul_16s_9s_24_1_1_U126    |myproject_mul_mul_16s_9s_24_1_1    |  i0 * i1  |
    |myproject_mul_mul_16s_9s_24_1_1_U132    |myproject_mul_mul_16s_9s_24_1_1    |  i0 * i1  |
    |myproject_mul_mul_16s_9s_24_1_1_U134    |myproject_mul_mul_16s_9s_24_1_1    |  i0 * i1  |
    |myproject_mul_mul_16s_9s_24_1_1_U143    |myproject_mul_mul_16s_9s_24_1_1    |  i0 * i1  |
    |myproject_mul_mul_16s_9s_24_1_1_U145    |myproject_mul_mul_16s_9s_24_1_1    |  i0 * i1  |
    |myproject_mul_mul_16s_9s_24_1_1_U152    |myproject_mul_mul_16s_9s_24_1_1    |  i0 * i1  |
    |myproject_mul_mul_16s_9s_24_1_1_U156    |myproject_mul_mul_16s_9s_24_1_1    |  i0 * i1  |
    |myproject_mul_mul_16s_9s_24_1_1_U160    |myproject_mul_mul_16s_9s_24_1_1    |  i0 * i1  |
    |myproject_mul_mul_16s_9s_24_1_1_U163    |myproject_mul_mul_16s_9s_24_1_1    |  i0 * i1  |
    |myproject_mul_mul_16s_9s_24_1_1_U170    |myproject_mul_mul_16s_9s_24_1_1    |  i0 * i1  |
    |myproject_mul_mul_16s_9s_24_1_1_U172    |myproject_mul_mul_16s_9s_24_1_1    |  i0 * i1  |
    +----------------------------------------+-----------------------------------+-----------+

    * Memory: 
    N/A

    * FIFO: 
    N/A

    * Expression: 
    +----------------------------+----------+-------+---+----+------------+------------+
    |        Variable Name       | Operation| DSP48E| FF| LUT| Bitwidth P0| Bitwidth P1|
    +----------------------------+----------+-------+---+----+------------+------------+
    |mul_ln1118_1017_fu_5598_p2  |     *    |      1|  0|   5|          16|           5|
    |mul_ln1118_861_fu_793_p2    |     *    |      0|  0|   5|          16|           4|
    |mul_ln1118_889_fu_1996_p2   |     *    |      0|  0|   5|          16|           4|
    |mul_ln1118_985_fu_4873_p2   |     *    |      0|  0|   5|          16|           4|
    |acc_0_V_fu_5964_p2          |     +    |      0|  0|  16|          16|          16|
    |acc_10_V_fu_6172_p2         |     +    |      0|  0|  16|          16|          16|
    |acc_11_V_fu_6195_p2         |     +    |      0|  0|  16|          16|          16|
    |acc_12_V_fu_6218_p2         |     +    |      0|  0|  16|          16|          16|
    |acc_13_V_fu_6241_p2         |     +    |      0|  0|  16|          16|          16|
    |acc_14_V_fu_6260_p2         |     +    |      0|  0|  16|          16|          16|
    |acc_15_V_fu_6283_p2         |     +    |      0|  0|  16|          16|          16|
    |acc_16_V_fu_6306_p2         |     +    |      0|  0|  16|          16|          16|
    |acc_17_V_fu_6325_p2         |     +    |      0|  0|  16|          16|          16|
    |acc_18_V_fu_6348_p2         |     +    |      0|  0|  16|          16|          16|
    |acc_19_V_fu_6410_p2         |     +    |      0|  0|  16|          16|          16|
    |acc_1_V_fu_5983_p2          |     +    |      0|  0|  16|          16|          16|
    |acc_2_V_fu_5996_p2          |     +    |      0|  0|  16|          16|          16|
    |acc_3_V_fu_6019_p2          |     +    |      0|  0|  16|          16|          16|
    |acc_4_V_fu_6042_p2          |     +    |      0|  0|  16|          16|          16|
    |acc_5_V_fu_6061_p2          |     +    |      0|  0|  16|          16|          16|
    |acc_6_V_fu_6080_p2          |     +    |      0|  0|  16|          16|          16|
    |acc_7_V_fu_6103_p2          |     +    |      0|  0|  16|          16|          16|
    |acc_8_V_fu_6122_p2          |     +    |      0|  0|  16|          16|          16|
    |acc_9_V_fu_6149_p2          |     +    |      0|  0|  16|          16|          16|
    |add_ln1118_10_fu_3968_p2    |     +    |      0|  0|  24|          24|          24|
    |add_ln1118_11_fu_4328_p2    |     +    |      0|  0|  20|          20|          20|
    |add_ln1118_12_fu_4840_p2    |     +    |      0|  0|  22|          22|          22|
    |add_ln1118_13_fu_5200_p2    |     +    |      0|  0|  23|          23|          23|
    |add_ln1118_14_fu_5357_p2    |     +    |      0|  0|  23|          23|          23|
    |add_ln1118_15_fu_5516_p2    |     +    |      0|  0|  22|          22|          22|
    |add_ln1118_1_fu_736_p2      |     +    |      0|  0|  23|          23|          23|
    |add_ln1118_2_fu_1225_p2     |     +    |      0|  0|  24|          24|          24|
    |add_ln1118_3_fu_1512_p2     |     +    |      0|  0|  21|          21|          21|
    |add_ln1118_4_fu_1544_p2     |     +    |      0|  0|  21|          21|          21|
    |add_ln1118_5_fu_1676_p2     |     +    |      0|  0|  20|          20|          20|
    |add_ln1118_6_fu_1842_p2     |     +    |      0|  0|  22|          22|          22|
    |add_ln1118_7_fu_2032_p2     |     +    |      0|  0|  22|          22|          22|
    |add_ln1118_8_fu_2377_p2     |     +    |      0|  0|  24|          24|          24|
    |add_ln1118_9_fu_2652_p2     |     +    |      0|  0|  21|          21|          21|
    |add_ln1118_fu_597_p2        |     +    |      0|  0|  23|          23|          23|
    |add_ln703_1238_fu_983_p2    |     +    |      0|  0|  16|          16|          16|
    |add_ln703_1239_fu_989_p2    |     +    |      0|  0|  16|          16|          16|
    |add_ln703_1240_fu_5951_p2   |     +    |      0|  0|  16|          16|          16|
    |add_ln703_1241_fu_5955_p2   |     +    |      0|  0|  16|          16|          16|
    |add_ln703_1242_fu_995_p2    |     +    |      0|  0|  16|          16|          16|
    |add_ln703_1243_fu_1001_p2   |     +    |      0|  0|  16|          16|          16|
    |add_ln703_1244_fu_1007_p2   |     +    |      0|  0|  16|          16|          16|
    |add_ln703_1245_fu_1013_p2   |     +    |      0|  0|  14|          14|           1|
    |add_ln703_1246_fu_1023_p2   |     +    |      0|  0|  16|          16|          16|
    |add_ln703_1247_fu_5960_p2   |     +    |      0|  0|  16|          16|          16|
    |add_ln703_1249_fu_1301_p2   |     +    |      0|  0|  16|          16|          16|
    |add_ln703_1250_fu_1307_p2   |     +    |      0|  0|  16|          16|          16|
    |add_ln703_1251_fu_1313_p2   |     +    |      0|  0|  16|          16|          16|
    |add_ln703_1252_fu_1319_p2   |     +    |      0|  0|  16|          16|          16|
    |add_ln703_1253_fu_5970_p2   |     +    |      0|  0|  16|          16|          16|
    |add_ln703_1254_fu_5974_p2   |     +    |      0|  0|  16|          16|          16|
    |add_ln703_1255_fu_1325_p2   |     +    |      0|  0|  16|          16|          16|
    |add_ln703_1256_fu_1331_p2   |     +    |      0|  0|  16|          16|          16|
    |add_ln703_1257_fu_1337_p2   |     +    |      0|  0|  16|          16|          16|
    |add_ln703_1258_fu_1343_p2   |     +    |      0|  0|  12|          12|           4|
    |add_ln703_1259_fu_1353_p2   |     +    |      0|  0|  16|          16|          16|
    |add_ln703_1260_fu_5979_p2   |     +    |      0|  0|  16|          16|          16|
    |add_ln703_1262_fu_1582_p2   |     +    |      0|  0|  16|          16|          16|
    |add_ln703_1263_fu_1588_p2   |     +    |      0|  0|  16|          16|          16|
    |add_ln703_1264_fu_1594_p2   |     +    |      0|  0|  16|          16|          16|
    |add_ln703_1265_fu_1600_p2   |     +    |      0|  0|  15|          15|          15|
    |add_ln703_1266_fu_1610_p2   |     +    |      0|  0|  16|          16|          16|
    |add_ln703_1267_fu_5989_p2   |     +    |      0|  0|  16|          16|          16|
    |add_ln703_1268_fu_1616_p2   |     +    |      0|  0|  14|          14|          14|
    |add_ln703_1269_fu_1626_p2   |     +    |      0|  0|  16|          15|          15|
    |add_ln703_1270_fu_1632_p2   |     +    |      0|  0|  16|          12|          12|
    |add_ln703_1271_fu_1638_p2   |     +    |      0|  0|   9|           9|           5|
    |add_ln703_1272_fu_1648_p2   |     +    |      0|  0|  16|          12|          12|
    |add_ln703_1273_fu_1658_p2   |     +    |      0|  0|  16|          15|          15|
    |add_ln703_1275_fu_1934_p2   |     +    |      0|  0|  16|          16|          16|
    |add_ln703_1276_fu_1940_p2   |     +    |      0|  0|  16|          16|          16|
    |add_ln703_1277_fu_1946_p2   |     +    |      0|  0|  16|          16|          16|
    |add_ln703_1278_fu_1952_p2   |     +    |      0|  0|  16|          16|          16|
    |add_ln703_1279_fu_6002_p2   |     +    |      0|  0|  16|          16|          16|
    |add_ln703_1280_fu_6006_p2   |     +    |      0|  0|  16|          16|          16|
    |add_ln703_1281_fu_1958_p2   |     +    |      0|  0|  15|          15|          15|
    |add_ln703_1282_fu_1968_p2   |     +    |      0|  0|  16|          16|          16|
    |add_ln703_1283_fu_1974_p2   |     +    |      0|  0|  16|          14|          14|
    |add_ln703_1284_fu_1980_p2   |     +    |      0|  0|  12|          12|           7|
    |add_ln703_1285_fu_1990_p2   |     +    |      0|  0|  16|          14|          14|
    |add_ln703_1286_fu_6014_p2   |     +    |      0|  0|  16|          16|          16|
    |add_ln703_1288_fu_2281_p2   |     +    |      0|  0|  16|          16|          16|
    |add_ln703_1289_fu_2287_p2   |     +    |      0|  0|  16|          16|          16|
    |add_ln703_1290_fu_2293_p2   |     +    |      0|  0|  16|          16|          16|
    |add_ln703_1291_fu_2299_p2   |     +    |      0|  0|  16|          16|          16|
    |add_ln703_1292_fu_6025_p2   |     +    |      0|  0|  16|          16|          16|
    |add_ln703_1293_fu_6029_p2   |     +    |      0|  0|  16|          16|          16|
    |add_ln703_1294_fu_2305_p2   |     +    |      0|  0|  15|          15|          15|
    |add_ln703_1295_fu_2315_p2   |     +    |      0|  0|  16|          16|          16|
    |add_ln703_1296_fu_2321_p2   |     +    |      0|  0|  16|          14|          14|
    |add_ln703_1297_fu_2327_p2   |     +    |      0|  0|  11|          11|           6|
    |add_ln703_1298_fu_2337_p2   |     +    |      0|  0|  16|          14|          14|
    |add_ln703_1299_fu_6037_p2   |     +    |      0|  0|  16|          16|          16|
    |add_ln703_1301_fu_2531_p2   |     +    |      0|  0|  16|          16|          16|
    |add_ln703_1302_fu_2537_p2   |     +    |      0|  0|  16|          16|          16|
    |add_ln703_1303_fu_2543_p2   |     +    |      0|  0|  16|          16|          16|
    |add_ln703_1304_fu_2549_p2   |     +    |      0|  0|  16|          16|          16|
    |add_ln703_1305_fu_6048_p2   |     +    |      0|  0|  16|          16|          16|
    |add_ln703_1306_fu_6052_p2   |     +    |      0|  0|  16|          16|          16|
    |add_ln703_1307_fu_2555_p2   |     +    |      0|  0|  16|          16|          16|
    |add_ln703_1308_fu_2561_p2   |     +    |      0|  0|  16|          16|          16|
    |add_ln703_1309_fu_2567_p2   |     +    |      0|  0|  16|          16|          16|
    |add_ln703_1310_fu_2573_p2   |     +    |      0|  0|  13|          13|           5|
    |add_ln703_1311_fu_2583_p2   |     +    |      0|  0|  16|          16|          16|
    |add_ln703_1312_fu_6057_p2   |     +    |      0|  0|  16|          16|          16|
    |add_ln703_1314_fu_2778_p2   |     +    |      0|  0|  16|          16|          16|
    |add_ln703_1315_fu_2784_p2   |     +    |      0|  0|  16|          16|          16|
    |add_ln703_1316_fu_2790_p2   |     +    |      0|  0|  16|          16|          16|
    |add_ln703_1317_fu_2796_p2   |     +    |      0|  0|  16|          16|          16|
    |add_ln703_1318_fu_6067_p2   |     +    |      0|  0|  16|          16|          16|
    |add_ln703_1319_fu_6071_p2   |     +    |      0|  0|  16|          16|          16|
    |add_ln703_1320_fu_2802_p2   |     +    |      0|  0|  16|          16|          16|
    |add_ln703_1321_fu_2808_p2   |     +    |      0|  0|  16|          16|          16|
    |add_ln703_1322_fu_2814_p2   |     +    |      0|  0|  15|          15|          15|
    |add_ln703_1323_fu_2824_p2   |     +    |      0|  0|  14|          14|           6|
    |add_ln703_1324_fu_2834_p2   |     +    |      0|  0|  16|          16|          16|
    |add_ln703_1325_fu_6076_p2   |     +    |      0|  0|  16|          16|          16|
    |add_ln703_1327_fu_3064_p2   |     +    |      0|  0|  16|          16|          16|
    |add_ln703_1328_fu_3070_p2   |     +    |      0|  0|  16|          16|          16|
    |add_ln703_1329_fu_3076_p2   |     +    |      0|  0|  16|          16|          16|
    |add_ln703_1330_fu_3082_p2   |     +    |      0|  0|  15|          15|          15|
    |add_ln703_1331_fu_6089_p2   |     +    |      0|  0|  16|          16|          16|
    |add_ln703_1332_fu_6094_p2   |     +    |      0|  0|  16|          16|          16|
    |add_ln703_1333_fu_3088_p2   |     +    |      0|  0|  15|          15|          15|
    |add_ln703_1334_fu_3098_p2   |     +    |      0|  0|  16|          16|          16|
    |add_ln703_1335_fu_3104_p2   |     +    |      0|  0|  15|          15|          15|
    |add_ln703_1336_fu_3114_p2   |     +    |      0|  0|  13|          13|           4|
    |add_ln703_1337_fu_3124_p2   |     +    |      0|  0|  16|          16|          16|
    |add_ln703_1338_fu_6099_p2   |     +    |      0|  0|  16|          16|          16|
    |add_ln703_1340_fu_3310_p2   |     +    |      0|  0|  16|          16|          16|
    |add_ln703_1341_fu_3316_p2   |     +    |      0|  0|  16|          16|          16|
    |add_ln703_1342_fu_3322_p2   |     +    |      0|  0|  16|          16|          16|
    |add_ln703_1343_fu_3328_p2   |     +    |      0|  0|  16|          16|          16|
    |add_ln703_1344_fu_6109_p2   |     +    |      0|  0|  16|          16|          16|
    |add_ln703_1345_fu_6113_p2   |     +    |      0|  0|  16|          16|          16|
    |add_ln703_1346_fu_3334_p2   |     +    |      0|  0|  16|          16|          16|
    |add_ln703_1347_fu_3340_p2   |     +    |      0|  0|  16|          16|          16|
    |add_ln703_1348_fu_3346_p2   |     +    |      0|  0|  16|          16|          16|
    |add_ln703_1349_fu_3352_p2   |     +    |      0|  0|  11|          11|           6|
    |add_ln703_1350_fu_3362_p2   |     +    |      0|  0|  16|          16|          16|
    |add_ln703_1351_fu_6118_p2   |     +    |      0|  0|  16|          16|          16|
    |add_ln703_1353_fu_3608_p2   |     +    |      0|  0|  16|          16|          16|
    |add_ln703_1354_fu_3614_p2   |     +    |      0|  0|  16|          16|          16|
    |add_ln703_1355_fu_3620_p2   |     +    |      0|  0|  16|          16|          16|
    |add_ln703_1356_fu_3626_p2   |     +    |      0|  0|  15|          15|          15|
    |add_ln703_1357_fu_6131_p2   |     +    |      0|  0|  16|          16|          16|
    |add_ln703_1358_fu_6136_p2   |     +    |      0|  0|  16|          16|          16|
    |add_ln703_1359_fu_3632_p2   |     +    |      0|  0|  15|          15|          15|
    |add_ln703_1360_fu_3642_p2   |     +    |      0|  0|  16|          16|          16|
    |add_ln703_1361_fu_3648_p2   |     +    |      0|  0|  14|          14|          14|
    |add_ln703_1362_fu_3658_p2   |     +    |      0|  0|  13|          13|           5|
    |add_ln703_1363_fu_3668_p2   |     +    |      0|  0|  15|          15|          15|
    |add_ln703_1364_fu_6144_p2   |     +    |      0|  0|  16|          16|          16|
    |add_ln703_1366_fu_3875_p2   |     +    |      0|  0|  16|          16|          16|
    |add_ln703_1367_fu_3881_p2   |     +    |      0|  0|  16|          16|          16|
    |add_ln703_1368_fu_3887_p2   |     +    |      0|  0|  16|          16|          16|
    |add_ln703_1369_fu_3893_p2   |     +    |      0|  0|  16|          16|          16|
    |add_ln703_1370_fu_6155_p2   |     +    |      0|  0|  16|          16|          16|
    |add_ln703_1371_fu_6159_p2   |     +    |      0|  0|  16|          16|          16|
    |add_ln703_1372_fu_3899_p2   |     +    |      0|  0|  15|          15|          15|
    |add_ln703_1373_fu_3909_p2   |     +    |      0|  0|  16|          16|          16|
    |add_ln703_1374_fu_3915_p2   |     +    |      0|  0|  16|          15|          15|
    |add_ln703_1375_fu_3921_p2   |     +    |      0|  0|  11|          11|           6|
    |add_ln703_1376_fu_3931_p2   |     +    |      0|  0|  16|          15|          15|
    |add_ln703_1377_fu_6167_p2   |     +    |      0|  0|  16|          16|          16|
    |add_ln703_1379_fu_4066_p2   |     +    |      0|  0|  16|          16|          16|
    |add_ln703_1380_fu_4072_p2   |     +    |      0|  0|  16|          16|          16|
    |add_ln703_1381_fu_4078_p2   |     +    |      0|  0|  16|          16|          16|
    |add_ln703_1382_fu_4084_p2   |     +    |      0|  0|  16|          16|          16|
    |add_ln703_1383_fu_6178_p2   |     +    |      0|  0|  16|          16|          16|
    |add_ln703_1384_fu_6182_p2   |     +    |      0|  0|  16|          16|          16|
    |add_ln703_1385_fu_4090_p2   |     +    |      0|  0|  15|          15|          15|
    |add_ln703_1386_fu_4100_p2   |     +    |      0|  0|  16|          16|          16|
    |add_ln703_1387_fu_4106_p2   |     +    |      0|  0|  16|          13|          13|
    |add_ln703_1388_fu_4112_p2   |     +    |      0|  0|  11|          11|           6|
    |add_ln703_1389_fu_4122_p2   |     +    |      0|  0|  16|          13|          13|
    |add_ln703_1390_fu_6190_p2   |     +    |      0|  0|  16|          16|          16|
    |add_ln703_1392_fu_4386_p2   |     +    |      0|  0|  16|          16|          16|
    |add_ln703_1393_fu_4392_p2   |     +    |      0|  0|  16|          16|          16|
    |add_ln703_1394_fu_4398_p2   |     +    |      0|  0|  16|          16|          16|
    |add_ln703_1395_fu_4404_p2   |     +    |      0|  0|  16|          16|          16|
    |add_ln703_1396_fu_6201_p2   |     +    |      0|  0|  16|          16|          16|
    |add_ln703_1397_fu_6205_p2   |     +    |      0|  0|  16|          16|          16|
    |add_ln703_1398_fu_4410_p2   |     +    |      0|  0|  16|          16|          16|
    |add_ln703_1399_fu_4416_p2   |     +    |      0|  0|  16|          16|          16|
    |add_ln703_1400_fu_4422_p2   |     +    |      0|  0|  13|          13|          13|
    |add_ln703_1401_fu_4432_p2   |     +    |      0|  0|  12|          12|           2|
    |add_ln703_1402_fu_4442_p2   |     +    |      0|  0|  14|          14|          14|
    |add_ln703_1403_fu_6213_p2   |     +    |      0|  0|  16|          16|          16|
    |add_ln703_1405_fu_4462_p2   |     +    |      0|  0|  16|          10|           7|
    |add_ln703_1406_fu_4605_p2   |     +    |      0|  0|  16|          16|          16|
    |add_ln703_1407_fu_4611_p2   |     +    |      0|  0|  16|          16|          16|
    |add_ln703_1408_fu_4617_p2   |     +    |      0|  0|  16|          16|          16|
    |add_ln703_1409_fu_6224_p2   |     +    |      0|  0|  16|          16|          16|
    |add_ln703_1410_fu_6228_p2   |     +    |      0|  0|  16|          16|          16|
    |add_ln703_1411_fu_4623_p2   |     +    |      0|  0|  14|          14|          14|
    |add_ln703_1412_fu_4633_p2   |     +    |      0|  0|  16|          16|          16|
    |add_ln703_1413_fu_4639_p2   |     +    |      0|  0|  16|          13|          13|
    |add_ln703_1414_fu_4645_p2   |     +    |      0|  0|  16|          10|          10|
    |add_ln703_1415_fu_4655_p2   |     +    |      0|  0|  16|          13|          13|
    |add_ln703_1416_fu_6236_p2   |     +    |      0|  0|  16|          16|          16|
    |add_ln703_1418_fu_4786_p2   |     +    |      0|  0|  16|          16|          16|
    |add_ln703_1419_fu_4792_p2   |     +    |      0|  0|  16|          16|          16|
    |add_ln703_1420_fu_4798_p2   |     +    |      0|  0|  16|          16|          16|
    |add_ln703_1421_fu_4804_p2   |     +    |      0|  0|  16|          16|          16|
    |add_ln703_1422_fu_6247_p2   |     +    |      0|  0|  16|          16|          16|
    |add_ln703_1423_fu_6251_p2   |     +    |      0|  0|  16|          16|          16|
    |add_ln703_1424_fu_4810_p2   |     +    |      0|  0|  16|          16|          16|
    |add_ln703_1425_fu_4816_p2   |     +    |      0|  0|  16|          16|          16|
    |add_ln703_1426_fu_4822_p2   |     +    |      0|  0|  16|          16|          16|
    |add_ln703_1427_fu_4828_p2   |     +    |      0|  0|  16|          16|           5|
    |add_ln703_1428_fu_4834_p2   |     +    |      0|  0|  16|          16|          16|
    |add_ln703_1429_fu_6256_p2   |     +    |      0|  0|  16|          16|          16|
    |add_ln703_1431_fu_4987_p2   |     +    |      0|  0|  16|          16|          16|
    |add_ln703_1432_fu_4993_p2   |     +    |      0|  0|  16|          16|          16|
    |add_ln703_1433_fu_4999_p2   |     +    |      0|  0|  16|          16|          16|
    |add_ln703_1434_fu_6266_p2   |     +    |      0|  0|  16|          16|          16|
    |add_ln703_1435_fu_6270_p2   |     +    |      0|  0|  16|          16|          16|
    |add_ln703_1436_fu_5005_p2   |     +    |      0|  0|  15|          15|          15|
    |add_ln703_1437_fu_5015_p2   |     +    |      0|  0|  16|          16|          16|
    |add_ln703_1438_fu_5021_p2   |     +    |      0|  0|  14|          14|          14|
    |add_ln703_1439_fu_5031_p2   |     +    |      0|  0|  12|          12|          12|
    |add_ln703_1440_fu_5041_p2   |     +    |      0|  0|  15|          15|          15|
    |add_ln703_1441_fu_6278_p2   |     +    |      0|  0|  16|          16|          16|
    |add_ln703_1443_fu_5238_p2   |     +    |      0|  0|  16|          16|          16|
    |add_ln703_1444_fu_5244_p2   |     +    |      0|  0|  16|          16|          16|
    |add_ln703_1445_fu_5250_p2   |     +    |      0|  0|  16|          16|          16|
    |add_ln703_1446_fu_5256_p2   |     +    |      0|  0|  16|          16|          16|
    |add_ln703_1447_fu_6289_p2   |     +    |      0|  0|  16|          16|          16|
    |add_ln703_1448_fu_6293_p2   |     +    |      0|  0|  16|          16|          16|
    |add_ln703_1449_fu_5262_p2   |     +    |      0|  0|  16|          16|          16|
    |add_ln703_1450_fu_5268_p2   |     +    |      0|  0|  16|          16|          16|
    |add_ln703_1451_fu_5274_p2   |     +    |      0|  0|  16|          15|          15|
    |add_ln703_1452_fu_5280_p2   |     +    |      0|  0|  12|          12|           4|
    |add_ln703_1453_fu_5290_p2   |     +    |      0|  0|  16|          15|          15|
    |add_ln703_1454_fu_6301_p2   |     +    |      0|  0|  16|          16|          16|
    |add_ln703_1456_fu_5431_p2   |     +    |      0|  0|  16|          16|          16|
    |add_ln703_1457_fu_5437_p2   |     +    |      0|  0|  16|          16|          16|
    |add_ln703_1458_fu_5443_p2   |     +    |      0|  0|  16|          16|          16|
    |add_ln703_1459_fu_5449_p2   |     +    |      0|  0|  16|          16|          16|
    |add_ln703_1460_fu_6312_p2   |     +    |      0|  0|  16|          16|          16|
    |add_ln703_1461_fu_6316_p2   |     +    |      0|  0|  16|          16|          16|
    |add_ln703_1462_fu_5455_p2   |     +    |      0|  0|  16|          16|          16|
    |add_ln703_1463_fu_5461_p2   |     +    |      0|  0|  16|          16|          16|
    |add_ln703_1464_fu_5467_p2   |     +    |      0|  0|  16|          16|          16|
    |add_ln703_1465_fu_5473_p2   |     +    |      0|  0|  15|          15|           4|
    |add_ln703_1466_fu_5483_p2   |     +    |      0|  0|  16|          16|          16|
    |add_ln703_1467_fu_6321_p2   |     +    |      0|  0|  16|          16|          16|
    |add_ln703_1469_fu_5662_p2   |     +    |      0|  0|  16|          16|          16|
    |add_ln703_1470_fu_5668_p2   |     +    |      0|  0|  16|          16|          16|
    |add_ln703_1471_fu_5674_p2   |     +    |      0|  0|  16|          16|          16|
    |add_ln703_1472_fu_5680_p2   |     +    |      0|  0|  16|          16|          16|
    |add_ln703_1473_fu_6331_p2   |     +    |      0|  0|  16|          16|          16|
    |add_ln703_1474_fu_6335_p2   |     +    |      0|  0|  16|          16|          16|
    |add_ln703_1475_fu_5686_p2   |     +    |      0|  0|  16|          16|          16|
    |add_ln703_1476_fu_5692_p2   |     +    |      0|  0|  16|          16|          16|
    |add_ln703_1477_fu_5698_p2   |     +    |      0|  0|  16|          15|          15|
    |add_ln703_1478_fu_5704_p2   |     +    |      0|  0|  11|          11|           8|
    |add_ln703_1479_fu_5714_p2   |     +    |      0|  0|  16|          15|          15|
    |add_ln703_1480_fu_6343_p2   |     +    |      0|  0|  16|          16|          16|
    |add_ln703_1482_fu_5891_p2   |     +    |      0|  0|  16|          16|          16|
    |add_ln703_1483_fu_5897_p2   |     +    |      0|  0|  16|          16|          16|
    |add_ln703_1484_fu_5903_p2   |     +    |      0|  0|  16|          16|          16|
    |add_ln703_1485_fu_6392_p2   |     +    |      0|  0|  16|          16|          16|
    |add_ln703_1486_fu_6397_p2   |     +    |      0|  0|  16|          16|          16|
    |add_ln703_1487_fu_5909_p2   |     +    |      0|  0|  15|          15|          15|
    |add_ln703_1488_fu_5919_p2   |     +    |      0|  0|  16|          16|          16|
    |add_ln703_1489_fu_5925_p2   |     +    |      0|  0|  13|          13|          13|
    |add_ln703_1490_fu_5935_p2   |     +    |      0|  0|  13|          13|           3|
    |add_ln703_1491_fu_5945_p2   |     +    |      0|  0|  14|          14|          14|
    |add_ln703_1492_fu_6405_p2   |     +    |      0|  0|  16|          16|          16|
    |add_ln703_fu_977_p2         |     +    |      0|  0|  16|          16|          16|
    |sub_ln1118_10_fu_1730_p2    |     -    |      0|  0|  16|          22|          22|
    |sub_ln1118_11_fu_1779_p2    |     -    |      0|  0|  19|          19|          19|
    |sub_ln1118_12_fu_1887_p2    |     -    |      0|  0|  21|          21|          21|
    |sub_ln1118_13_fu_2086_p2    |     -    |      0|  0|  16|           1|          24|
    |sub_ln1118_14_fu_2092_p2    |     -    |      0|  0|  16|          24|          24|
    |sub_ln1118_15_fu_2146_p2    |     -    |      0|  0|  22|          22|          22|
    |sub_ln1118_16_fu_2194_p2    |     -    |      0|  0|  20|          20|          20|
    |sub_ln1118_17_fu_2243_p2    |     -    |      0|  0|  18|           1|          18|
    |sub_ln1118_18_fu_2432_p2    |     -    |      0|  0|  16|           1|          21|
    |sub_ln1118_19_fu_2438_p2    |     -    |      0|  0|  16|          21|          21|
    |sub_ln1118_1_fu_659_p2      |     -    |      0|  0|  16|          24|          24|
    |sub_ln1118_20_fu_2475_p2    |     -    |      0|  0|  20|          20|          20|
    |sub_ln1118_21_fu_2758_p2    |     -    |      0|  0|  22|          22|          22|
    |sub_ln1118_220_fu_2852_p2   |     -    |      0|  0|  22|          22|          22|
    |sub_ln1118_221_fu_2991_p2   |     -    |      0|  0|  22|          22|          22|
    |sub_ln1118_222_fu_3579_p2   |     -    |      0|  0|  22|          22|          22|
    |sub_ln1118_223_fu_4006_p2   |     -    |      0|  0|  20|          20|          20|
    |sub_ln1118_224_fu_5060_p2   |     -    |      0|  0|  22|          22|          22|
    |sub_ln1118_22_fu_2910_p2    |     -    |      0|  0|  24|          24|          24|
    |sub_ln1118_23_fu_2950_p2    |     -    |      0|  0|  22|          22|          22|
    |sub_ln1118_24_fu_3157_p2    |     -    |      0|  0|  16|           1|          24|
    |sub_ln1118_25_fu_3179_p2    |     -    |      0|  0|  16|          24|          24|
    |sub_ln1118_26_fu_3235_p2    |     -    |      0|  0|  18|           1|          18|
    |sub_ln1118_27_fu_3276_p2    |     -    |      0|  0|  24|          24|          24|
    |sub_ln1118_28_fu_3454_p2    |     -    |      0|  0|  22|          22|          22|
    |sub_ln1118_29_fu_3486_p2    |     -    |      0|  0|  21|          21|          21|
    |sub_ln1118_2_fu_869_p2      |     -    |      0|  0|  23|          23|          23|
    |sub_ln1118_30_fu_3506_p2    |     -    |      0|  0|  20|           1|          20|
    |sub_ln1118_31_fu_3547_p2    |     -    |      0|  0|  20|           1|          20|
    |sub_ln1118_32_fu_3800_p2    |     -    |      0|  0|  22|          22|          22|
    |sub_ln1118_33_fu_3849_p2    |     -    |      0|  0|  16|           1|          21|
    |sub_ln1118_34_fu_3855_p2    |     -    |      0|  0|  16|          21|          21|
    |sub_ln1118_35_fu_4158_p2    |     -    |      0|  0|  23|          23|          23|
    |sub_ln1118_36_fu_4190_p2    |     -    |      0|  0|  23|          23|          23|
    |sub_ln1118_37_fu_4253_p2    |     -    |      0|  0|  16|           1|          19|
    |sub_ln1118_38_fu_4259_p2    |     -    |      0|  0|  16|          19|          19|
    |sub_ln1118_39_fu_4291_p2    |     -    |      0|  0|  24|          24|          24|
    |sub_ln1118_3_fu_1094_p2     |     -    |      0|  0|  23|          23|          23|
    |sub_ln1118_40_fu_4360_p2    |     -    |      0|  0|  16|           1|          23|
    |sub_ln1118_41_fu_4366_p2    |     -    |      0|  0|  16|          23|          23|
    |sub_ln1118_42_fu_4468_p2    |     -    |      0|  0|  18|           1|          18|
    |sub_ln1118_43_fu_4506_p2    |     -    |      0|  0|  20|           1|          20|
    |sub_ln1118_44_fu_4535_p2    |     -    |      0|  0|  20|          20|          20|
    |sub_ln1118_45_fu_4697_p2    |     -    |      0|  0|  16|           1|          23|
    |sub_ln1118_46_fu_4703_p2    |     -    |      0|  0|  16|          23|          23|
    |sub_ln1118_47_fu_4911_p2    |     -    |      0|  0|  17|           1|          17|
    |sub_ln1118_48_fu_4940_p2    |     -    |      0|  0|  24|          24|          24|
    |sub_ln1118_49_fu_5093_p2    |     -    |      0|  0|  16|           1|          21|
    |sub_ln1118_4_fu_1151_p2     |     -    |      0|  0|  24|          24|          24|
    |sub_ln1118_50_fu_5099_p2    |     -    |      0|  0|  16|          21|          21|
    |sub_ln1118_51_fu_5159_p2    |     -    |      0|  0|  19|          19|          19|
    |sub_ln1118_52_fu_5569_p2    |     -    |      0|  0|  24|          24|          24|
    |sub_ln1118_53_fu_5720_p2    |     -    |      0|  0|  16|           1|          20|
    |sub_ln1118_54_fu_5726_p2    |     -    |      0|  0|  16|          20|          20|
    |sub_ln1118_55_fu_5786_p2    |     -    |      0|  0|  16|           1|          20|
    |sub_ln1118_56_fu_5792_p2    |     -    |      0|  0|  16|          20|          20|
    |sub_ln1118_57_fu_5824_p2    |     -    |      0|  0|  20|          20|          20|
    |sub_ln1118_58_fu_6376_p2    |     -    |      0|  0|  24|          24|          24|
    |sub_ln1118_59_fu_5853_p2    |     -    |      0|  0|  22|          22|          22|
    |sub_ln1118_5_fu_1275_p2     |     -    |      0|  0|  16|           1|          19|
    |sub_ln1118_6_fu_1281_p2     |     -    |      0|  0|  16|          19|          19|
    |sub_ln1118_7_fu_1375_p2     |     -    |      0|  0|  18|           1|          18|
    |sub_ln1118_8_fu_1449_p2     |     -    |      0|  0|  19|           1|          19|
    |sub_ln1118_9_fu_1708_p2     |     -    |      0|  0|  16|           1|          22|
    |sub_ln1118_fu_637_p2        |     -    |      0|  0|  16|           1|          24|
    +----------------------------+----------+-------+---+----+------------+------------+
    |Total                       |          |      1|  0|5629|        5344|        5585|
    +----------------------------+----------+-------+---+----+------------+------------+

    * Multiplexer: 
    N/A

    * Register: 
    +--------------------------+----+----+-----+-----------+
    |           Name           | FF | LUT| Bits| Const Bits|
    +--------------------------+----+----+-----+-----------+
    |add_ln703_1238_reg_7716   |  16|   0|   16|          0|
    |add_ln703_1239_reg_7721   |  16|   0|   16|          0|
    |add_ln703_1243_reg_7726   |  16|   0|   16|          0|
    |add_ln703_1246_reg_7731   |  16|   0|   16|          0|
    |add_ln703_1250_reg_7736   |  16|   0|   16|          0|
    |add_ln703_1251_reg_7741   |  16|   0|   16|          0|
    |add_ln703_1252_reg_7746   |  16|   0|   16|          0|
    |add_ln703_1256_reg_7751   |  16|   0|   16|          0|
    |add_ln703_1259_reg_7756   |  16|   0|   16|          0|
    |add_ln703_1263_reg_7761   |  16|   0|   16|          0|
    |add_ln703_1266_reg_7766   |  16|   0|   16|          0|
    |add_ln703_1273_reg_7771   |  15|   0|   15|          0|
    |add_ln703_1276_reg_7776   |  16|   0|   16|          0|
    |add_ln703_1277_reg_7781   |  16|   0|   16|          0|
    |add_ln703_1278_reg_7786   |  16|   0|   16|          0|
    |add_ln703_1282_reg_7791   |  16|   0|   16|          0|
    |add_ln703_1285_reg_7796   |  14|   0|   14|          0|
    |add_ln703_1289_reg_7801   |  16|   0|   16|          0|
    |add_ln703_1290_reg_7806   |  16|   0|   16|          0|
    |add_ln703_1291_reg_7811   |  16|   0|   16|          0|
    |add_ln703_1295_reg_7816   |  16|   0|   16|          0|
    |add_ln703_1298_reg_7821   |  14|   0|   14|          0|
    |add_ln703_1302_reg_7826   |  16|   0|   16|          0|
    |add_ln703_1303_reg_7831   |  16|   0|   16|          0|
    |add_ln703_1304_reg_7836   |  16|   0|   16|          0|
    |add_ln703_1308_reg_7841   |  16|   0|   16|          0|
    |add_ln703_1311_reg_7846   |  16|   0|   16|          0|
    |add_ln703_1315_reg_7851   |  16|   0|   16|          0|
    |add_ln703_1316_reg_7856   |  16|   0|   16|          0|
    |add_ln703_1317_reg_7861   |  16|   0|   16|          0|
    |add_ln703_1321_reg_7866   |  16|   0|   16|          0|
    |add_ln703_1324_reg_7871   |  16|   0|   16|          0|
    |add_ln703_1328_reg_7876   |  16|   0|   16|          0|
    |add_ln703_1329_reg_7881   |  16|   0|   16|          0|
    |add_ln703_1330_reg_7886   |  15|   0|   15|          0|
    |add_ln703_1334_reg_7891   |  16|   0|   16|          0|
    |add_ln703_1337_reg_7896   |  16|   0|   16|          0|
    |add_ln703_1341_reg_7901   |  16|   0|   16|          0|
    |add_ln703_1342_reg_7906   |  16|   0|   16|          0|
    |add_ln703_1343_reg_7911   |  16|   0|   16|          0|
    |add_ln703_1347_reg_7916   |  16|   0|   16|          0|
    |add_ln703_1350_reg_7921   |  16|   0|   16|          0|
    |add_ln703_1354_reg_7926   |  16|   0|   16|          0|
    |add_ln703_1355_reg_7931   |  16|   0|   16|          0|
    |add_ln703_1356_reg_7936   |  15|   0|   15|          0|
    |add_ln703_1360_reg_7941   |  16|   0|   16|          0|
    |add_ln703_1363_reg_7946   |  15|   0|   15|          0|
    |add_ln703_1367_reg_7951   |  16|   0|   16|          0|
    |add_ln703_1368_reg_7956   |  16|   0|   16|          0|
    |add_ln703_1369_reg_7961   |  16|   0|   16|          0|
    |add_ln703_1373_reg_7966   |  16|   0|   16|          0|
    |add_ln703_1376_reg_7971   |  15|   0|   15|          0|
    |add_ln703_1380_reg_7976   |  16|   0|   16|          0|
    |add_ln703_1381_reg_7981   |  16|   0|   16|          0|
    |add_ln703_1382_reg_7986   |  16|   0|   16|          0|
    |add_ln703_1386_reg_7991   |  16|   0|   16|          0|
    |add_ln703_1389_reg_7996   |  13|   0|   13|          0|
    |add_ln703_1393_reg_8001   |  16|   0|   16|          0|
    |add_ln703_1394_reg_8006   |  16|   0|   16|          0|
    |add_ln703_1395_reg_8011   |  16|   0|   16|          0|
    |add_ln703_1399_reg_8016   |  16|   0|   16|          0|
    |add_ln703_1402_reg_8021   |  14|   0|   14|          0|
    |add_ln703_1407_reg_8031   |  16|   0|   16|          0|
    |add_ln703_1408_reg_8036   |  16|   0|   16|          0|
    |add_ln703_1412_reg_8041   |  16|   0|   16|          0|
    |add_ln703_1415_reg_8046   |  13|   0|   13|          0|
    |add_ln703_1419_reg_8051   |  16|   0|   16|          0|
    |add_ln703_1420_reg_8056   |  16|   0|   16|          0|
    |add_ln703_1421_reg_8061   |  16|   0|   16|          0|
    |add_ln703_1425_reg_8066   |  16|   0|   16|          0|
    |add_ln703_1428_reg_8071   |  16|   0|   16|          0|
    |add_ln703_1432_reg_8081   |  16|   0|   16|          0|
    |add_ln703_1433_reg_8086   |  16|   0|   16|          0|
    |add_ln703_1437_reg_8091   |  16|   0|   16|          0|
    |add_ln703_1440_reg_8096   |  15|   0|   15|          0|
    |add_ln703_1444_reg_8101   |  16|   0|   16|          0|
    |add_ln703_1445_reg_8106   |  16|   0|   16|          0|
    |add_ln703_1446_reg_8111   |  16|   0|   16|          0|
    |add_ln703_1450_reg_8116   |  16|   0|   16|          0|
    |add_ln703_1453_reg_8121   |  15|   0|   15|          0|
    |add_ln703_1457_reg_8126   |  16|   0|   16|          0|
    |add_ln703_1458_reg_8131   |  16|   0|   16|          0|
    |add_ln703_1459_reg_8136   |  16|   0|   16|          0|
    |add_ln703_1463_reg_8141   |  16|   0|   16|          0|
    |add_ln703_1466_reg_8146   |  16|   0|   16|          0|
    |add_ln703_1470_reg_8151   |  16|   0|   16|          0|
    |add_ln703_1471_reg_8156   |  16|   0|   16|          0|
    |add_ln703_1472_reg_8161   |  16|   0|   16|          0|
    |add_ln703_1476_reg_8166   |  16|   0|   16|          0|
    |add_ln703_1479_reg_8171   |  15|   0|   15|          0|
    |add_ln703_1483_reg_8176   |  16|   0|   16|          0|
    |add_ln703_1484_reg_8181   |  16|   0|   16|          0|
    |add_ln703_1488_reg_8186   |  16|   0|   16|          0|
    |add_ln703_1491_reg_8191   |  14|   0|   14|          0|
    |data_8_V_read_6_reg_7705  |  16|   0|   16|          0|
    |trunc_ln708_241_reg_7711  |  16|   0|   16|          0|
    |trunc_ln708_405_reg_8026  |  16|   0|   16|          0|
    |trunc_ln708_428_reg_8076  |  16|   0|   16|          0|
    +--------------------------+----+----+-----+-----------+
    |Total                     |1546|   0| 1546|          0|
    +--------------------------+----+----+-----+-----------+



================================================================
== Interface
================================================================
* Summary: 
+----------------+-----+-----+------------+------------------------------------------------+--------------+
|    RTL Ports   | Dir | Bits|  Protocol  |                  Source Object                 |    C Type    |
+----------------+-----+-----+------------+------------------------------------------------+--------------+
|ap_clk          |  in |    1| ap_ctrl_hs | dense_resource<ap_fixed,ap_fixed,config2_mult> | return value |
|ap_rst          |  in |    1| ap_ctrl_hs | dense_resource<ap_fixed,ap_fixed,config2_mult> | return value |
|ap_return_0     | out |   16| ap_ctrl_hs | dense_resource<ap_fixed,ap_fixed,config2_mult> | return value |
|ap_return_1     | out |   16| ap_ctrl_hs | dense_resource<ap_fixed,ap_fixed,config2_mult> | return value |
|ap_return_2     | out |   16| ap_ctrl_hs | dense_resource<ap_fixed,ap_fixed,config2_mult> | return value |
|ap_return_3     | out |   16| ap_ctrl_hs | dense_resource<ap_fixed,ap_fixed,config2_mult> | return value |
|ap_return_4     | out |   16| ap_ctrl_hs | dense_resource<ap_fixed,ap_fixed,config2_mult> | return value |
|ap_return_5     | out |   16| ap_ctrl_hs | dense_resource<ap_fixed,ap_fixed,config2_mult> | return value |
|ap_return_6     | out |   16| ap_ctrl_hs | dense_resource<ap_fixed,ap_fixed,config2_mult> | return value |
|ap_return_7     | out |   16| ap_ctrl_hs | dense_resource<ap_fixed,ap_fixed,config2_mult> | return value |
|ap_return_8     | out |   16| ap_ctrl_hs | dense_resource<ap_fixed,ap_fixed,config2_mult> | return value |
|ap_return_9     | out |   16| ap_ctrl_hs | dense_resource<ap_fixed,ap_fixed,config2_mult> | return value |
|ap_return_10    | out |   16| ap_ctrl_hs | dense_resource<ap_fixed,ap_fixed,config2_mult> | return value |
|ap_return_11    | out |   16| ap_ctrl_hs | dense_resource<ap_fixed,ap_fixed,config2_mult> | return value |
|ap_return_12    | out |   16| ap_ctrl_hs | dense_resource<ap_fixed,ap_fixed,config2_mult> | return value |
|ap_return_13    | out |   16| ap_ctrl_hs | dense_resource<ap_fixed,ap_fixed,config2_mult> | return value |
|ap_return_14    | out |   16| ap_ctrl_hs | dense_resource<ap_fixed,ap_fixed,config2_mult> | return value |
|ap_return_15    | out |   16| ap_ctrl_hs | dense_resource<ap_fixed,ap_fixed,config2_mult> | return value |
|ap_return_16    | out |   16| ap_ctrl_hs | dense_resource<ap_fixed,ap_fixed,config2_mult> | return value |
|ap_return_17    | out |   16| ap_ctrl_hs | dense_resource<ap_fixed,ap_fixed,config2_mult> | return value |
|ap_return_18    | out |   16| ap_ctrl_hs | dense_resource<ap_fixed,ap_fixed,config2_mult> | return value |
|ap_return_19    | out |   16| ap_ctrl_hs | dense_resource<ap_fixed,ap_fixed,config2_mult> | return value |
|data_0_V_read   |  in |   16|   ap_none  |                  data_0_V_read                 |    scalar    |
|data_1_V_read   |  in |   16|   ap_none  |                  data_1_V_read                 |    scalar    |
|data_2_V_read   |  in |   16|   ap_none  |                  data_2_V_read                 |    scalar    |
|data_3_V_read   |  in |   16|   ap_none  |                  data_3_V_read                 |    scalar    |
|data_4_V_read   |  in |   16|   ap_none  |                  data_4_V_read                 |    scalar    |
|data_5_V_read   |  in |   16|   ap_none  |                  data_5_V_read                 |    scalar    |
|data_6_V_read   |  in |   16|   ap_none  |                  data_6_V_read                 |    scalar    |
|data_7_V_read   |  in |   16|   ap_none  |                  data_7_V_read                 |    scalar    |
|data_8_V_read   |  in |   16|   ap_none  |                  data_8_V_read                 |    scalar    |
|data_9_V_read   |  in |   16|   ap_none  |                  data_9_V_read                 |    scalar    |
|data_10_V_read  |  in |   16|   ap_none  |                 data_10_V_read                 |    scalar    |
|data_11_V_read  |  in |   16|   ap_none  |                 data_11_V_read                 |    scalar    |
|data_12_V_read  |  in |   16|   ap_none  |                 data_12_V_read                 |    scalar    |
+----------------+-----+-----+------------+------------------------------------------------+--------------+

