

================================================================
== Vivado HLS Report for 'dense_latency_0_0_0_0_0_0_0_0_0_0_0'
================================================================
* Date:           Mon Jun  6 10:34:57 2022

* Version:        2019.1 (Build 2552052 on Fri May 24 15:28:33 MDT 2019)
* Project:        myproject_prj
* Solution:       solution1
* Product family: virtexuplus
* Target device:  xcvu9p-flgb2104-2-i


================================================================
== Performance Estimates
================================================================
+ Timing (ns): 
    * Summary: 
    +--------+-------+----------+------------+
    |  Clock | Target| Estimated| Uncertainty|
    +--------+-------+----------+------------+
    |ap_clk  |   2.50|     2.066|        0.31|
    +--------+-------+----------+------------+

+ Latency (clock cycles): 
    * Summary: 
    +-----+-----+-----+-----+----------+
    |  Latency  |  Interval | Pipeline |
    | min | max | min | max |   Type   |
    +-----+-----+-----+-----+----------+
    |    4|    4|    5|    5| function |
    +-----+-----+-----+-----+----------+

    + Detail: 
        * Instance: 
        N/A

        * Loop: 
        N/A



================================================================
== Utilization Estimates
================================================================
* Summary: 
+---------------------+---------+-------+---------+---------+-----+
|         Name        | BRAM_18K| DSP48E|    FF   |   LUT   | URAM|
+---------------------+---------+-------+---------+---------+-----+
|DSP                  |        -|      -|        -|        -|    -|
|Expression           |        -|     40|        0|     4786|    -|
|FIFO                 |        -|      -|        -|        -|    -|
|Instance             |        -|      -|        -|        -|    -|
|Memory               |        -|      -|        -|        -|    -|
|Multiplexer          |        -|      -|        -|     1767|    -|
|Register             |        -|      -|     3031|        -|    -|
+---------------------+---------+-------+---------+---------+-----+
|Total                |        0|     40|     3031|     6553|    0|
+---------------------+---------+-------+---------+---------+-----+
|Available SLR        |     1440|   2280|   788160|   394080|  320|
+---------------------+---------+-------+---------+---------+-----+
|Utilization SLR (%)  |        0|      1|    ~0   |        1|    0|
+---------------------+---------+-------+---------+---------+-----+
|Available            |     4320|   6840|  2364480|  1182240|  960|
+---------------------+---------+-------+---------+---------+-----+
|Utilization (%)      |        0|   ~0  |    ~0   |    ~0   |    0|
+---------------------+---------+-------+---------+---------+-----+

+ Detail: 
    * Instance: 
    N/A

    * DSP48E: 
    N/A

    * Memory: 
    N/A

    * FIFO: 
    N/A

    * Expression: 
    +----------------------------+----------+-------+---+----+------------+------------+
    |        Variable Name       | Operation| DSP48E| FF| LUT| Bitwidth P0| Bitwidth P1|
    +----------------------------+----------+-------+---+----+------------+------------+
    |grp_fu_534_p2               |     *    |      1|  0|   5|          16|          10|
    |grp_fu_535_p2               |     *    |      1|  0|   5|          16|           8|
    |grp_fu_536_p2               |     *    |      1|  0|   5|          16|           9|
    |grp_fu_537_p2               |     *    |      1|  0|   5|          16|           9|
    |grp_fu_538_p2               |     *    |      1|  0|   5|          16|           9|
    |grp_fu_539_p2               |     *    |      1|  0|   5|          16|           9|
    |grp_fu_540_p2               |     *    |      1|  0|   5|          16|           9|
    |grp_fu_541_p2               |     *    |      1|  0|   5|          16|          10|
    |grp_fu_542_p2               |     *    |      1|  0|   5|          16|          10|
    |grp_fu_543_p2               |     *    |      1|  0|   5|          16|          10|
    |grp_fu_544_p2               |     *    |      1|  0|   5|          16|          10|
    |grp_fu_545_p2               |     *    |      1|  0|   5|          16|           9|
    |grp_fu_546_p2               |     *    |      1|  0|   5|          16|          10|
    |grp_fu_547_p2               |     *    |      1|  0|   5|          16|           9|
    |grp_fu_548_p2               |     *    |      1|  0|   5|          16|           9|
    |grp_fu_549_p2               |     *    |      1|  0|   5|          16|          10|
    |grp_fu_550_p2               |     *    |      1|  0|   5|          16|           9|
    |grp_fu_551_p2               |     *    |      1|  0|   5|          16|          10|
    |grp_fu_552_p2               |     *    |      1|  0|   5|          16|          11|
    |grp_fu_553_p2               |     *    |      1|  0|   5|          16|           9|
    |grp_fu_554_p2               |     *    |      1|  0|   5|          16|           9|
    |grp_fu_555_p2               |     *    |      1|  0|   5|          16|          11|
    |grp_fu_556_p2               |     *    |      1|  0|   5|          16|          10|
    |grp_fu_557_p2               |     *    |      1|  0|   5|          16|          10|
    |grp_fu_558_p2               |     *    |      1|  0|   5|          16|          10|
    |grp_fu_559_p2               |     *    |      1|  0|   5|          16|           8|
    |grp_fu_560_p2               |     *    |      1|  0|   5|          16|          10|
    |grp_fu_561_p2               |     *    |      1|  0|   5|          16|           9|
    |grp_fu_562_p2               |     *    |      1|  0|   5|          16|           9|
    |grp_fu_563_p2               |     *    |      1|  0|   5|          16|           9|
    |grp_fu_564_p2               |     *    |      1|  0|   5|          16|          10|
    |grp_fu_565_p2               |     *    |      1|  0|   5|          16|           9|
    |grp_fu_566_p2               |     *    |      1|  0|   5|          16|           8|
    |grp_fu_567_p2               |     *    |      1|  0|   5|          16|           9|
    |grp_fu_568_p2               |     *    |      1|  0|   5|          16|          10|
    |grp_fu_569_p2               |     *    |      1|  0|   5|          16|          10|
    |grp_fu_570_p2               |     *    |      1|  0|   5|          16|          10|
    |grp_fu_571_p2               |     *    |      1|  0|   5|          16|           9|
    |grp_fu_572_p2               |     *    |      1|  0|   5|          16|           9|
    |grp_fu_573_p2               |     *    |      1|  0|   5|          16|          10|
    |acc_1_V_fu_15430_p2         |     +    |      0|  0|  16|          16|          16|
    |acc_2_V_fu_15464_p2         |     +    |      0|  0|  16|          16|          16|
    |acc_3_V_fu_15501_p2         |     +    |      0|  0|  16|          16|          16|
    |acc_4_V_fu_15533_p2         |     +    |      0|  0|  16|          16|          16|
    |acc_5_V_fu_15562_p2         |     +    |      0|  0|  16|          16|          16|
    |acc_6_V_fu_15594_p2         |     +    |      0|  0|  16|          16|          16|
    |acc_7_V_fu_15626_p2         |     +    |      0|  0|  16|          16|          16|
    |acc_8_V_fu_15656_p2         |     +    |      0|  0|  16|          16|          16|
    |acc_9_V_fu_15693_p2         |     +    |      0|  0|  16|          16|          16|
    |add_ln1118_17_fu_14431_p2   |     +    |      0|  0|  23|          23|          23|
    |add_ln1118_18_fu_12239_p2   |     +    |      0|  0|  24|          24|          24|
    |add_ln1118_19_fu_12667_p2   |     +    |      0|  0|  21|          21|          21|
    |add_ln1118_20_fu_12136_p2   |     +    |      0|  0|  22|          22|          22|
    |add_ln1118_21_fu_13362_p2   |     +    |      0|  0|  24|          24|          24|
    |add_ln1118_22_fu_14658_p2   |     +    |      0|  0|  24|          24|          24|
    |add_ln1118_23_fu_13767_p2   |     +    |      0|  0|  19|          19|          19|
    |add_ln1118_24_fu_14747_p2   |     +    |      0|  0|  24|          24|          24|
    |add_ln1118_25_fu_14778_p2   |     +    |      0|  0|  22|          22|          22|
    |add_ln1118_26_fu_13900_p2   |     +    |      0|  0|  20|          20|          20|
    |add_ln1118_27_fu_13932_p2   |     +    |      0|  0|  23|          23|          23|
    |add_ln1118_fu_12996_p2      |     +    |      0|  0|  19|          19|          19|
    |add_ln703_332_fu_12754_p2   |     +    |      0|  0|  16|          16|          16|
    |add_ln703_333_fu_14042_p2   |     +    |      0|  0|  16|          16|          16|
    |add_ln703_334_fu_14046_p2   |     +    |      0|  0|  16|          16|          16|
    |add_ln703_335_fu_15054_p2   |     +    |      0|  0|  16|          16|          16|
    |add_ln703_336_fu_15373_p2   |     +    |      0|  0|  16|          16|          16|
    |add_ln703_337_fu_15378_p2   |     +    |      0|  0|  16|          16|          16|
    |add_ln703_338_fu_15384_p2   |     +    |      0|  0|  16|          16|          16|
    |add_ln703_339_fu_15389_p2   |     +    |      0|  0|  16|          16|          16|
    |add_ln703_340_fu_12760_p2   |     +    |      0|  0|  16|          16|          16|
    |add_ln703_341_fu_14051_p2   |     +    |      0|  0|  16|          16|          16|
    |add_ln703_342_fu_14057_p2   |     +    |      0|  0|  16|          16|          16|
    |add_ln703_343_fu_14063_p2   |     +    |      0|  0|  16|          16|          16|
    |add_ln703_344_fu_15060_p2   |     +    |      0|  0|  16|          16|          16|
    |add_ln703_345_fu_15064_p2   |     +    |      0|  0|  16|          16|          16|
    |add_ln703_346_fu_15070_p2   |     +    |      0|  0|  15|          15|           8|
    |add_ln703_347_fu_15080_p2   |     +    |      0|  0|  16|          16|          16|
    |add_ln703_348_fu_15085_p2   |     +    |      0|  0|  16|          16|          16|
    |add_ln703_349_fu_15394_p2   |     +    |      0|  0|  16|          16|          16|
    |add_ln703_350_fu_15398_p2   |     +    |      0|  0|  16|          16|          16|
    |add_ln703_351_fu_12766_p2   |     +    |      0|  0|  16|          16|          16|
    |add_ln703_352_fu_12772_p2   |     +    |      0|  0|  16|          16|          16|
    |add_ln703_353_fu_14068_p2   |     +    |      0|  0|  16|          16|          16|
    |add_ln703_354_fu_14073_p2   |     +    |      0|  0|  16|          16|          16|
    |add_ln703_355_fu_15091_p2   |     +    |      0|  0|  16|          16|          16|
    |add_ln703_356_fu_15404_p2   |     +    |      0|  0|  16|          16|          16|
    |add_ln703_357_fu_15410_p2   |     +    |      0|  0|  16|          16|          16|
    |add_ln703_358_fu_15416_p2   |     +    |      0|  0|  16|          16|          16|
    |add_ln703_359_fu_15421_p2   |     +    |      0|  0|  16|          16|          16|
    |add_ln703_360_fu_14078_p2   |     +    |      0|  0|  16|          16|          16|
    |add_ln703_361_fu_15097_p2   |     +    |      0|  0|  16|          16|          16|
    |add_ln703_362_fu_15103_p2   |     +    |      0|  0|  16|          16|          16|
    |add_ln703_363_fu_15109_p2   |     +    |      0|  0|  16|          16|          16|
    |add_ln703_364_fu_15114_p2   |     +    |      0|  0|  16|          16|          16|
    |add_ln703_365_fu_15120_p2   |     +    |      0|  0|  16|          16|          16|
    |add_ln703_366_fu_12777_p2   |     +    |      0|  0|  13|          13|           4|
    |add_ln703_367_fu_12787_p2   |     +    |      0|  0|  14|          14|          14|
    |add_ln703_368_fu_15129_p2   |     +    |      0|  0|  16|          16|          16|
    |add_ln703_369_fu_15426_p2   |     +    |      0|  0|  16|          16|          16|
    |add_ln703_371_fu_12793_p2   |     +    |      0|  0|  16|          16|          16|
    |add_ln703_372_fu_12799_p2   |     +    |      0|  0|  16|          16|          16|
    |add_ln703_373_fu_14084_p2   |     +    |      0|  0|  16|          16|          16|
    |add_ln703_374_fu_14088_p2   |     +    |      0|  0|  16|          16|          16|
    |add_ln703_375_fu_15135_p2   |     +    |      0|  0|  15|          15|          15|
    |add_ln703_376_fu_15439_p2   |     +    |      0|  0|  16|          16|          16|
    |add_ln703_377_fu_15443_p2   |     +    |      0|  0|  16|          16|          16|
    |add_ln703_378_fu_15449_p2   |     +    |      0|  0|  16|          16|          16|
    |add_ln703_379_fu_15455_p2   |     +    |      0|  0|  16|          16|          16|
    |add_ln703_380_fu_14093_p2   |     +    |      0|  0|  16|          16|          16|
    |add_ln703_381_fu_14098_p2   |     +    |      0|  0|  16|          16|          16|
    |add_ln703_382_fu_14104_p2   |     +    |      0|  0|  16|          16|          16|
    |add_ln703_383_fu_14110_p2   |     +    |      0|  0|  16|          16|          16|
    |add_ln703_384_fu_14116_p2   |     +    |      0|  0|  16|          16|          16|
    |add_ln703_385_fu_14122_p2   |     +    |      0|  0|  16|          16|          16|
    |add_ln703_386_fu_15141_p2   |     +    |      0|  0|  16|          16|           8|
    |add_ln703_387_fu_15146_p2   |     +    |      0|  0|  16|          16|          16|
    |add_ln703_388_fu_15151_p2   |     +    |      0|  0|  16|          16|          16|
    |add_ln703_389_fu_15460_p2   |     +    |      0|  0|  16|          16|          16|
    |add_ln703_391_fu_12805_p2   |     +    |      0|  0|  16|          16|          16|
    |add_ln703_392_fu_12811_p2   |     +    |      0|  0|  16|          16|          16|
    |add_ln703_393_fu_12817_p2   |     +    |      0|  0|  16|          16|          16|
    |add_ln703_394_fu_12823_p2   |     +    |      0|  0|  16|          16|          16|
    |add_ln703_395_fu_15156_p2   |     +    |      0|  0|  16|          16|          16|
    |add_ln703_396_fu_15161_p2   |     +    |      0|  0|  15|          15|          15|
    |add_ln703_397_fu_15171_p2   |     +    |      0|  0|  16|          16|          16|
    |add_ln703_398_fu_15470_p2   |     +    |      0|  0|  16|          16|          16|
    |add_ln703_399_fu_15474_p2   |     +    |      0|  0|  16|          16|          16|
    |add_ln703_400_fu_14128_p2   |     +    |      0|  0|  16|          16|          16|
    |add_ln703_401_fu_14134_p2   |     +    |      0|  0|  16|          16|          16|
    |add_ln703_402_fu_14140_p2   |     +    |      0|  0|  16|          16|          16|
    |add_ln703_403_fu_14146_p2   |     +    |      0|  0|  16|          16|          16|
    |add_ln703_404_fu_15177_p2   |     +    |      0|  0|  16|          16|          16|
    |add_ln703_405_fu_15183_p2   |     +    |      0|  0|  16|          16|          16|
    |add_ln703_406_fu_15479_p2   |     +    |      0|  0|  16|          16|           8|
    |add_ln703_407_fu_15485_p2   |     +    |      0|  0|  16|          16|          16|
    |add_ln703_408_fu_15491_p2   |     +    |      0|  0|  16|          16|          16|
    |add_ln703_409_fu_15496_p2   |     +    |      0|  0|  16|          16|          16|
    |add_ln703_411_fu_12829_p2   |     +    |      0|  0|  16|          16|          16|
    |add_ln703_412_fu_12834_p2   |     +    |      0|  0|  16|          16|          16|
    |add_ln703_413_fu_12840_p2   |     +    |      0|  0|  16|          16|          16|
    |add_ln703_414_fu_12846_p2   |     +    |      0|  0|  16|          16|          16|
    |add_ln703_415_fu_15189_p2   |     +    |      0|  0|  16|          16|          16|
    |add_ln703_416_fu_15507_p2   |     +    |      0|  0|  16|          16|          16|
    |add_ln703_417_fu_15513_p2   |     +    |      0|  0|  16|          16|          16|
    |add_ln703_418_fu_15519_p2   |     +    |      0|  0|  16|          16|          16|
    |add_ln703_419_fu_15524_p2   |     +    |      0|  0|  16|          16|          16|
    |add_ln703_420_fu_12852_p2   |     +    |      0|  0|  16|          16|          16|
    |add_ln703_421_fu_14152_p2   |     +    |      0|  0|  16|          16|          16|
    |add_ln703_422_fu_14158_p2   |     +    |      0|  0|  16|          16|          16|
    |add_ln703_423_fu_14164_p2   |     +    |      0|  0|  16|          16|          16|
    |add_ln703_424_fu_14169_p2   |     +    |      0|  0|  16|          16|          16|
    |add_ln703_425_fu_14175_p2   |     +    |      0|  0|  16|          16|          16|
    |add_ln703_426_fu_14181_p2   |     +    |      0|  0|  12|          12|           9|
    |add_ln703_427_fu_14191_p2   |     +    |      0|  0|  13|          13|          13|
    |add_ln703_428_fu_14201_p2   |     +    |      0|  0|  16|          16|          16|
    |add_ln703_429_fu_15529_p2   |     +    |      0|  0|  16|          16|          16|
    |add_ln703_431_fu_12858_p2   |     +    |      0|  0|  16|          16|          16|
    |add_ln703_432_fu_12864_p2   |     +    |      0|  0|  16|          16|          16|
    |add_ln703_433_fu_14207_p2   |     +    |      0|  0|  16|          16|          16|
    |add_ln703_434_fu_14212_p2   |     +    |      0|  0|  16|          16|          16|
    |add_ln703_435_fu_15195_p2   |     +    |      0|  0|  16|          16|          16|
    |add_ln703_436_fu_15539_p2   |     +    |      0|  0|  16|          16|          16|
    |add_ln703_437_fu_15543_p2   |     +    |      0|  0|  16|          16|          16|
    |add_ln703_438_fu_15548_p2   |     +    |      0|  0|  16|          16|          16|
    |add_ln703_439_fu_15553_p2   |     +    |      0|  0|  16|          16|          16|
    |add_ln703_440_fu_14217_p2   |     +    |      0|  0|  16|          16|          16|
    |add_ln703_441_fu_14221_p2   |     +    |      0|  0|  16|          16|          16|
    |add_ln703_442_fu_14227_p2   |     +    |      0|  0|  16|          16|          16|
    |add_ln703_443_fu_14233_p2   |     +    |      0|  0|  16|          16|          16|
    |add_ln703_444_fu_15201_p2   |     +    |      0|  0|  16|          16|          16|
    |add_ln703_445_fu_15206_p2   |     +    |      0|  0|  16|          16|          16|
    |add_ln703_446_fu_15212_p2   |     +    |      0|  0|  12|          12|           7|
    |add_ln703_447_fu_15222_p2   |     +    |      0|  0|  16|          16|          16|
    |add_ln703_448_fu_15228_p2   |     +    |      0|  0|  16|          16|          16|
    |add_ln703_449_fu_15558_p2   |     +    |      0|  0|  16|          16|          16|
    |add_ln703_451_fu_12870_p2   |     +    |      0|  0|  16|          16|          16|
    |add_ln703_452_fu_12876_p2   |     +    |      0|  0|  16|          16|          16|
    |add_ln703_453_fu_14239_p2   |     +    |      0|  0|  16|          16|          16|
    |add_ln703_454_fu_14244_p2   |     +    |      0|  0|  16|          16|          16|
    |add_ln703_455_fu_15234_p2   |     +    |      0|  0|  16|          16|          16|
    |add_ln703_456_fu_15568_p2   |     +    |      0|  0|  16|          16|          16|
    |add_ln703_457_fu_15574_p2   |     +    |      0|  0|  16|          16|          16|
    |add_ln703_458_fu_15580_p2   |     +    |      0|  0|  16|          16|          16|
    |add_ln703_459_fu_15585_p2   |     +    |      0|  0|  16|          16|          16|
    |add_ln703_460_fu_12882_p2   |     +    |      0|  0|  16|          16|          16|
    |add_ln703_461_fu_14249_p2   |     +    |      0|  0|  16|          16|          16|
    |add_ln703_462_fu_14255_p2   |     +    |      0|  0|  16|          16|          16|
    |add_ln703_463_fu_14261_p2   |     +    |      0|  0|  16|          16|          16|
    |add_ln703_464_fu_14266_p2   |     +    |      0|  0|  16|          16|          16|
    |add_ln703_465_fu_14272_p2   |     +    |      0|  0|  16|          16|          16|
    |add_ln703_466_fu_14278_p2   |     +    |      0|  0|  16|          15|           6|
    |add_ln703_467_fu_14284_p2   |     +    |      0|  0|  16|          15|          15|
    |add_ln703_468_fu_14294_p2   |     +    |      0|  0|  16|          16|          16|
    |add_ln703_469_fu_15590_p2   |     +    |      0|  0|  16|          16|          16|
    |add_ln703_471_fu_12888_p2   |     +    |      0|  0|  16|          16|          16|
    |add_ln703_472_fu_12892_p2   |     +    |      0|  0|  16|          16|          16|
    |add_ln703_473_fu_12898_p2   |     +    |      0|  0|  16|          16|          16|
    |add_ln703_474_fu_12904_p2   |     +    |      0|  0|  16|          16|          16|
    |add_ln703_475_fu_15240_p2   |     +    |      0|  0|  16|          16|          16|
    |add_ln703_476_fu_15600_p2   |     +    |      0|  0|  16|          16|          16|
    |add_ln703_477_fu_15606_p2   |     +    |      0|  0|  16|          16|          16|
    |add_ln703_478_fu_15612_p2   |     +    |      0|  0|  16|          16|          16|
    |add_ln703_479_fu_15617_p2   |     +    |      0|  0|  16|          16|          16|
    |add_ln703_480_fu_14300_p2   |     +    |      0|  0|  16|          16|          16|
    |add_ln703_481_fu_14306_p2   |     +    |      0|  0|  16|          16|          16|
    |add_ln703_482_fu_14312_p2   |     +    |      0|  0|  16|          16|          16|
    |add_ln703_483_fu_14318_p2   |     +    |      0|  0|  16|          16|          16|
    |add_ln703_484_fu_15246_p2   |     +    |      0|  0|  16|          16|          16|
    |add_ln703_485_fu_15252_p2   |     +    |      0|  0|  16|          16|          16|
    |add_ln703_486_fu_14324_p2   |     +    |      0|  0|  11|          11|           7|
    |add_ln703_487_fu_14334_p2   |     +    |      0|  0|  13|          13|          13|
    |add_ln703_488_fu_15260_p2   |     +    |      0|  0|  16|          16|          16|
    |add_ln703_489_fu_15622_p2   |     +    |      0|  0|  16|          16|          16|
    |add_ln703_491_fu_12910_p2   |     +    |      0|  0|  16|          16|          16|
    |add_ln703_492_fu_12915_p2   |     +    |      0|  0|  16|          16|          16|
    |add_ln703_493_fu_12921_p2   |     +    |      0|  0|  16|          16|          16|
    |add_ln703_494_fu_12927_p2   |     +    |      0|  0|  16|          16|          16|
    |add_ln703_495_fu_15266_p2   |     +    |      0|  0|  16|          16|          16|
    |add_ln703_496_fu_15632_p2   |     +    |      0|  0|  16|          16|          16|
    |add_ln703_497_fu_15636_p2   |     +    |      0|  0|  16|          16|          16|
    |add_ln703_498_fu_15642_p2   |     +    |      0|  0|  16|          16|          16|
    |add_ln703_499_fu_15647_p2   |     +    |      0|  0|  16|          16|          16|
    |add_ln703_500_fu_14340_p2   |     +    |      0|  0|  16|          16|          16|
    |add_ln703_501_fu_15272_p2   |     +    |      0|  0|  16|          16|          16|
    |add_ln703_502_fu_15276_p2   |     +    |      0|  0|  16|          16|          16|
    |add_ln703_503_fu_15282_p2   |     +    |      0|  0|  16|          16|          16|
    |add_ln703_504_fu_15287_p2   |     +    |      0|  0|  16|          16|          16|
    |add_ln703_505_fu_14346_p2   |     +    |      0|  0|  16|          14|           7|
    |add_ln703_506_fu_14352_p2   |     +    |      0|  0|  16|          14|          14|
    |add_ln703_507_fu_15296_p2   |     +    |      0|  0|  16|          16|          16|
    |add_ln703_508_fu_15652_p2   |     +    |      0|  0|  16|          16|          16|
    |add_ln703_510_fu_12933_p2   |     +    |      0|  0|  16|          16|          16|
    |add_ln703_511_fu_12939_p2   |     +    |      0|  0|  16|          16|          16|
    |add_ln703_512_fu_12944_p2   |     +    |      0|  0|  16|          16|          16|
    |add_ln703_513_fu_12950_p2   |     +    |      0|  0|  16|          16|          16|
    |add_ln703_514_fu_15302_p2   |     +    |      0|  0|  16|          16|          16|
    |add_ln703_515_fu_15308_p2   |     +    |      0|  0|  15|          15|          15|
    |add_ln703_516_fu_15318_p2   |     +    |      0|  0|  16|          16|          16|
    |add_ln703_517_fu_15662_p2   |     +    |      0|  0|  16|          16|          16|
    |add_ln703_518_fu_15666_p2   |     +    |      0|  0|  16|          16|          16|
    |add_ln703_519_fu_14358_p2   |     +    |      0|  0|  16|          16|          16|
    |add_ln703_520_fu_14364_p2   |     +    |      0|  0|  16|          16|          16|
    |add_ln703_521_fu_14370_p2   |     +    |      0|  0|  16|          16|          16|
    |add_ln703_522_fu_14376_p2   |     +    |      0|  0|  16|          16|          16|
    |add_ln703_523_fu_15324_p2   |     +    |      0|  0|  16|          16|          16|
    |add_ln703_524_fu_15330_p2   |     +    |      0|  0|  16|          16|          16|
    |add_ln703_525_fu_15671_p2   |     +    |      0|  0|  16|          16|           5|
    |add_ln703_526_fu_15677_p2   |     +    |      0|  0|  16|          16|          16|
    |add_ln703_527_fu_15683_p2   |     +    |      0|  0|  16|          16|          16|
    |add_ln703_528_fu_15688_p2   |     +    |      0|  0|  16|          16|          16|
    |add_ln703_fu_12748_p2       |     +    |      0|  0|  16|          16|          16|
    |sub_ln1118_100_fu_13257_p2  |     -    |      0|  0|  24|          24|          24|
    |sub_ln1118_101_fu_13291_p2  |     -    |      0|  0|  23|          23|          23|
    |sub_ln1118_102_fu_12076_p2  |     -    |      0|  0|  24|          24|          24|
    |sub_ln1118_103_fu_12601_p2  |     -    |      0|  0|  23|          23|          23|
    |sub_ln1118_104_fu_12632_p2  |     -    |      0|  0|  22|          22|          22|
    |sub_ln1118_105_fu_12687_p2  |     -    |      0|  0|  22|          22|          22|
    |sub_ln1118_106_fu_13404_p2  |     -    |      0|  0|  24|          24|          24|
    |sub_ln1118_107_fu_14470_p2  |     -    |      0|  0|  20|           1|          20|
    |sub_ln1118_108_fu_14512_p2  |     -    |      0|  0|  21|          21|          21|
    |sub_ln1118_109_fu_14543_p2  |     -    |      0|  0|  22|          22|          22|
    |sub_ln1118_110_fu_14574_p2  |     -    |      0|  0|  16|           1|          23|
    |sub_ln1118_111_fu_14591_p2  |     -    |      0|  0|  16|          23|          23|
    |sub_ln1118_112_fu_14614_p2  |     -    |      0|  0|  20|          20|          20|
    |sub_ln1118_113_fu_13511_p2  |     -    |      0|  0|  22|          22|          22|
    |sub_ln1118_114_fu_13535_p2  |     -    |      0|  0|  20|          20|          20|
    |sub_ln1118_115_fu_13567_p2  |     -    |      0|  0|  16|           1|          24|
    |sub_ln1118_116_fu_13573_p2  |     -    |      0|  0|  16|          24|          24|
    |sub_ln1118_117_fu_13613_p2  |     -    |      0|  0|  21|          21|          21|
    |sub_ln1118_118_fu_14685_p2  |     -    |      0|  0|  21|           1|          21|
    |sub_ln1118_119_fu_13711_p2  |     -    |      0|  0|  23|          23|          23|
    |sub_ln1118_120_fu_13739_p2  |     -    |      0|  0|  24|          24|          24|
    |sub_ln1118_121_fu_13819_p2  |     -    |      0|  0|  16|           1|          22|
    |sub_ln1118_122_fu_13825_p2  |     -    |      0|  0|  16|          22|          22|
    |sub_ln1118_123_fu_14809_p2  |     -    |      0|  0|  16|           1|          20|
    |sub_ln1118_124_fu_14815_p2  |     -    |      0|  0|  16|          20|          20|
    |sub_ln1118_125_fu_14831_p2  |     -    |      0|  0|  24|          24|          24|
    |sub_ln1118_126_fu_14858_p2  |     -    |      0|  0|  23|          23|          23|
    |sub_ln1118_127_fu_14877_p2  |     -    |      0|  0|  19|           1|          19|
    |sub_ln1118_128_fu_13960_p2  |     -    |      0|  0|  16|           1|          22|
    |sub_ln1118_129_fu_13982_p2  |     -    |      0|  0|  16|          22|          22|
    |sub_ln1118_130_fu_14002_p2  |     -    |      0|  0|  20|          20|          20|
    |sub_ln1118_131_fu_14022_p2  |     -    |      0|  0|  18|           1|          18|
    |sub_ln1118_132_fu_14964_p2  |     -    |      0|  0|  20|          20|          20|
    |sub_ln1118_133_fu_15016_p2  |     -    |      0|  0|  16|           1|          22|
    |sub_ln1118_134_fu_15034_p2  |     -    |      0|  0|  16|          22|          22|
    |sub_ln1118_77_fu_12970_p2   |     -    |      0|  0|  16|           1|          19|
    |sub_ln1118_78_fu_12976_p2   |     -    |      0|  0|  16|          19|          19|
    |sub_ln1118_79_fu_11761_p2   |     -    |      0|  0|  23|          23|          23|
    |sub_ln1118_80_fu_11809_p2   |     -    |      0|  0|  23|          23|          23|
    |sub_ln1118_81_fu_11837_p2   |     -    |      0|  0|  16|           1|          24|
    |sub_ln1118_82_fu_11843_p2   |     -    |      0|  0|  16|          24|          24|
    |sub_ln1118_83_fu_12207_p2   |     -    |      0|  0|  16|           1|          24|
    |sub_ln1118_84_fu_12213_p2   |     -    |      0|  0|  16|          24|          24|
    |sub_ln1118_85_fu_11921_p2   |     -    |      0|  0|  22|          22|          22|
    |sub_ln1118_86_fu_11949_p2   |     -    |      0|  0|  24|           1|          24|
    |sub_ln1118_87_fu_11975_p2   |     -    |      0|  0|  24|          24|          24|
    |sub_ln1118_88_fu_13038_p2   |     -    |      0|  0|  24|          24|          24|
    |sub_ln1118_89_fu_12323_p2   |     -    |      0|  0|  19|           1|          19|
    |sub_ln1118_90_fu_12365_p2   |     -    |      0|  0|  21|          21|          21|
    |sub_ln1118_91_fu_12396_p2   |     -    |      0|  0|  20|          20|          20|
    |sub_ln1118_92_fu_12427_p2   |     -    |      0|  0|  22|           1|          22|
    |sub_ln1118_93_fu_13082_p2   |     -    |      0|  0|  24|          24|          24|
    |sub_ln1118_94_fu_13109_p2   |     -    |      0|  0|  16|           1|          22|
    |sub_ln1118_95_fu_13126_p2   |     -    |      0|  0|  16|          22|          22|
    |sub_ln1118_96_fu_12515_p2   |     -    |      0|  0|  22|          22|          22|
    |sub_ln1118_97_fu_13163_p2   |     -    |      0|  0|  16|           1|          23|
    |sub_ln1118_98_fu_13180_p2   |     -    |      0|  0|  16|          23|          23|
    |sub_ln1118_99_fu_13226_p2   |     -    |      0|  0|  22|          22|          22|
    |sub_ln1118_fu_14404_p2      |     -    |      0|  0|  23|          23|          23|
    +----------------------------+----------+-------+---+----+------------+------------+
    |Total                       |          |     40|  0|4786|        4988|        5025|
    +----------------------------+----------+-------+---+----+------------+------------+

    * Multiplexer: 
    +---------------+----+-----------+-----+-----------+
    |      Name     | LUT| Input Size| Bits| Total Bits|
    +---------------+----+-----------+-----+-----------+
    |ap_NS_fsm      |  33|          6|    1|          6|
    |grp_fu_534_p0  |  27|          5|   16|         80|
    |grp_fu_534_p1  |  21|          4|   10|         40|
    |grp_fu_535_p0  |  21|          4|   16|         64|
    |grp_fu_535_p1  |  21|          4|    8|         32|
    |grp_fu_536_p0  |  21|          4|   16|         64|
    |grp_fu_536_p1  |  21|          4|    9|         36|
    |grp_fu_537_p0  |  21|          4|   16|         64|
    |grp_fu_537_p1  |  21|          4|    9|         36|
    |grp_fu_538_p0  |  27|          5|   16|         80|
    |grp_fu_538_p1  |  21|          4|    9|         36|
    |grp_fu_539_p0  |  21|          4|   16|         64|
    |grp_fu_539_p1  |  21|          4|    9|         36|
    |grp_fu_540_p0  |  21|          4|   16|         64|
    |grp_fu_540_p1  |  21|          4|    9|         36|
    |grp_fu_541_p0  |  21|          4|   16|         64|
    |grp_fu_541_p1  |  21|          4|   10|         40|
    |grp_fu_542_p0  |  21|          4|   16|         64|
    |grp_fu_542_p1  |  21|          4|   10|         40|
    |grp_fu_543_p0  |  21|          4|   16|         64|
    |grp_fu_543_p1  |  15|          3|   10|         30|
    |grp_fu_544_p0  |  21|          4|   16|         64|
    |grp_fu_544_p1  |  21|          4|   10|         40|
    |grp_fu_545_p0  |  21|          4|   16|         64|
    |grp_fu_545_p1  |  21|          4|    9|         36|
    |grp_fu_546_p0  |  21|          4|   16|         64|
    |grp_fu_546_p1  |  21|          4|   10|         40|
    |grp_fu_547_p0  |  21|          4|   16|         64|
    |grp_fu_547_p1  |  21|          4|    9|         36|
    |grp_fu_548_p0  |  21|          4|   16|         64|
    |grp_fu_548_p1  |  21|          4|    9|         36|
    |grp_fu_549_p0  |  27|          5|   16|         80|
    |grp_fu_549_p1  |  21|          4|   10|         40|
    |grp_fu_550_p0  |  27|          5|   16|         80|
    |grp_fu_550_p1  |  21|          4|    9|         36|
    |grp_fu_551_p0  |  21|          4|   16|         64|
    |grp_fu_551_p1  |  21|          4|   10|         40|
    |grp_fu_552_p0  |  21|          4|   16|         64|
    |grp_fu_552_p1  |  21|          4|   11|         44|
    |grp_fu_553_p0  |  21|          4|   16|         64|
    |grp_fu_553_p1  |  21|          4|    9|         36|
    |grp_fu_554_p0  |  21|          4|   16|         64|
    |grp_fu_554_p1  |  21|          4|    9|         36|
    |grp_fu_555_p0  |  27|          5|   16|         80|
    |grp_fu_555_p1  |  21|          4|   11|         44|
    |grp_fu_556_p0  |  21|          4|   16|         64|
    |grp_fu_556_p1  |  21|          4|   10|         40|
    |grp_fu_557_p0  |  21|          4|   16|         64|
    |grp_fu_557_p1  |  21|          4|   10|         40|
    |grp_fu_558_p0  |  21|          4|   16|         64|
    |grp_fu_558_p1  |  21|          4|   10|         40|
    |grp_fu_559_p0  |  27|          5|   16|         80|
    |grp_fu_559_p1  |  21|          4|    8|         32|
    |grp_fu_560_p0  |  21|          4|   16|         64|
    |grp_fu_560_p1  |  21|          4|   10|         40|
    |grp_fu_561_p0  |  21|          4|   16|         64|
    |grp_fu_561_p1  |  21|          4|    9|         36|
    |grp_fu_562_p0  |  27|          5|   16|         80|
    |grp_fu_562_p1  |  21|          4|    9|         36|
    |grp_fu_563_p0  |  21|          4|   16|         64|
    |grp_fu_563_p1  |  21|          4|    9|         36|
    |grp_fu_564_p0  |  27|          5|   16|         80|
    |grp_fu_564_p1  |  21|          4|   10|         40|
    |grp_fu_565_p0  |  27|          5|   16|         80|
    |grp_fu_565_p1  |  21|          4|    9|         36|
    |grp_fu_566_p0  |  27|          5|   16|         80|
    |grp_fu_566_p1  |  21|          4|    8|         32|
    |grp_fu_567_p0  |  21|          4|   16|         64|
    |grp_fu_567_p1  |  21|          4|    9|         36|
    |grp_fu_568_p0  |  21|          4|   16|         64|
    |grp_fu_568_p1  |  21|          4|   10|         40|
    |grp_fu_569_p0  |  21|          4|   16|         64|
    |grp_fu_569_p1  |  21|          4|   10|         40|
    |grp_fu_570_p0  |  21|          4|   16|         64|
    |grp_fu_570_p1  |  21|          4|   10|         40|
    |grp_fu_571_p0  |  21|          4|   16|         64|
    |grp_fu_571_p1  |  21|          4|    9|         36|
    |grp_fu_572_p0  |  21|          4|   16|         64|
    |grp_fu_572_p1  |  21|          4|    9|         36|
    |grp_fu_573_p0  |  21|          4|   16|         64|
    |grp_fu_573_p1  |  21|          4|   10|         40|
    +---------------+----+-----------+-----+-----------+
    |Total          |1767|        335| 1019|       4228|
    +---------------+----+-----------+-----+-----------+

    * Register: 
    +----------------------------+----+----+-----+-----------+
    |            Name            | FF | LUT| Bits| Const Bits|
    +----------------------------+----+----+-----+-----------+
    |add_ln703_332_reg_16049     |  16|   0|   16|          0|
    |add_ln703_334_reg_16267     |  16|   0|   16|          0|
    |add_ln703_335_reg_16427     |  16|   0|   16|          0|
    |add_ln703_340_reg_16054     |  16|   0|   16|          0|
    |add_ln703_343_reg_16272     |  16|   0|   16|          0|
    |add_ln703_348_reg_16432     |  16|   0|   16|          0|
    |add_ln703_351_reg_16059     |  16|   0|   16|          0|
    |add_ln703_352_reg_16064     |  16|   0|   16|          0|
    |add_ln703_354_reg_16277     |  16|   0|   16|          0|
    |add_ln703_355_reg_16437     |  16|   0|   16|          0|
    |add_ln703_360_reg_16282     |  16|   0|   16|          0|
    |add_ln703_363_reg_16442     |  16|   0|   16|          0|
    |add_ln703_367_reg_16069     |  14|   0|   14|          0|
    |add_ln703_368_reg_16447     |  16|   0|   16|          0|
    |add_ln703_371_reg_16074     |  16|   0|   16|          0|
    |add_ln703_372_reg_16079     |  16|   0|   16|          0|
    |add_ln703_374_reg_16287     |  16|   0|   16|          0|
    |add_ln703_375_reg_16452     |  15|   0|   15|          0|
    |add_ln703_383_reg_16292     |  16|   0|   16|          0|
    |add_ln703_385_reg_16297     |  16|   0|   16|          0|
    |add_ln703_388_reg_16457     |  16|   0|   16|          0|
    |add_ln703_394_reg_16084     |  16|   0|   16|          0|
    |add_ln703_395_reg_16462     |  16|   0|   16|          0|
    |add_ln703_397_reg_16467     |  16|   0|   16|          0|
    |add_ln703_403_reg_16302     |  16|   0|   16|          0|
    |add_ln703_405_reg_16472     |  16|   0|   16|          0|
    |add_ln703_414_reg_16089     |  16|   0|   16|          0|
    |add_ln703_415_reg_16477     |  16|   0|   16|          0|
    |add_ln703_420_reg_16094     |  16|   0|   16|          0|
    |add_ln703_423_reg_16307     |  16|   0|   16|          0|
    |add_ln703_428_reg_16312     |  16|   0|   16|          0|
    |add_ln703_431_reg_16099     |  16|   0|   16|          0|
    |add_ln703_432_reg_16104     |  16|   0|   16|          0|
    |add_ln703_434_reg_16317     |  16|   0|   16|          0|
    |add_ln703_435_reg_16482     |  16|   0|   16|          0|
    |add_ln703_443_reg_16322     |  16|   0|   16|          0|
    |add_ln703_448_reg_16487     |  16|   0|   16|          0|
    |add_ln703_451_reg_16109     |  16|   0|   16|          0|
    |add_ln703_452_reg_16114     |  16|   0|   16|          0|
    |add_ln703_454_reg_16327     |  16|   0|   16|          0|
    |add_ln703_455_reg_16492     |  16|   0|   16|          0|
    |add_ln703_460_reg_16119     |  16|   0|   16|          0|
    |add_ln703_463_reg_16332     |  16|   0|   16|          0|
    |add_ln703_468_reg_16337     |  16|   0|   16|          0|
    |add_ln703_474_reg_16124     |  16|   0|   16|          0|
    |add_ln703_475_reg_16497     |  16|   0|   16|          0|
    |add_ln703_483_reg_16342     |  16|   0|   16|          0|
    |add_ln703_487_reg_16347     |  13|   0|   13|          0|
    |add_ln703_488_reg_16502     |  16|   0|   16|          0|
    |add_ln703_494_reg_16129     |  16|   0|   16|          0|
    |add_ln703_495_reg_16507     |  16|   0|   16|          0|
    |add_ln703_500_reg_16352     |  16|   0|   16|          0|
    |add_ln703_503_reg_16512     |  16|   0|   16|          0|
    |add_ln703_506_reg_16357     |  14|   0|   14|          0|
    |add_ln703_507_reg_16517     |  16|   0|   16|          0|
    |add_ln703_513_reg_16134     |  16|   0|   16|          0|
    |add_ln703_514_reg_16522     |  16|   0|   16|          0|
    |add_ln703_516_reg_16527     |  16|   0|   16|          0|
    |add_ln703_522_reg_16362     |  16|   0|   16|          0|
    |add_ln703_524_reg_16532     |  16|   0|   16|          0|
    |add_ln703_reg_16044         |  16|   0|   16|          0|
    |ap_CS_fsm                   |   5|   0|    5|          0|
    |ap_port_reg_data_10_V_read  |  16|   0|   16|          0|
    |ap_port_reg_data_12_V_read  |  16|   0|   16|          0|
    |ap_port_reg_data_14_V_read  |  16|   0|   16|          0|
    |ap_port_reg_data_15_V_read  |  16|   0|   16|          0|
    |ap_port_reg_data_16_V_read  |  16|   0|   16|          0|
    |ap_port_reg_data_17_V_read  |  16|   0|   16|          0|
    |ap_port_reg_data_18_V_read  |  16|   0|   16|          0|
    |ap_port_reg_data_19_V_read  |  16|   0|   16|          0|
    |ap_port_reg_data_4_V_read   |  16|   0|   16|          0|
    |ap_port_reg_data_6_V_read   |  16|   0|   16|          0|
    |ap_port_reg_data_8_V_read   |  16|   0|   16|          0|
    |data_0_V_read11_reg_15805   |  16|   0|   16|          0|
    |data_13_V_read_4_reg_15759  |  16|   0|   16|          0|
    |data_15_V_read_4_reg_16149  |  16|   0|   16|          0|
    |data_17_V_read_4_reg_16139  |  16|   0|   16|          0|
    |data_2_V_read13_reg_15799   |  16|   0|   16|          0|
    |data_4_V_read15_reg_15972   |  16|   0|   16|          0|
    |data_5_V_read16_reg_15789   |  16|   0|   16|          0|
    |data_6_V_read17_reg_15964   |  16|   0|   16|          0|
    |data_7_V_read_8_reg_15782   |  16|   0|   16|          0|
    |data_8_V_read_8_reg_15954   |  16|   0|   16|          0|
    |data_9_V_read_8_reg_15772   |  16|   0|   16|          0|
    |mult_108_V_reg_16039        |  16|   0|   16|          0|
    |mult_120_V_reg_16156        |  16|   0|   16|          0|
    |mult_127_V_reg_16161        |  16|   0|   16|          0|
    |mult_128_V_reg_16166        |  16|   0|   16|          0|
    |mult_17_V_reg_15849         |  16|   0|   16|          0|
    |mult_22_V_reg_15978         |  16|   0|   16|          0|
    |mult_25_V_reg_15983         |  16|   0|   16|          0|
    |mult_34_V_reg_15871         |  16|   0|   16|          0|
    |mult_37_V_reg_15876         |  16|   0|   16|          0|
    |mult_38_V_reg_15881         |  16|   0|   16|          0|
    |mult_45_V_reg_15989         |  16|   0|   16|          0|
    |mult_50_V_reg_15999         |  16|   0|   16|          0|
    |mult_52_V_reg_16004         |  16|   0|   16|          0|
    |mult_5_V_reg_15814          |  16|   0|   16|          0|
    |mult_79_V_reg_15909         |  16|   0|   16|          0|
    |mult_8_V_reg_15824          |  16|   0|   16|          0|
    |mult_91_V_reg_15914         |  16|   0|   16|          0|
    |reg_11563                   |  16|   0|   16|          0|
    |reg_11567                   |  16|   0|   16|          0|
    |reg_11571                   |  16|   0|   16|          0|
    |reg_11575                   |  16|   0|   16|          0|
    |reg_11579                   |  15|   0|   15|          0|
    |reg_11583                   |  16|   0|   16|          0|
    |reg_11587                   |  16|   0|   16|          0|
    |reg_11591                   |  16|   0|   16|          0|
    |reg_11595                   |  16|   0|   16|          0|
    |reg_11599                   |  16|   0|   16|          0|
    |reg_11603                   |  16|   0|   16|          0|
    |reg_11607                   |  16|   0|   16|          0|
    |reg_11611                   |  16|   0|   16|          0|
    |reg_11615                   |  16|   0|   16|          0|
    |reg_11619                   |  14|   0|   14|          0|
    |reg_11623                   |  14|   0|   14|          0|
    |reg_11627                   |  16|   0|   16|          0|
    |reg_11631                   |  16|   0|   16|          0|
    |reg_11635                   |  16|   0|   16|          0|
    |reg_11639                   |  16|   0|   16|          0|
    |reg_11643                   |  16|   0|   16|          0|
    |reg_11647                   |  16|   0|   16|          0|
    |reg_11651                   |  16|   0|   16|          0|
    |reg_11655                   |  16|   0|   16|          0|
    |reg_11659                   |  15|   0|   15|          0|
    |reg_11663                   |  16|   0|   16|          0|
    |reg_11667                   |  16|   0|   16|          0|
    |reg_11671                   |  16|   0|   16|          0|
    |reg_11675                   |  16|   0|   16|          0|
    |reg_11679                   |  16|   0|   16|          0|
    |reg_11683                   |  16|   0|   16|          0|
    |reg_11687                   |  16|   0|   16|          0|
    |reg_11691                   |  16|   0|   16|          0|
    |reg_11695                   |  16|   0|   16|          0|
    |reg_11699                   |  16|   0|   16|          0|
    |reg_11703                   |  16|   0|   16|          0|
    |sext_ln1118_189_reg_15854   |  24|   0|   24|          0|
    |sext_ln1118_202_reg_15886   |  24|   0|   24|          0|
    |sext_ln1118_241_reg_15919   |  24|   0|   24|          0|
    |sext_ln1118_249_reg_15947   |  24|   0|   24|          0|
    |sext_ln1118_295_reg_16246   |  24|   0|   24|          0|
    |tmp_17_reg_15932            |  14|   0|   14|          0|
    |trunc_ln708_100_reg_15839   |  15|   0|   15|          0|
    |trunc_ln708_101_reg_15844   |  15|   0|   15|          0|
    |trunc_ln708_102_reg_15861   |  15|   0|   15|          0|
    |trunc_ln708_103_reg_15866   |  14|   0|   14|          0|
    |trunc_ln708_108_reg_15994   |  15|   0|   15|          0|
    |trunc_ln708_111_reg_15894   |  11|   0|   11|          0|
    |trunc_ln708_114_reg_16009   |  13|   0|   13|          0|
    |trunc_ln708_116_reg_15899   |  13|   0|   13|          0|
    |trunc_ln708_117_reg_15904   |  15|   0|   15|          0|
    |trunc_ln708_118_reg_16014   |  14|   0|   14|          0|
    |trunc_ln708_120_reg_16019   |  15|   0|   15|          0|
    |trunc_ln708_123_reg_16024   |  15|   0|   15|          0|
    |trunc_ln708_132_reg_16029   |  15|   0|   15|          0|
    |trunc_ln708_133_reg_16034   |  15|   0|   15|          0|
    |trunc_ln708_134_reg_15927   |  15|   0|   15|          0|
    |trunc_ln708_135_reg_15937   |  10|   0|   10|          0|
    |trunc_ln708_136_reg_15942   |  13|   0|   13|          0|
    |trunc_ln708_141_reg_16176   |  15|   0|   15|          0|
    |trunc_ln708_143_reg_16181   |  14|   0|   14|          0|
    |trunc_ln708_146_reg_16186   |  13|   0|   13|          0|
    |trunc_ln708_147_reg_16191   |  15|   0|   15|          0|
    |trunc_ln708_148_reg_16377   |  13|   0|   13|          0|
    |trunc_ln708_149_reg_16201   |  15|   0|   15|          0|
    |trunc_ln708_150_reg_16211   |  15|   0|   15|          0|
    |trunc_ln708_151_reg_16221   |  14|   0|   14|          0|
    |trunc_ln708_152_reg_16226   |  15|   0|   15|          0|
    |trunc_ln708_153_reg_16231   |  14|   0|   14|          0|
    |trunc_ln708_154_reg_16387   |  12|   0|   12|          0|
    |trunc_ln708_155_reg_16397   |  15|   0|   15|          0|
    |trunc_ln708_157_reg_16241   |  14|   0|   14|          0|
    |trunc_ln708_158_reg_16262   |  15|   0|   15|          0|
    |trunc_ln708_159_reg_16402   |  13|   0|   13|          0|
    |trunc_ln708_160_reg_16417   |  15|   0|   15|          0|
    |trunc_ln708_161_reg_16422   |  15|   0|   15|          0|
    |trunc_ln708_30_reg_16196    |  16|   0|   16|          0|
    |trunc_ln708_32_reg_16206    |  16|   0|   16|          0|
    |trunc_ln708_35_reg_16216    |  16|   0|   16|          0|
    |trunc_ln708_3_reg_16171     |  16|   0|   16|          0|
    |trunc_ln708_40_reg_16236    |  16|   0|   16|          0|
    |trunc_ln708_42_reg_16382    |  16|   0|   16|          0|
    |trunc_ln708_45_reg_16392    |  16|   0|   16|          0|
    |trunc_ln708_50_reg_16252    |  16|   0|   16|          0|
    |trunc_ln708_52_reg_16257    |  16|   0|   16|          0|
    |trunc_ln708_62_reg_16407    |  16|   0|   16|          0|
    |trunc_ln708_65_reg_16412    |  16|   0|   16|          0|
    |trunc_ln708_95_reg_15819    |  15|   0|   15|          0|
    |trunc_ln708_96_reg_16372    |  15|   0|   15|          0|
    |trunc_ln708_97_reg_15829    |  15|   0|   15|          0|
    |trunc_ln708_99_reg_15834    |  14|   0|   14|          0|
    |trunc_ln_reg_16367          |  15|   0|   15|          0|
    +----------------------------+----+----+-----+-----------+
    |Total                       |3031|   0| 3031|          0|
    +----------------------------+----+----+-----+-----------+



================================================================
== Interface
================================================================
* Summary: 
+----------------+-----+-----+------------+-------------------------------------+--------------+
|    RTL Ports   | Dir | Bits|  Protocol  |            Source Object            |    C Type    |
+----------------+-----+-----+------------+-------------------------------------+--------------+
|ap_clk          |  in |    1| ap_ctrl_hs | dense_latency.0.0.0.0.0.0.0.0.0.0.0 | return value |
|ap_rst          |  in |    1| ap_ctrl_hs | dense_latency.0.0.0.0.0.0.0.0.0.0.0 | return value |
|ap_start        |  in |    1| ap_ctrl_hs | dense_latency.0.0.0.0.0.0.0.0.0.0.0 | return value |
|ap_done         | out |    1| ap_ctrl_hs | dense_latency.0.0.0.0.0.0.0.0.0.0.0 | return value |
|ap_idle         | out |    1| ap_ctrl_hs | dense_latency.0.0.0.0.0.0.0.0.0.0.0 | return value |
|ap_ready        | out |    1| ap_ctrl_hs | dense_latency.0.0.0.0.0.0.0.0.0.0.0 | return value |
|ap_return_0     | out |   16| ap_ctrl_hs | dense_latency.0.0.0.0.0.0.0.0.0.0.0 | return value |
|ap_return_1     | out |   16| ap_ctrl_hs | dense_latency.0.0.0.0.0.0.0.0.0.0.0 | return value |
|ap_return_2     | out |   16| ap_ctrl_hs | dense_latency.0.0.0.0.0.0.0.0.0.0.0 | return value |
|ap_return_3     | out |   16| ap_ctrl_hs | dense_latency.0.0.0.0.0.0.0.0.0.0.0 | return value |
|ap_return_4     | out |   16| ap_ctrl_hs | dense_latency.0.0.0.0.0.0.0.0.0.0.0 | return value |
|ap_return_5     | out |   16| ap_ctrl_hs | dense_latency.0.0.0.0.0.0.0.0.0.0.0 | return value |
|ap_return_6     | out |   16| ap_ctrl_hs | dense_latency.0.0.0.0.0.0.0.0.0.0.0 | return value |
|ap_return_7     | out |   16| ap_ctrl_hs | dense_latency.0.0.0.0.0.0.0.0.0.0.0 | return value |
|ap_return_8     | out |   16| ap_ctrl_hs | dense_latency.0.0.0.0.0.0.0.0.0.0.0 | return value |
|ap_return_9     | out |   16| ap_ctrl_hs | dense_latency.0.0.0.0.0.0.0.0.0.0.0 | return value |
|ap_ce           |  in |    1| ap_ctrl_hs | dense_latency.0.0.0.0.0.0.0.0.0.0.0 | return value |
|data_0_V_read   |  in |   16|   ap_none  |            data_0_V_read            |    scalar    |
|data_1_V_read   |  in |   16|   ap_none  |            data_1_V_read            |    scalar    |
|data_2_V_read   |  in |   16|   ap_none  |            data_2_V_read            |    scalar    |
|data_3_V_read   |  in |   16|   ap_none  |            data_3_V_read            |    scalar    |
|data_4_V_read   |  in |   16|   ap_none  |            data_4_V_read            |    scalar    |
|data_5_V_read   |  in |   16|   ap_none  |            data_5_V_read            |    scalar    |
|data_6_V_read   |  in |   16|   ap_none  |            data_6_V_read            |    scalar    |
|data_7_V_read   |  in |   16|   ap_none  |            data_7_V_read            |    scalar    |
|data_8_V_read   |  in |   16|   ap_none  |            data_8_V_read            |    scalar    |
|data_9_V_read   |  in |   16|   ap_none  |            data_9_V_read            |    scalar    |
|data_10_V_read  |  in |   16|   ap_none  |            data_10_V_read           |    scalar    |
|data_11_V_read  |  in |   16|   ap_none  |            data_11_V_read           |    scalar    |
|data_12_V_read  |  in |   16|   ap_none  |            data_12_V_read           |    scalar    |
|data_13_V_read  |  in |   16|   ap_none  |            data_13_V_read           |    scalar    |
|data_14_V_read  |  in |   16|   ap_none  |            data_14_V_read           |    scalar    |
|data_15_V_read  |  in |   16|   ap_none  |            data_15_V_read           |    scalar    |
|data_16_V_read  |  in |   16|   ap_none  |            data_16_V_read           |    scalar    |
|data_17_V_read  |  in |   16|   ap_none  |            data_17_V_read           |    scalar    |
|data_18_V_read  |  in |   16|   ap_none  |            data_18_V_read           |    scalar    |
|data_19_V_read  |  in |   16|   ap_none  |            data_19_V_read           |    scalar    |
+----------------+-----+-----+------------+-------------------------------------+--------------+

