

================================================================
== Vivado HLS Report for 'dense_resource_rf_leq_nin_0_1_0_1_0_1'
================================================================
* Date:           Mon Sep 26 10:31:19 2022

* Version:        2019.1 (Build 2552052 on Fri May 24 15:28:33 MDT 2019)
* Project:        myproject_prj
* Solution:       solution1
* Product family: virtexuplus
* Target device:  xcvu9p-flga2104-2L-e


================================================================
== Performance Estimates
================================================================
+ Timing (ns): 
    * Summary: 
    +--------+-------+----------+------------+
    |  Clock | Target| Estimated| Uncertainty|
    +--------+-------+----------+------------+
    |ap_clk  |   5.00|     4.286|        0.62|
    +--------+-------+----------+------------+

+ Latency (clock cycles): 
    * Summary: 
    +-----+-----+-----+-----+---------------------------------------------+
    |  Latency  |  Interval |                   Pipeline                  |
    | min | max | min | max |                     Type                    |
    +-----+-----+-----+-----+---------------------------------------------+
    |    5|    6|    5|    5| loop rewind(delay=0 initiation interval(s)) |
    +-----+-----+-----+-----+---------------------------------------------+

    + Detail: 
        * Instance: 
        N/A

        * Loop: 
        +-------------+-----+-----+----------+-----------+-----------+------+----------+
        |             |  Latency  | Iteration|  Initiation Interval  | Trip |          |
        |  Loop Name  | min | max |  Latency |  achieved |   target  | Count| Pipelined|
        +-------------+-----+-----+----------+-----------+-----------+------+----------+
        |- ReuseLoop  |    5|    5|         2|          1|          1|     5|    yes   |
        +-------------+-----+-----+----------+-----------+-----------+------+----------+

============================================================
+ Verbose Summary: Synthesis Manager
============================================================
InlineROM: 1
ExposeGlobal: 0
============================================================
+ Verbose Summary: CDFG Model
============================================================
IsTopModel: 0
ResetActiveHigh: 1
IsCombinational: 2
IsDatapathOnly: 0
HasWiredReturn: 1
HasMFsm: 0
HasVarLatency: 1
IsPipeline: 0
IsRtlPipelined: 0
IsInstanceOverlapped: 0
IsDontTouch: 0
HasImplIP: 0
IsGatedGlobalClock: 0

+ Individual pipeline summary: 
  * Pipeline-0: initiation interval (II) = 1, depth = 2


============================================================
+ Verbose Summary: Schedule
============================================================
* Number of FSM states : 3
* Pipeline : 1
  Pipeline-0 : II = 1, D = 2, States = { 2 3 }
* Dataflow Pipeline: 0

* FSM state transitions: 
1 --> 2 
2 --> 3 
3 --> 2 

* FSM state operations: 

State 1 <SV = 0> <Delay = 0.60>
ST_1 : Operation 4 [1/1] (0.60ns)   --->   "br label %rewind_header" [firmware/nnet_utils/nnet_dense_resource.h:64]   --->   Operation 4 'br' <Predicate = true> <Delay = 0.60>

State 2 <SV = 1> <Delay = 1.15>
ST_2 : Operation 5 [1/1] (0.00ns)   --->   "%w_index13 = phi i3 [ 0, %_ZN8ap_fixedILi16ELi6EL9ap_q_mode5EL9ap_o_mode3ELi0EEC1ILi9ELi1ELb1ELS0_5ELS1_3ELi0EEERK13ap_fixed_baseIXT_EXT0_EXT1_EXT2_EXT3_EXT4_EE.exit.0 ], [ %w_index, %ReuseLoop ], [ 0, %.preheader.0 ]"   --->   Operation 5 'phi' 'w_index13' <Predicate = true> <Delay = 0.00>
ST_2 : Operation 6 [1/1] (0.00ns)   --->   "%data_0_V_read = call i9 @_ssdm_op_Read.ap_auto.i9P(i9* %data_0_V)" [firmware/nnet_utils/nnet_dense_resource.h:77]   --->   Operation 6 'read' 'data_0_V_read' <Predicate = true> <Delay = 0.00>
ST_2 : Operation 7 [1/1] (0.00ns)   --->   "%data_1_V_read = call i9 @_ssdm_op_Read.ap_auto.i9P(i9* %data_1_V)" [firmware/nnet_utils/nnet_dense_resource.h:77]   --->   Operation 7 'read' 'data_1_V_read' <Predicate = true> <Delay = 0.00>
ST_2 : Operation 8 [1/1] (0.00ns)   --->   "%data_2_V_read = call i9 @_ssdm_op_Read.ap_auto.i9P(i9* %data_2_V)" [firmware/nnet_utils/nnet_dense_resource.h:77]   --->   Operation 8 'read' 'data_2_V_read' <Predicate = true> <Delay = 0.00>
ST_2 : Operation 9 [1/1] (0.00ns)   --->   "%data_3_V_read = call i9 @_ssdm_op_Read.ap_auto.i9P(i9* %data_3_V)" [firmware/nnet_utils/nnet_dense_resource.h:77]   --->   Operation 9 'read' 'data_3_V_read' <Predicate = true> <Delay = 0.00>
ST_2 : Operation 10 [1/1] (0.00ns)   --->   "%data_4_V_read = call i9 @_ssdm_op_Read.ap_auto.i9P(i9* %data_4_V)" [firmware/nnet_utils/nnet_dense_resource.h:77]   --->   Operation 10 'read' 'data_4_V_read' <Predicate = true> <Delay = 0.00>
ST_2 : Operation 11 [1/1] (0.41ns)   --->   "%phi_ln = call i9 @_ssdm_op_Mux.ap_auto.8i9.i3(i9 %data_0_V_read, i9 %data_1_V_read, i9 %data_2_V_read, i9 %data_3_V_read, i9 %data_4_V_read, i9 %data_4_V_read, i9 %data_4_V_read, i9 %data_4_V_read, i3 %w_index13)" [firmware/nnet_utils/nnet_dense_resource.h:77]   --->   Operation 11 'mux' 'phi_ln' <Predicate = true> <Delay = 0.41> <Core = "MuxnS">   --->   Core 31 'MuxnS' <Latency = 0> <II = 1> <Delay = 0.41> <FuncUnit> <Opcode : 'mux'> <InPorts = 2> <OutPorts = 1>
ST_2 : Operation 12 [1/1] (0.00ns)   --->   "%zext_ln77 = zext i3 %w_index13 to i64" [firmware/nnet_utils/nnet_dense_resource.h:77]   --->   Operation 12 'zext' 'zext_ln77' <Predicate = true> <Delay = 0.00>
ST_2 : Operation 13 [1/1] (0.00ns)   --->   "%w18_V206_addr = getelementptr [5 x i180]* @w18_V206, i64 0, i64 %zext_ln77" [firmware/nnet_utils/nnet_dense_resource.h:77]   --->   Operation 13 'getelementptr' 'w18_V206_addr' <Predicate = true> <Delay = 0.00>
ST_2 : Operation 14 [2/2] (1.15ns)   --->   "%w18_V206_load = load i180* %w18_V206_addr, align 8" [firmware/nnet_utils/nnet_dense_resource.h:77]   --->   Operation 14 'load' 'w18_V206_load' <Predicate = true> <Delay = 1.15> <Core = "ROM_nP">   --->   Core 52 'ROM_nP' <Latency = 1> <II = 1> <Delay = 1.15> <Storage> <Opcode : 'load'> <Ports = 0> <Width = 180> <Depth = 5> <ROM>
ST_2 : Operation 15 [1/1] (0.00ns)   --->   "%data_5_V_read = call i9 @_ssdm_op_Read.ap_auto.i9P(i9* %data_5_V)" [firmware/nnet_utils/nnet_dense_resource.h:77]   --->   Operation 15 'read' 'data_5_V_read' <Predicate = true> <Delay = 0.00>
ST_2 : Operation 16 [1/1] (0.00ns)   --->   "%data_6_V_read = call i9 @_ssdm_op_Read.ap_auto.i9P(i9* %data_6_V)" [firmware/nnet_utils/nnet_dense_resource.h:77]   --->   Operation 16 'read' 'data_6_V_read' <Predicate = true> <Delay = 0.00>
ST_2 : Operation 17 [1/1] (0.00ns)   --->   "%data_7_V_read = call i9 @_ssdm_op_Read.ap_auto.i9P(i9* %data_7_V)" [firmware/nnet_utils/nnet_dense_resource.h:77]   --->   Operation 17 'read' 'data_7_V_read' <Predicate = true> <Delay = 0.00>
ST_2 : Operation 18 [1/1] (0.00ns)   --->   "%data_8_V_read = call i9 @_ssdm_op_Read.ap_auto.i9P(i9* %data_8_V)" [firmware/nnet_utils/nnet_dense_resource.h:77]   --->   Operation 18 'read' 'data_8_V_read' <Predicate = true> <Delay = 0.00>
ST_2 : Operation 19 [1/1] (0.00ns)   --->   "%data_9_V_read = call i9 @_ssdm_op_Read.ap_auto.i9P(i9* %data_9_V)" [firmware/nnet_utils/nnet_dense_resource.h:77]   --->   Operation 19 'read' 'data_9_V_read' <Predicate = true> <Delay = 0.00>
ST_2 : Operation 20 [1/1] (0.41ns)   --->   "%phi_ln77_200 = call i9 @_ssdm_op_Mux.ap_auto.8i9.i3(i9 %data_5_V_read, i9 %data_6_V_read, i9 %data_7_V_read, i9 %data_8_V_read, i9 %data_9_V_read, i9 %data_9_V_read, i9 %data_9_V_read, i9 %data_9_V_read, i3 %w_index13)" [firmware/nnet_utils/nnet_dense_resource.h:77]   --->   Operation 20 'mux' 'phi_ln77_200' <Predicate = true> <Delay = 0.41> <Core = "MuxnS">   --->   Core 31 'MuxnS' <Latency = 0> <II = 1> <Delay = 0.41> <FuncUnit> <Opcode : 'mux'> <InPorts = 2> <OutPorts = 1>
ST_2 : Operation 21 [1/1] (0.00ns)   --->   "%data_10_V_read = call i9 @_ssdm_op_Read.ap_auto.i9P(i9* %data_10_V)" [firmware/nnet_utils/nnet_dense_resource.h:77]   --->   Operation 21 'read' 'data_10_V_read' <Predicate = true> <Delay = 0.00>
ST_2 : Operation 22 [1/1] (0.00ns)   --->   "%data_11_V_read = call i9 @_ssdm_op_Read.ap_auto.i9P(i9* %data_11_V)" [firmware/nnet_utils/nnet_dense_resource.h:77]   --->   Operation 22 'read' 'data_11_V_read' <Predicate = true> <Delay = 0.00>
ST_2 : Operation 23 [1/1] (0.00ns)   --->   "%data_12_V_read = call i9 @_ssdm_op_Read.ap_auto.i9P(i9* %data_12_V)" [firmware/nnet_utils/nnet_dense_resource.h:77]   --->   Operation 23 'read' 'data_12_V_read' <Predicate = true> <Delay = 0.00>
ST_2 : Operation 24 [1/1] (0.00ns)   --->   "%data_13_V_read = call i9 @_ssdm_op_Read.ap_auto.i9P(i9* %data_13_V)" [firmware/nnet_utils/nnet_dense_resource.h:77]   --->   Operation 24 'read' 'data_13_V_read' <Predicate = true> <Delay = 0.00>
ST_2 : Operation 25 [1/1] (0.00ns)   --->   "%data_14_V_read = call i9 @_ssdm_op_Read.ap_auto.i9P(i9* %data_14_V)" [firmware/nnet_utils/nnet_dense_resource.h:77]   --->   Operation 25 'read' 'data_14_V_read' <Predicate = true> <Delay = 0.00>
ST_2 : Operation 26 [1/1] (0.41ns)   --->   "%phi_ln77_201 = call i9 @_ssdm_op_Mux.ap_auto.8i9.i3(i9 %data_10_V_read, i9 %data_11_V_read, i9 %data_12_V_read, i9 %data_13_V_read, i9 %data_14_V_read, i9 %data_14_V_read, i9 %data_14_V_read, i9 %data_14_V_read, i3 %w_index13)" [firmware/nnet_utils/nnet_dense_resource.h:77]   --->   Operation 26 'mux' 'phi_ln77_201' <Predicate = true> <Delay = 0.41> <Core = "MuxnS">   --->   Core 31 'MuxnS' <Latency = 0> <II = 1> <Delay = 0.41> <FuncUnit> <Opcode : 'mux'> <InPorts = 2> <OutPorts = 1>
ST_2 : Operation 27 [1/1] (0.00ns)   --->   "%data_15_V_read = call i9 @_ssdm_op_Read.ap_auto.i9P(i9* %data_15_V)" [firmware/nnet_utils/nnet_dense_resource.h:77]   --->   Operation 27 'read' 'data_15_V_read' <Predicate = true> <Delay = 0.00>
ST_2 : Operation 28 [1/1] (0.00ns)   --->   "%data_16_V_read = call i9 @_ssdm_op_Read.ap_auto.i9P(i9* %data_16_V)" [firmware/nnet_utils/nnet_dense_resource.h:77]   --->   Operation 28 'read' 'data_16_V_read' <Predicate = true> <Delay = 0.00>
ST_2 : Operation 29 [1/1] (0.00ns)   --->   "%data_17_V_read = call i9 @_ssdm_op_Read.ap_auto.i9P(i9* %data_17_V)" [firmware/nnet_utils/nnet_dense_resource.h:77]   --->   Operation 29 'read' 'data_17_V_read' <Predicate = true> <Delay = 0.00>
ST_2 : Operation 30 [1/1] (0.00ns)   --->   "%data_18_V_read = call i9 @_ssdm_op_Read.ap_auto.i9P(i9* %data_18_V)" [firmware/nnet_utils/nnet_dense_resource.h:77]   --->   Operation 30 'read' 'data_18_V_read' <Predicate = true> <Delay = 0.00>
ST_2 : Operation 31 [1/1] (0.00ns)   --->   "%data_19_V_read = call i9 @_ssdm_op_Read.ap_auto.i9P(i9* %data_19_V)" [firmware/nnet_utils/nnet_dense_resource.h:77]   --->   Operation 31 'read' 'data_19_V_read' <Predicate = true> <Delay = 0.00>
ST_2 : Operation 32 [1/1] (0.41ns)   --->   "%phi_ln77_202 = call i9 @_ssdm_op_Mux.ap_auto.8i9.i3(i9 %data_15_V_read, i9 %data_16_V_read, i9 %data_17_V_read, i9 %data_18_V_read, i9 %data_19_V_read, i9 %data_19_V_read, i9 %data_19_V_read, i9 %data_19_V_read, i3 %w_index13)" [firmware/nnet_utils/nnet_dense_resource.h:77]   --->   Operation 32 'mux' 'phi_ln77_202' <Predicate = true> <Delay = 0.41> <Core = "MuxnS">   --->   Core 31 'MuxnS' <Latency = 0> <II = 1> <Delay = 0.41> <FuncUnit> <Opcode : 'mux'> <InPorts = 2> <OutPorts = 1>
ST_2 : Operation 33 [1/1] (0.41ns)   --->   "%phi_ln77_203 = call i9 @_ssdm_op_Mux.ap_auto.8i9.i3(i9 %data_0_V_read, i9 %data_1_V_read, i9 %data_2_V_read, i9 %data_3_V_read, i9 %data_4_V_read, i9 %data_4_V_read, i9 %data_4_V_read, i9 %data_4_V_read, i3 %w_index13)" [firmware/nnet_utils/nnet_dense_resource.h:77]   --->   Operation 33 'mux' 'phi_ln77_203' <Predicate = true> <Delay = 0.41> <Core = "MuxnS">   --->   Core 31 'MuxnS' <Latency = 0> <II = 1> <Delay = 0.41> <FuncUnit> <Opcode : 'mux'> <InPorts = 2> <OutPorts = 1>
ST_2 : Operation 34 [1/1] (0.41ns)   --->   "%phi_ln77_204 = call i9 @_ssdm_op_Mux.ap_auto.8i9.i3(i9 %data_5_V_read, i9 %data_6_V_read, i9 %data_7_V_read, i9 %data_8_V_read, i9 %data_9_V_read, i9 %data_9_V_read, i9 %data_9_V_read, i9 %data_9_V_read, i3 %w_index13)" [firmware/nnet_utils/nnet_dense_resource.h:77]   --->   Operation 34 'mux' 'phi_ln77_204' <Predicate = true> <Delay = 0.41> <Core = "MuxnS">   --->   Core 31 'MuxnS' <Latency = 0> <II = 1> <Delay = 0.41> <FuncUnit> <Opcode : 'mux'> <InPorts = 2> <OutPorts = 1>
ST_2 : Operation 35 [1/1] (0.41ns)   --->   "%phi_ln77_205 = call i9 @_ssdm_op_Mux.ap_auto.8i9.i3(i9 %data_10_V_read, i9 %data_11_V_read, i9 %data_12_V_read, i9 %data_13_V_read, i9 %data_14_V_read, i9 %data_14_V_read, i9 %data_14_V_read, i9 %data_14_V_read, i3 %w_index13)" [firmware/nnet_utils/nnet_dense_resource.h:77]   --->   Operation 35 'mux' 'phi_ln77_205' <Predicate = true> <Delay = 0.41> <Core = "MuxnS">   --->   Core 31 'MuxnS' <Latency = 0> <II = 1> <Delay = 0.41> <FuncUnit> <Opcode : 'mux'> <InPorts = 2> <OutPorts = 1>
ST_2 : Operation 36 [1/1] (0.41ns)   --->   "%phi_ln77_206 = call i9 @_ssdm_op_Mux.ap_auto.8i9.i3(i9 %data_15_V_read, i9 %data_16_V_read, i9 %data_17_V_read, i9 %data_18_V_read, i9 %data_19_V_read, i9 %data_19_V_read, i9 %data_19_V_read, i9 %data_19_V_read, i3 %w_index13)" [firmware/nnet_utils/nnet_dense_resource.h:77]   --->   Operation 36 'mux' 'phi_ln77_206' <Predicate = true> <Delay = 0.41> <Core = "MuxnS">   --->   Core 31 'MuxnS' <Latency = 0> <II = 1> <Delay = 0.41> <FuncUnit> <Opcode : 'mux'> <InPorts = 2> <OutPorts = 1>
ST_2 : Operation 37 [1/1] (0.41ns)   --->   "%phi_ln77_207 = call i9 @_ssdm_op_Mux.ap_auto.8i9.i3(i9 %data_0_V_read, i9 %data_1_V_read, i9 %data_2_V_read, i9 %data_3_V_read, i9 %data_4_V_read, i9 %data_4_V_read, i9 %data_4_V_read, i9 %data_4_V_read, i3 %w_index13)" [firmware/nnet_utils/nnet_dense_resource.h:77]   --->   Operation 37 'mux' 'phi_ln77_207' <Predicate = true> <Delay = 0.41> <Core = "MuxnS">   --->   Core 31 'MuxnS' <Latency = 0> <II = 1> <Delay = 0.41> <FuncUnit> <Opcode : 'mux'> <InPorts = 2> <OutPorts = 1>
ST_2 : Operation 38 [1/1] (0.41ns)   --->   "%phi_ln77_208 = call i9 @_ssdm_op_Mux.ap_auto.8i9.i3(i9 %data_5_V_read, i9 %data_6_V_read, i9 %data_7_V_read, i9 %data_8_V_read, i9 %data_9_V_read, i9 %data_9_V_read, i9 %data_9_V_read, i9 %data_9_V_read, i3 %w_index13)" [firmware/nnet_utils/nnet_dense_resource.h:77]   --->   Operation 38 'mux' 'phi_ln77_208' <Predicate = true> <Delay = 0.41> <Core = "MuxnS">   --->   Core 31 'MuxnS' <Latency = 0> <II = 1> <Delay = 0.41> <FuncUnit> <Opcode : 'mux'> <InPorts = 2> <OutPorts = 1>
ST_2 : Operation 39 [1/1] (0.41ns)   --->   "%phi_ln77_209 = call i9 @_ssdm_op_Mux.ap_auto.8i9.i3(i9 %data_10_V_read, i9 %data_11_V_read, i9 %data_12_V_read, i9 %data_13_V_read, i9 %data_14_V_read, i9 %data_14_V_read, i9 %data_14_V_read, i9 %data_14_V_read, i3 %w_index13)" [firmware/nnet_utils/nnet_dense_resource.h:77]   --->   Operation 39 'mux' 'phi_ln77_209' <Predicate = true> <Delay = 0.41> <Core = "MuxnS">   --->   Core 31 'MuxnS' <Latency = 0> <II = 1> <Delay = 0.41> <FuncUnit> <Opcode : 'mux'> <InPorts = 2> <OutPorts = 1>
ST_2 : Operation 40 [1/1] (0.41ns)   --->   "%phi_ln77_210 = call i9 @_ssdm_op_Mux.ap_auto.8i9.i3(i9 %data_15_V_read, i9 %data_16_V_read, i9 %data_17_V_read, i9 %data_18_V_read, i9 %data_19_V_read, i9 %data_19_V_read, i9 %data_19_V_read, i9 %data_19_V_read, i3 %w_index13)" [firmware/nnet_utils/nnet_dense_resource.h:77]   --->   Operation 40 'mux' 'phi_ln77_210' <Predicate = true> <Delay = 0.41> <Core = "MuxnS">   --->   Core 31 'MuxnS' <Latency = 0> <II = 1> <Delay = 0.41> <FuncUnit> <Opcode : 'mux'> <InPorts = 2> <OutPorts = 1>
ST_2 : Operation 41 [1/1] (0.41ns)   --->   "%phi_ln77_211 = call i9 @_ssdm_op_Mux.ap_auto.8i9.i3(i9 %data_0_V_read, i9 %data_1_V_read, i9 %data_2_V_read, i9 %data_3_V_read, i9 %data_4_V_read, i9 %data_4_V_read, i9 %data_4_V_read, i9 %data_4_V_read, i3 %w_index13)" [firmware/nnet_utils/nnet_dense_resource.h:77]   --->   Operation 41 'mux' 'phi_ln77_211' <Predicate = true> <Delay = 0.41> <Core = "MuxnS">   --->   Core 31 'MuxnS' <Latency = 0> <II = 1> <Delay = 0.41> <FuncUnit> <Opcode : 'mux'> <InPorts = 2> <OutPorts = 1>
ST_2 : Operation 42 [1/1] (0.41ns)   --->   "%phi_ln77_212 = call i9 @_ssdm_op_Mux.ap_auto.8i9.i3(i9 %data_5_V_read, i9 %data_6_V_read, i9 %data_7_V_read, i9 %data_8_V_read, i9 %data_9_V_read, i9 %data_9_V_read, i9 %data_9_V_read, i9 %data_9_V_read, i3 %w_index13)" [firmware/nnet_utils/nnet_dense_resource.h:77]   --->   Operation 42 'mux' 'phi_ln77_212' <Predicate = true> <Delay = 0.41> <Core = "MuxnS">   --->   Core 31 'MuxnS' <Latency = 0> <II = 1> <Delay = 0.41> <FuncUnit> <Opcode : 'mux'> <InPorts = 2> <OutPorts = 1>
ST_2 : Operation 43 [1/1] (0.41ns)   --->   "%phi_ln77_213 = call i9 @_ssdm_op_Mux.ap_auto.8i9.i3(i9 %data_10_V_read, i9 %data_11_V_read, i9 %data_12_V_read, i9 %data_13_V_read, i9 %data_14_V_read, i9 %data_14_V_read, i9 %data_14_V_read, i9 %data_14_V_read, i3 %w_index13)" [firmware/nnet_utils/nnet_dense_resource.h:77]   --->   Operation 43 'mux' 'phi_ln77_213' <Predicate = true> <Delay = 0.41> <Core = "MuxnS">   --->   Core 31 'MuxnS' <Latency = 0> <II = 1> <Delay = 0.41> <FuncUnit> <Opcode : 'mux'> <InPorts = 2> <OutPorts = 1>
ST_2 : Operation 44 [1/1] (0.41ns)   --->   "%phi_ln77_214 = call i9 @_ssdm_op_Mux.ap_auto.8i9.i3(i9 %data_15_V_read, i9 %data_16_V_read, i9 %data_17_V_read, i9 %data_18_V_read, i9 %data_19_V_read, i9 %data_19_V_read, i9 %data_19_V_read, i9 %data_19_V_read, i3 %w_index13)" [firmware/nnet_utils/nnet_dense_resource.h:77]   --->   Operation 44 'mux' 'phi_ln77_214' <Predicate = true> <Delay = 0.41> <Core = "MuxnS">   --->   Core 31 'MuxnS' <Latency = 0> <II = 1> <Delay = 0.41> <FuncUnit> <Opcode : 'mux'> <InPorts = 2> <OutPorts = 1>
ST_2 : Operation 45 [1/1] (0.41ns)   --->   "%phi_ln77_215 = call i9 @_ssdm_op_Mux.ap_auto.8i9.i3(i9 %data_0_V_read, i9 %data_1_V_read, i9 %data_2_V_read, i9 %data_3_V_read, i9 %data_4_V_read, i9 %data_4_V_read, i9 %data_4_V_read, i9 %data_4_V_read, i3 %w_index13)" [firmware/nnet_utils/nnet_dense_resource.h:77]   --->   Operation 45 'mux' 'phi_ln77_215' <Predicate = true> <Delay = 0.41> <Core = "MuxnS">   --->   Core 31 'MuxnS' <Latency = 0> <II = 1> <Delay = 0.41> <FuncUnit> <Opcode : 'mux'> <InPorts = 2> <OutPorts = 1>
ST_2 : Operation 46 [1/1] (0.41ns)   --->   "%phi_ln77_216 = call i9 @_ssdm_op_Mux.ap_auto.8i9.i3(i9 %data_5_V_read, i9 %data_6_V_read, i9 %data_7_V_read, i9 %data_8_V_read, i9 %data_9_V_read, i9 %data_9_V_read, i9 %data_9_V_read, i9 %data_9_V_read, i3 %w_index13)" [firmware/nnet_utils/nnet_dense_resource.h:77]   --->   Operation 46 'mux' 'phi_ln77_216' <Predicate = true> <Delay = 0.41> <Core = "MuxnS">   --->   Core 31 'MuxnS' <Latency = 0> <II = 1> <Delay = 0.41> <FuncUnit> <Opcode : 'mux'> <InPorts = 2> <OutPorts = 1>
ST_2 : Operation 47 [1/1] (0.41ns)   --->   "%phi_ln77_s = call i9 @_ssdm_op_Mux.ap_auto.8i9.i3(i9 %data_10_V_read, i9 %data_11_V_read, i9 %data_12_V_read, i9 %data_13_V_read, i9 %data_14_V_read, i9 %data_14_V_read, i9 %data_14_V_read, i9 %data_14_V_read, i3 %w_index13)" [firmware/nnet_utils/nnet_dense_resource.h:77]   --->   Operation 47 'mux' 'phi_ln77_s' <Predicate = true> <Delay = 0.41> <Core = "MuxnS">   --->   Core 31 'MuxnS' <Latency = 0> <II = 1> <Delay = 0.41> <FuncUnit> <Opcode : 'mux'> <InPorts = 2> <OutPorts = 1>
ST_2 : Operation 48 [1/1] (0.41ns)   --->   "%phi_ln77_217 = call i9 @_ssdm_op_Mux.ap_auto.8i9.i3(i9 %data_15_V_read, i9 %data_16_V_read, i9 %data_17_V_read, i9 %data_18_V_read, i9 %data_19_V_read, i9 %data_19_V_read, i9 %data_19_V_read, i9 %data_19_V_read, i3 %w_index13)" [firmware/nnet_utils/nnet_dense_resource.h:77]   --->   Operation 48 'mux' 'phi_ln77_217' <Predicate = true> <Delay = 0.41> <Core = "MuxnS">   --->   Core 31 'MuxnS' <Latency = 0> <II = 1> <Delay = 0.41> <FuncUnit> <Opcode : 'mux'> <InPorts = 2> <OutPorts = 1>
ST_2 : Operation 49 [1/1] (0.26ns)   --->   "%w_index = add i3 1, %w_index13" [firmware/nnet_utils/nnet_dense_resource.h:64]   --->   Operation 49 'add' 'w_index' <Predicate = true> <Delay = 0.26> <Core = "AddSub">   --->   Core 14 'AddSub' <Latency = 0> <II = 1> <Delay = 0.26> <FuncUnit> <Opcode : 'add' 'sub'> <InPorts = 2> <OutPorts = 1>
ST_2 : Operation 50 [1/1] (0.49ns)   --->   "%icmp_ln64 = icmp eq i3 %w_index13, -4" [firmware/nnet_utils/nnet_dense_resource.h:64]   --->   Operation 50 'icmp' 'icmp_ln64' <Predicate = true> <Delay = 0.49> <Core = "Cmp">   --->   Core 25 'Cmp' <Latency = 0> <II = 1> <Delay = 0.49> <FuncUnit> <Opcode : 'icmp'> <InPorts = 2> <OutPorts = 1>
ST_2 : Operation 51 [1/1] (0.00ns)   --->   "br label %rewind_header" [firmware/nnet_utils/nnet_dense_resource.h:102]   --->   Operation 51 'br' <Predicate = (icmp_ln64)> <Delay = 0.00>

State 3 <SV = 2> <Delay = 4.28>
ST_3 : Operation 52 [1/1] (0.00ns)   --->   "%do_init = phi i1 [ true, %_ZN8ap_fixedILi16ELi6EL9ap_q_mode5EL9ap_o_mode3ELi0EEC1ILi9ELi1ELb1ELS0_5ELS1_3ELi0EEERK13ap_fixed_baseIXT_EXT0_EXT1_EXT2_EXT3_EXT4_EE.exit.0 ], [ false, %ReuseLoop ], [ true, %.preheader.0 ]"   --->   Operation 52 'phi' 'do_init' <Predicate = true> <Delay = 0.00>
ST_3 : Operation 53 [1/1] (0.00ns)   --->   "%res_0_V_write_assign11 = phi i16 [ -60, %_ZN8ap_fixedILi16ELi6EL9ap_q_mode5EL9ap_o_mode3ELi0EEC1ILi9ELi1ELb1ELS0_5ELS1_3ELi0EEERK13ap_fixed_baseIXT_EXT0_EXT1_EXT2_EXT3_EXT4_EE.exit.0 ], [ %acc_0_V, %ReuseLoop ], [ -60, %.preheader.0 ]"   --->   Operation 53 'phi' 'res_0_V_write_assign11' <Predicate = true> <Delay = 0.00>
ST_3 : Operation 54 [1/1] (0.00ns)   --->   "%res_1_V_write_assign9 = phi i16 [ 40, %_ZN8ap_fixedILi16ELi6EL9ap_q_mode5EL9ap_o_mode3ELi0EEC1ILi9ELi1ELb1ELS0_5ELS1_3ELi0EEERK13ap_fixed_baseIXT_EXT0_EXT1_EXT2_EXT3_EXT4_EE.exit.0 ], [ %acc_1_V, %ReuseLoop ], [ 40, %.preheader.0 ]"   --->   Operation 54 'phi' 'res_1_V_write_assign9' <Predicate = true> <Delay = 0.00>
ST_3 : Operation 55 [1/1] (0.00ns)   --->   "%res_2_V_write_assign7 = phi i16 [ 28, %_ZN8ap_fixedILi16ELi6EL9ap_q_mode5EL9ap_o_mode3ELi0EEC1ILi9ELi1ELb1ELS0_5ELS1_3ELi0EEERK13ap_fixed_baseIXT_EXT0_EXT1_EXT2_EXT3_EXT4_EE.exit.0 ], [ %acc_2_V, %ReuseLoop ], [ 28, %.preheader.0 ]"   --->   Operation 55 'phi' 'res_2_V_write_assign7' <Predicate = true> <Delay = 0.00>
ST_3 : Operation 56 [1/1] (0.00ns)   --->   "%res_3_V_write_assign5 = phi i16 [ 60, %_ZN8ap_fixedILi16ELi6EL9ap_q_mode5EL9ap_o_mode3ELi0EEC1ILi9ELi1ELb1ELS0_5ELS1_3ELi0EEERK13ap_fixed_baseIXT_EXT0_EXT1_EXT2_EXT3_EXT4_EE.exit.0 ], [ %acc_3_V, %ReuseLoop ], [ 60, %.preheader.0 ]"   --->   Operation 56 'phi' 'res_3_V_write_assign5' <Predicate = true> <Delay = 0.00>
ST_3 : Operation 57 [1/1] (0.00ns)   --->   "%res_4_V_write_assign3 = phi i16 [ -16, %_ZN8ap_fixedILi16ELi6EL9ap_q_mode5EL9ap_o_mode3ELi0EEC1ILi9ELi1ELb1ELS0_5ELS1_3ELi0EEERK13ap_fixed_baseIXT_EXT0_EXT1_EXT2_EXT3_EXT4_EE.exit.0 ], [ %acc_4_V, %ReuseLoop ], [ -16, %.preheader.0 ]"   --->   Operation 57 'phi' 'res_4_V_write_assign3' <Predicate = true> <Delay = 0.00>
ST_3 : Operation 58 [1/1] (0.00ns)   --->   "br i1 %do_init, label %rewind_init, label %ReuseLoop"   --->   Operation 58 'br' <Predicate = true> <Delay = 0.00>
ST_3 : Operation 59 [1/1] (0.00ns)   --->   "br label %ReuseLoop" [firmware/nnet_utils/nnet_dense_resource.h:64]   --->   Operation 59 'br' <Predicate = (do_init)> <Delay = 0.00>
ST_3 : Operation 60 [1/1] (0.00ns)   --->   "call void (...)* @_ssdm_op_SpecLoopName([10 x i8]* @p_str19) nounwind" [firmware/nnet_utils/nnet_dense_resource.h:64]   --->   Operation 60 'specloopname' <Predicate = true> <Delay = 0.00>
ST_3 : Operation 61 [1/1] (0.00ns)   --->   "%tmp = call i32 (...)* @_ssdm_op_SpecRegionBegin([10 x i8]* @p_str19)" [firmware/nnet_utils/nnet_dense_resource.h:64]   --->   Operation 61 'specregionbegin' 'tmp' <Predicate = true> <Delay = 0.00>
ST_3 : Operation 62 [1/1] (0.00ns)   --->   "call void (...)* @_ssdm_op_SpecPipeline(i32 1, i32 1, i32 1, i32 0, [1 x i8]* @p_str13) nounwind" [firmware/nnet_utils/nnet_dense_resource.h:65]   --->   Operation 62 'specpipeline' <Predicate = true> <Delay = 0.00>
ST_3 : Operation 63 [1/2] (1.15ns)   --->   "%w18_V206_load = load i180* %w18_V206_addr, align 8" [firmware/nnet_utils/nnet_dense_resource.h:77]   --->   Operation 63 'load' 'w18_V206_load' <Predicate = true> <Delay = 1.15> <Core = "ROM_nP">   --->   Core 52 'ROM_nP' <Latency = 1> <II = 1> <Delay = 1.15> <Storage> <Opcode : 'load'> <Ports = 0> <Width = 180> <Depth = 5> <ROM>
ST_3 : Operation 64 [1/1] (0.00ns)   --->   "%trunc_ln77 = trunc i180 %w18_V206_load to i9" [firmware/nnet_utils/nnet_dense_resource.h:77]   --->   Operation 64 'trunc' 'trunc_ln77' <Predicate = true> <Delay = 0.00>
ST_3 : Operation 65 [1/1] (0.00ns)   --->   "%zext_ln1116 = zext i9 %phi_ln to i18" [firmware/nnet_utils/nnet_mult.h:78->firmware/nnet_utils/nnet_dense_resource.h:77]   --->   Operation 65 'zext' 'zext_ln1116' <Predicate = true> <Delay = 0.00>
ST_3 : Operation 66 [1/1] (0.00ns)   --->   "%sext_ln1118 = sext i9 %trunc_ln77 to i18" [firmware/nnet_utils/nnet_mult.h:78->firmware/nnet_utils/nnet_dense_resource.h:77]   --->   Operation 66 'sext' 'sext_ln1118' <Predicate = true> <Delay = 0.00>
ST_3 : Operation 67 [1/1] (1.46ns)   --->   "%mul_ln1118 = mul i18 %zext_ln1116, %sext_ln1118" [firmware/nnet_utils/nnet_mult.h:78->firmware/nnet_utils/nnet_dense_resource.h:77]   --->   Operation 67 'mul' 'mul_ln1118' <Predicate = true> <Delay = 1.46> <Core = "Mul">   --->   Core 16 'Mul' <Latency = 0> <II = 1> <Delay = 1.46> <FuncUnit> <Opcode : 'mul'> <InPorts = 2> <OutPorts = 1>
ST_3 : Operation 68 [1/1] (0.00ns)   --->   "%trunc_ln = call i11 @_ssdm_op_PartSelect.i11.i18.i32.i32(i18 %mul_ln1118, i32 7, i32 17)" [firmware/nnet_utils/nnet_dense_resource.h:77]   --->   Operation 68 'partselect' 'trunc_ln' <Predicate = true> <Delay = 0.00>
ST_3 : Operation 69 [1/1] (0.00ns)   --->   "%sext_ln77 = sext i11 %trunc_ln to i12" [firmware/nnet_utils/nnet_dense_resource.h:77]   --->   Operation 69 'sext' 'sext_ln77' <Predicate = true> <Delay = 0.00>
ST_3 : Operation 70 [1/1] (0.00ns)   --->   "%tmp_213 = call i9 @_ssdm_op_PartSelect.i9.i180.i32.i32(i180 %w18_V206_load, i32 9, i32 17)" [firmware/nnet_utils/nnet_dense_resource.h:77]   --->   Operation 70 'partselect' 'tmp_213' <Predicate = true> <Delay = 0.00>
ST_3 : Operation 71 [1/1] (0.00ns)   --->   "%zext_ln1116_154 = zext i9 %phi_ln77_200 to i18" [firmware/nnet_utils/nnet_mult.h:78->firmware/nnet_utils/nnet_dense_resource.h:77]   --->   Operation 71 'zext' 'zext_ln1116_154' <Predicate = true> <Delay = 0.00>
ST_3 : Operation 72 [1/1] (0.00ns)   --->   "%sext_ln1118_1 = sext i9 %tmp_213 to i18" [firmware/nnet_utils/nnet_mult.h:78->firmware/nnet_utils/nnet_dense_resource.h:77]   --->   Operation 72 'sext' 'sext_ln1118_1' <Predicate = true> <Delay = 0.00>
ST_3 : Operation 73 [1/1] (1.46ns)   --->   "%mul_ln1118_200 = mul i18 %zext_ln1116_154, %sext_ln1118_1" [firmware/nnet_utils/nnet_mult.h:78->firmware/nnet_utils/nnet_dense_resource.h:77]   --->   Operation 73 'mul' 'mul_ln1118_200' <Predicate = true> <Delay = 1.46> <Core = "Mul">   --->   Core 16 'Mul' <Latency = 0> <II = 1> <Delay = 1.46> <FuncUnit> <Opcode : 'mul'> <InPorts = 2> <OutPorts = 1>
ST_3 : Operation 74 [1/1] (0.00ns)   --->   "%trunc_ln708_476 = call i11 @_ssdm_op_PartSelect.i11.i18.i32.i32(i18 %mul_ln1118_200, i32 7, i32 17)" [firmware/nnet_utils/nnet_dense_resource.h:77]   --->   Operation 74 'partselect' 'trunc_ln708_476' <Predicate = true> <Delay = 0.00>
ST_3 : Operation 75 [1/1] (0.00ns)   --->   "%sext_ln77_194 = sext i11 %trunc_ln708_476 to i12" [firmware/nnet_utils/nnet_dense_resource.h:77]   --->   Operation 75 'sext' 'sext_ln77_194' <Predicate = true> <Delay = 0.00>
ST_3 : Operation 76 [1/1] (0.00ns)   --->   "%tmp_214 = call i9 @_ssdm_op_PartSelect.i9.i180.i32.i32(i180 %w18_V206_load, i32 18, i32 26)" [firmware/nnet_utils/nnet_dense_resource.h:77]   --->   Operation 76 'partselect' 'tmp_214' <Predicate = true> <Delay = 0.00>
ST_3 : Operation 77 [1/1] (0.00ns)   --->   "%zext_ln1116_155 = zext i9 %phi_ln77_201 to i18" [firmware/nnet_utils/nnet_mult.h:78->firmware/nnet_utils/nnet_dense_resource.h:77]   --->   Operation 77 'zext' 'zext_ln1116_155' <Predicate = true> <Delay = 0.00>
ST_3 : Operation 78 [1/1] (0.00ns)   --->   "%sext_ln1118_2 = sext i9 %tmp_214 to i18" [firmware/nnet_utils/nnet_mult.h:78->firmware/nnet_utils/nnet_dense_resource.h:77]   --->   Operation 78 'sext' 'sext_ln1118_2' <Predicate = true> <Delay = 0.00>
ST_3 : Operation 79 [1/1] (1.46ns)   --->   "%mul_ln1118_201 = mul i18 %zext_ln1116_155, %sext_ln1118_2" [firmware/nnet_utils/nnet_mult.h:78->firmware/nnet_utils/nnet_dense_resource.h:77]   --->   Operation 79 'mul' 'mul_ln1118_201' <Predicate = true> <Delay = 1.46> <Core = "Mul">   --->   Core 16 'Mul' <Latency = 0> <II = 1> <Delay = 1.46> <FuncUnit> <Opcode : 'mul'> <InPorts = 2> <OutPorts = 1>
ST_3 : Operation 80 [1/1] (0.00ns)   --->   "%trunc_ln708_477 = call i11 @_ssdm_op_PartSelect.i11.i18.i32.i32(i18 %mul_ln1118_201, i32 7, i32 17)" [firmware/nnet_utils/nnet_dense_resource.h:77]   --->   Operation 80 'partselect' 'trunc_ln708_477' <Predicate = true> <Delay = 0.00>
ST_3 : Operation 81 [1/1] (0.00ns)   --->   "%sext_ln77_195 = sext i11 %trunc_ln708_477 to i12" [firmware/nnet_utils/nnet_dense_resource.h:77]   --->   Operation 81 'sext' 'sext_ln77_195' <Predicate = true> <Delay = 0.00>
ST_3 : Operation 82 [1/1] (0.00ns)   --->   "%tmp_215 = call i9 @_ssdm_op_PartSelect.i9.i180.i32.i32(i180 %w18_V206_load, i32 27, i32 35)" [firmware/nnet_utils/nnet_dense_resource.h:77]   --->   Operation 82 'partselect' 'tmp_215' <Predicate = true> <Delay = 0.00>
ST_3 : Operation 83 [1/1] (0.00ns)   --->   "%zext_ln1116_156 = zext i9 %phi_ln77_202 to i18" [firmware/nnet_utils/nnet_mult.h:78->firmware/nnet_utils/nnet_dense_resource.h:77]   --->   Operation 83 'zext' 'zext_ln1116_156' <Predicate = true> <Delay = 0.00>
ST_3 : Operation 84 [1/1] (0.00ns)   --->   "%sext_ln1118_3 = sext i9 %tmp_215 to i18" [firmware/nnet_utils/nnet_mult.h:78->firmware/nnet_utils/nnet_dense_resource.h:77]   --->   Operation 84 'sext' 'sext_ln1118_3' <Predicate = true> <Delay = 0.00>
ST_3 : Operation 85 [1/1] (1.46ns)   --->   "%mul_ln1118_202 = mul i18 %zext_ln1116_156, %sext_ln1118_3" [firmware/nnet_utils/nnet_mult.h:78->firmware/nnet_utils/nnet_dense_resource.h:77]   --->   Operation 85 'mul' 'mul_ln1118_202' <Predicate = true> <Delay = 1.46> <Core = "Mul">   --->   Core 16 'Mul' <Latency = 0> <II = 1> <Delay = 1.46> <FuncUnit> <Opcode : 'mul'> <InPorts = 2> <OutPorts = 1>
ST_3 : Operation 86 [1/1] (0.00ns)   --->   "%trunc_ln708_478 = call i11 @_ssdm_op_PartSelect.i11.i18.i32.i32(i18 %mul_ln1118_202, i32 7, i32 17)" [firmware/nnet_utils/nnet_dense_resource.h:77]   --->   Operation 86 'partselect' 'trunc_ln708_478' <Predicate = true> <Delay = 0.00>
ST_3 : Operation 87 [1/1] (0.00ns)   --->   "%sext_ln703 = sext i11 %trunc_ln708_478 to i12" [firmware/nnet_utils/nnet_dense_resource.h:77]   --->   Operation 87 'sext' 'sext_ln703' <Predicate = true> <Delay = 0.00>
ST_3 : Operation 88 [1/1] (0.53ns)   --->   "%add_ln703 = add i12 %sext_ln77_194, %sext_ln77" [firmware/nnet_utils/nnet_dense_resource.h:77]   --->   Operation 88 'add' 'add_ln703' <Predicate = true> <Delay = 0.53> <Core = "AddSub">   --->   Core 14 'AddSub' <Latency = 0> <II = 1> <Delay = 0.26> <FuncUnit> <Opcode : 'add' 'sub'> <InPorts = 2> <OutPorts = 1>
ST_3 : Operation 89 [1/1] (0.00ns)   --->   "%sext_ln703_219 = sext i12 %add_ln703 to i13" [firmware/nnet_utils/nnet_dense_resource.h:77]   --->   Operation 89 'sext' 'sext_ln703_219' <Predicate = true> <Delay = 0.00>
ST_3 : Operation 90 [1/1] (0.53ns)   --->   "%add_ln703_219 = add i12 %sext_ln703, %sext_ln77_195" [firmware/nnet_utils/nnet_dense_resource.h:77]   --->   Operation 90 'add' 'add_ln703_219' <Predicate = true> <Delay = 0.53> <Core = "AddSub">   --->   Core 14 'AddSub' <Latency = 0> <II = 1> <Delay = 0.26> <FuncUnit> <Opcode : 'add' 'sub'> <InPorts = 2> <OutPorts = 1>
ST_3 : Operation 91 [1/1] (0.00ns)   --->   "%sext_ln703_220 = sext i12 %add_ln703_219 to i13" [firmware/nnet_utils/nnet_dense_resource.h:77]   --->   Operation 91 'sext' 'sext_ln703_220' <Predicate = true> <Delay = 0.00>
ST_3 : Operation 92 [1/1] (0.52ns)   --->   "%add_ln703_220 = add i13 %sext_ln703_219, %sext_ln703_220" [firmware/nnet_utils/nnet_dense_resource.h:77]   --->   Operation 92 'add' 'add_ln703_220' <Predicate = true> <Delay = 0.52> <Core = "AddSub">   --->   Core 14 'AddSub' <Latency = 0> <II = 1> <Delay = 0.26> <FuncUnit> <Opcode : 'add' 'sub'> <InPorts = 2> <OutPorts = 1>
ST_3 : Operation 93 [1/1] (0.00ns)   --->   "%sext_ln703_221 = sext i13 %add_ln703_220 to i16" [firmware/nnet_utils/nnet_dense_resource.h:77]   --->   Operation 93 'sext' 'sext_ln703_221' <Predicate = true> <Delay = 0.00>
ST_3 : Operation 94 [1/1] (0.60ns)   --->   "%acc_0_V = add i16 %sext_ln703_221, %res_0_V_write_assign11" [firmware/nnet_utils/nnet_dense_resource.h:77]   --->   Operation 94 'add' 'acc_0_V' <Predicate = true> <Delay = 0.60> <Core = "AddSub">   --->   Core 14 'AddSub' <Latency = 0> <II = 1> <Delay = 0.26> <FuncUnit> <Opcode : 'add' 'sub'> <InPorts = 2> <OutPorts = 1>
ST_3 : Operation 95 [1/1] (0.00ns)   --->   "%tmp_216 = call i9 @_ssdm_op_PartSelect.i9.i180.i32.i32(i180 %w18_V206_load, i32 36, i32 44)" [firmware/nnet_utils/nnet_dense_resource.h:77]   --->   Operation 95 'partselect' 'tmp_216' <Predicate = true> <Delay = 0.00>
ST_3 : Operation 96 [1/1] (0.00ns)   --->   "%zext_ln1116_157 = zext i9 %phi_ln77_203 to i18" [firmware/nnet_utils/nnet_mult.h:78->firmware/nnet_utils/nnet_dense_resource.h:77]   --->   Operation 96 'zext' 'zext_ln1116_157' <Predicate = true> <Delay = 0.00>
ST_3 : Operation 97 [1/1] (0.00ns)   --->   "%sext_ln1118_4 = sext i9 %tmp_216 to i18" [firmware/nnet_utils/nnet_mult.h:78->firmware/nnet_utils/nnet_dense_resource.h:77]   --->   Operation 97 'sext' 'sext_ln1118_4' <Predicate = true> <Delay = 0.00>
ST_3 : Operation 98 [1/1] (1.46ns)   --->   "%mul_ln1118_203 = mul i18 %zext_ln1116_157, %sext_ln1118_4" [firmware/nnet_utils/nnet_mult.h:78->firmware/nnet_utils/nnet_dense_resource.h:77]   --->   Operation 98 'mul' 'mul_ln1118_203' <Predicate = true> <Delay = 1.46> <Core = "Mul">   --->   Core 16 'Mul' <Latency = 0> <II = 1> <Delay = 1.46> <FuncUnit> <Opcode : 'mul'> <InPorts = 2> <OutPorts = 1>
ST_3 : Operation 99 [1/1] (0.00ns)   --->   "%trunc_ln708_479 = call i11 @_ssdm_op_PartSelect.i11.i18.i32.i32(i18 %mul_ln1118_203, i32 7, i32 17)" [firmware/nnet_utils/nnet_dense_resource.h:77]   --->   Operation 99 'partselect' 'trunc_ln708_479' <Predicate = true> <Delay = 0.00>
ST_3 : Operation 100 [1/1] (0.00ns)   --->   "%sext_ln77_196 = sext i11 %trunc_ln708_479 to i12" [firmware/nnet_utils/nnet_dense_resource.h:77]   --->   Operation 100 'sext' 'sext_ln77_196' <Predicate = true> <Delay = 0.00>
ST_3 : Operation 101 [1/1] (0.00ns)   --->   "%tmp_217 = call i9 @_ssdm_op_PartSelect.i9.i180.i32.i32(i180 %w18_V206_load, i32 45, i32 53)" [firmware/nnet_utils/nnet_dense_resource.h:77]   --->   Operation 101 'partselect' 'tmp_217' <Predicate = true> <Delay = 0.00>
ST_3 : Operation 102 [1/1] (0.00ns)   --->   "%zext_ln1116_158 = zext i9 %phi_ln77_204 to i18" [firmware/nnet_utils/nnet_mult.h:78->firmware/nnet_utils/nnet_dense_resource.h:77]   --->   Operation 102 'zext' 'zext_ln1116_158' <Predicate = true> <Delay = 0.00>
ST_3 : Operation 103 [1/1] (0.00ns)   --->   "%sext_ln1118_5 = sext i9 %tmp_217 to i18" [firmware/nnet_utils/nnet_mult.h:78->firmware/nnet_utils/nnet_dense_resource.h:77]   --->   Operation 103 'sext' 'sext_ln1118_5' <Predicate = true> <Delay = 0.00>
ST_3 : Operation 104 [1/1] (1.46ns)   --->   "%mul_ln1118_204 = mul i18 %zext_ln1116_158, %sext_ln1118_5" [firmware/nnet_utils/nnet_mult.h:78->firmware/nnet_utils/nnet_dense_resource.h:77]   --->   Operation 104 'mul' 'mul_ln1118_204' <Predicate = true> <Delay = 1.46> <Core = "Mul">   --->   Core 16 'Mul' <Latency = 0> <II = 1> <Delay = 1.46> <FuncUnit> <Opcode : 'mul'> <InPorts = 2> <OutPorts = 1>
ST_3 : Operation 105 [1/1] (0.00ns)   --->   "%trunc_ln708_480 = call i11 @_ssdm_op_PartSelect.i11.i18.i32.i32(i18 %mul_ln1118_204, i32 7, i32 17)" [firmware/nnet_utils/nnet_dense_resource.h:77]   --->   Operation 105 'partselect' 'trunc_ln708_480' <Predicate = true> <Delay = 0.00>
ST_3 : Operation 106 [1/1] (0.00ns)   --->   "%sext_ln77_197 = sext i11 %trunc_ln708_480 to i12" [firmware/nnet_utils/nnet_dense_resource.h:77]   --->   Operation 106 'sext' 'sext_ln77_197' <Predicate = true> <Delay = 0.00>
ST_3 : Operation 107 [1/1] (0.00ns)   --->   "%tmp_218 = call i9 @_ssdm_op_PartSelect.i9.i180.i32.i32(i180 %w18_V206_load, i32 54, i32 62)" [firmware/nnet_utils/nnet_dense_resource.h:77]   --->   Operation 107 'partselect' 'tmp_218' <Predicate = true> <Delay = 0.00>
ST_3 : Operation 108 [1/1] (0.00ns)   --->   "%zext_ln1116_159 = zext i9 %phi_ln77_205 to i18" [firmware/nnet_utils/nnet_mult.h:78->firmware/nnet_utils/nnet_dense_resource.h:77]   --->   Operation 108 'zext' 'zext_ln1116_159' <Predicate = true> <Delay = 0.00>
ST_3 : Operation 109 [1/1] (0.00ns)   --->   "%sext_ln1118_6 = sext i9 %tmp_218 to i18" [firmware/nnet_utils/nnet_mult.h:78->firmware/nnet_utils/nnet_dense_resource.h:77]   --->   Operation 109 'sext' 'sext_ln1118_6' <Predicate = true> <Delay = 0.00>
ST_3 : Operation 110 [1/1] (1.46ns)   --->   "%mul_ln1118_205 = mul i18 %zext_ln1116_159, %sext_ln1118_6" [firmware/nnet_utils/nnet_mult.h:78->firmware/nnet_utils/nnet_dense_resource.h:77]   --->   Operation 110 'mul' 'mul_ln1118_205' <Predicate = true> <Delay = 1.46> <Core = "Mul">   --->   Core 16 'Mul' <Latency = 0> <II = 1> <Delay = 1.46> <FuncUnit> <Opcode : 'mul'> <InPorts = 2> <OutPorts = 1>
ST_3 : Operation 111 [1/1] (0.00ns)   --->   "%trunc_ln708_481 = call i11 @_ssdm_op_PartSelect.i11.i18.i32.i32(i18 %mul_ln1118_205, i32 7, i32 17)" [firmware/nnet_utils/nnet_dense_resource.h:77]   --->   Operation 111 'partselect' 'trunc_ln708_481' <Predicate = true> <Delay = 0.00>
ST_3 : Operation 112 [1/1] (0.00ns)   --->   "%sext_ln77_198 = sext i11 %trunc_ln708_481 to i12" [firmware/nnet_utils/nnet_dense_resource.h:77]   --->   Operation 112 'sext' 'sext_ln77_198' <Predicate = true> <Delay = 0.00>
ST_3 : Operation 113 [1/1] (0.00ns)   --->   "%tmp_219 = call i9 @_ssdm_op_PartSelect.i9.i180.i32.i32(i180 %w18_V206_load, i32 63, i32 71)" [firmware/nnet_utils/nnet_dense_resource.h:77]   --->   Operation 113 'partselect' 'tmp_219' <Predicate = true> <Delay = 0.00>
ST_3 : Operation 114 [1/1] (0.00ns)   --->   "%zext_ln1116_160 = zext i9 %phi_ln77_206 to i18" [firmware/nnet_utils/nnet_mult.h:78->firmware/nnet_utils/nnet_dense_resource.h:77]   --->   Operation 114 'zext' 'zext_ln1116_160' <Predicate = true> <Delay = 0.00>
ST_3 : Operation 115 [1/1] (0.00ns)   --->   "%sext_ln1118_7 = sext i9 %tmp_219 to i18" [firmware/nnet_utils/nnet_mult.h:78->firmware/nnet_utils/nnet_dense_resource.h:77]   --->   Operation 115 'sext' 'sext_ln1118_7' <Predicate = true> <Delay = 0.00>
ST_3 : Operation 116 [1/1] (1.46ns)   --->   "%mul_ln1118_206 = mul i18 %zext_ln1116_160, %sext_ln1118_7" [firmware/nnet_utils/nnet_mult.h:78->firmware/nnet_utils/nnet_dense_resource.h:77]   --->   Operation 116 'mul' 'mul_ln1118_206' <Predicate = true> <Delay = 1.46> <Core = "Mul">   --->   Core 16 'Mul' <Latency = 0> <II = 1> <Delay = 1.46> <FuncUnit> <Opcode : 'mul'> <InPorts = 2> <OutPorts = 1>
ST_3 : Operation 117 [1/1] (0.00ns)   --->   "%trunc_ln708_482 = call i11 @_ssdm_op_PartSelect.i11.i18.i32.i32(i18 %mul_ln1118_206, i32 7, i32 17)" [firmware/nnet_utils/nnet_dense_resource.h:77]   --->   Operation 117 'partselect' 'trunc_ln708_482' <Predicate = true> <Delay = 0.00>
ST_3 : Operation 118 [1/1] (0.00ns)   --->   "%sext_ln703_222 = sext i11 %trunc_ln708_482 to i12" [firmware/nnet_utils/nnet_dense_resource.h:77]   --->   Operation 118 'sext' 'sext_ln703_222' <Predicate = true> <Delay = 0.00>
ST_3 : Operation 119 [1/1] (0.53ns)   --->   "%add_ln703_222 = add i12 %sext_ln77_197, %sext_ln77_196" [firmware/nnet_utils/nnet_dense_resource.h:77]   --->   Operation 119 'add' 'add_ln703_222' <Predicate = true> <Delay = 0.53> <Core = "AddSub">   --->   Core 14 'AddSub' <Latency = 0> <II = 1> <Delay = 0.26> <FuncUnit> <Opcode : 'add' 'sub'> <InPorts = 2> <OutPorts = 1>
ST_3 : Operation 120 [1/1] (0.00ns)   --->   "%sext_ln703_223 = sext i12 %add_ln703_222 to i13" [firmware/nnet_utils/nnet_dense_resource.h:77]   --->   Operation 120 'sext' 'sext_ln703_223' <Predicate = true> <Delay = 0.00>
ST_3 : Operation 121 [1/1] (0.53ns)   --->   "%add_ln703_223 = add i12 %sext_ln703_222, %sext_ln77_198" [firmware/nnet_utils/nnet_dense_resource.h:77]   --->   Operation 121 'add' 'add_ln703_223' <Predicate = true> <Delay = 0.53> <Core = "AddSub">   --->   Core 14 'AddSub' <Latency = 0> <II = 1> <Delay = 0.26> <FuncUnit> <Opcode : 'add' 'sub'> <InPorts = 2> <OutPorts = 1>
ST_3 : Operation 122 [1/1] (0.00ns)   --->   "%sext_ln703_224 = sext i12 %add_ln703_223 to i13" [firmware/nnet_utils/nnet_dense_resource.h:77]   --->   Operation 122 'sext' 'sext_ln703_224' <Predicate = true> <Delay = 0.00>
ST_3 : Operation 123 [1/1] (0.52ns)   --->   "%add_ln703_224 = add i13 %sext_ln703_223, %sext_ln703_224" [firmware/nnet_utils/nnet_dense_resource.h:77]   --->   Operation 123 'add' 'add_ln703_224' <Predicate = true> <Delay = 0.52> <Core = "AddSub">   --->   Core 14 'AddSub' <Latency = 0> <II = 1> <Delay = 0.26> <FuncUnit> <Opcode : 'add' 'sub'> <InPorts = 2> <OutPorts = 1>
ST_3 : Operation 124 [1/1] (0.00ns)   --->   "%sext_ln703_225 = sext i13 %add_ln703_224 to i16" [firmware/nnet_utils/nnet_dense_resource.h:77]   --->   Operation 124 'sext' 'sext_ln703_225' <Predicate = true> <Delay = 0.00>
ST_3 : Operation 125 [1/1] (0.60ns)   --->   "%acc_1_V = add i16 %sext_ln703_225, %res_1_V_write_assign9" [firmware/nnet_utils/nnet_dense_resource.h:77]   --->   Operation 125 'add' 'acc_1_V' <Predicate = true> <Delay = 0.60> <Core = "AddSub">   --->   Core 14 'AddSub' <Latency = 0> <II = 1> <Delay = 0.26> <FuncUnit> <Opcode : 'add' 'sub'> <InPorts = 2> <OutPorts = 1>
ST_3 : Operation 126 [1/1] (0.00ns)   --->   "%tmp_s = call i9 @_ssdm_op_PartSelect.i9.i180.i32.i32(i180 %w18_V206_load, i32 72, i32 80)" [firmware/nnet_utils/nnet_dense_resource.h:77]   --->   Operation 126 'partselect' 'tmp_s' <Predicate = true> <Delay = 0.00>
ST_3 : Operation 127 [1/1] (0.00ns)   --->   "%zext_ln1116_161 = zext i9 %phi_ln77_207 to i18" [firmware/nnet_utils/nnet_mult.h:78->firmware/nnet_utils/nnet_dense_resource.h:77]   --->   Operation 127 'zext' 'zext_ln1116_161' <Predicate = true> <Delay = 0.00>
ST_3 : Operation 128 [1/1] (0.00ns)   --->   "%sext_ln1118_8 = sext i9 %tmp_s to i18" [firmware/nnet_utils/nnet_mult.h:78->firmware/nnet_utils/nnet_dense_resource.h:77]   --->   Operation 128 'sext' 'sext_ln1118_8' <Predicate = true> <Delay = 0.00>
ST_3 : Operation 129 [1/1] (1.46ns)   --->   "%mul_ln1118_207 = mul i18 %zext_ln1116_161, %sext_ln1118_8" [firmware/nnet_utils/nnet_mult.h:78->firmware/nnet_utils/nnet_dense_resource.h:77]   --->   Operation 129 'mul' 'mul_ln1118_207' <Predicate = true> <Delay = 1.46> <Core = "Mul">   --->   Core 16 'Mul' <Latency = 0> <II = 1> <Delay = 1.46> <FuncUnit> <Opcode : 'mul'> <InPorts = 2> <OutPorts = 1>
ST_3 : Operation 130 [1/1] (0.00ns)   --->   "%trunc_ln708_483 = call i11 @_ssdm_op_PartSelect.i11.i18.i32.i32(i18 %mul_ln1118_207, i32 7, i32 17)" [firmware/nnet_utils/nnet_dense_resource.h:77]   --->   Operation 130 'partselect' 'trunc_ln708_483' <Predicate = true> <Delay = 0.00>
ST_3 : Operation 131 [1/1] (0.00ns)   --->   "%sext_ln77_199 = sext i11 %trunc_ln708_483 to i12" [firmware/nnet_utils/nnet_dense_resource.h:77]   --->   Operation 131 'sext' 'sext_ln77_199' <Predicate = true> <Delay = 0.00>
ST_3 : Operation 132 [1/1] (0.00ns)   --->   "%tmp_220 = call i9 @_ssdm_op_PartSelect.i9.i180.i32.i32(i180 %w18_V206_load, i32 81, i32 89)" [firmware/nnet_utils/nnet_dense_resource.h:77]   --->   Operation 132 'partselect' 'tmp_220' <Predicate = true> <Delay = 0.00>
ST_3 : Operation 133 [1/1] (0.00ns)   --->   "%zext_ln1116_162 = zext i9 %phi_ln77_208 to i18" [firmware/nnet_utils/nnet_mult.h:78->firmware/nnet_utils/nnet_dense_resource.h:77]   --->   Operation 133 'zext' 'zext_ln1116_162' <Predicate = true> <Delay = 0.00>
ST_3 : Operation 134 [1/1] (0.00ns)   --->   "%sext_ln1118_9 = sext i9 %tmp_220 to i18" [firmware/nnet_utils/nnet_mult.h:78->firmware/nnet_utils/nnet_dense_resource.h:77]   --->   Operation 134 'sext' 'sext_ln1118_9' <Predicate = true> <Delay = 0.00>
ST_3 : Operation 135 [1/1] (1.46ns)   --->   "%mul_ln1118_208 = mul i18 %zext_ln1116_162, %sext_ln1118_9" [firmware/nnet_utils/nnet_mult.h:78->firmware/nnet_utils/nnet_dense_resource.h:77]   --->   Operation 135 'mul' 'mul_ln1118_208' <Predicate = true> <Delay = 1.46> <Core = "Mul">   --->   Core 16 'Mul' <Latency = 0> <II = 1> <Delay = 1.46> <FuncUnit> <Opcode : 'mul'> <InPorts = 2> <OutPorts = 1>
ST_3 : Operation 136 [1/1] (0.00ns)   --->   "%trunc_ln708_484 = call i11 @_ssdm_op_PartSelect.i11.i18.i32.i32(i18 %mul_ln1118_208, i32 7, i32 17)" [firmware/nnet_utils/nnet_dense_resource.h:77]   --->   Operation 136 'partselect' 'trunc_ln708_484' <Predicate = true> <Delay = 0.00>
ST_3 : Operation 137 [1/1] (0.00ns)   --->   "%sext_ln77_200 = sext i11 %trunc_ln708_484 to i12" [firmware/nnet_utils/nnet_dense_resource.h:77]   --->   Operation 137 'sext' 'sext_ln77_200' <Predicate = true> <Delay = 0.00>
ST_3 : Operation 138 [1/1] (0.00ns)   --->   "%tmp_221 = call i9 @_ssdm_op_PartSelect.i9.i180.i32.i32(i180 %w18_V206_load, i32 90, i32 98)" [firmware/nnet_utils/nnet_dense_resource.h:77]   --->   Operation 138 'partselect' 'tmp_221' <Predicate = true> <Delay = 0.00>
ST_3 : Operation 139 [1/1] (0.00ns)   --->   "%zext_ln1116_163 = zext i9 %phi_ln77_209 to i18" [firmware/nnet_utils/nnet_mult.h:78->firmware/nnet_utils/nnet_dense_resource.h:77]   --->   Operation 139 'zext' 'zext_ln1116_163' <Predicate = true> <Delay = 0.00>
ST_3 : Operation 140 [1/1] (0.00ns)   --->   "%sext_ln1118_10 = sext i9 %tmp_221 to i18" [firmware/nnet_utils/nnet_mult.h:78->firmware/nnet_utils/nnet_dense_resource.h:77]   --->   Operation 140 'sext' 'sext_ln1118_10' <Predicate = true> <Delay = 0.00>
ST_3 : Operation 141 [1/1] (1.46ns)   --->   "%mul_ln1118_209 = mul i18 %zext_ln1116_163, %sext_ln1118_10" [firmware/nnet_utils/nnet_mult.h:78->firmware/nnet_utils/nnet_dense_resource.h:77]   --->   Operation 141 'mul' 'mul_ln1118_209' <Predicate = true> <Delay = 1.46> <Core = "Mul">   --->   Core 16 'Mul' <Latency = 0> <II = 1> <Delay = 1.46> <FuncUnit> <Opcode : 'mul'> <InPorts = 2> <OutPorts = 1>
ST_3 : Operation 142 [1/1] (0.00ns)   --->   "%trunc_ln708_485 = call i11 @_ssdm_op_PartSelect.i11.i18.i32.i32(i18 %mul_ln1118_209, i32 7, i32 17)" [firmware/nnet_utils/nnet_dense_resource.h:77]   --->   Operation 142 'partselect' 'trunc_ln708_485' <Predicate = true> <Delay = 0.00>
ST_3 : Operation 143 [1/1] (0.00ns)   --->   "%sext_ln77_201 = sext i11 %trunc_ln708_485 to i12" [firmware/nnet_utils/nnet_dense_resource.h:77]   --->   Operation 143 'sext' 'sext_ln77_201' <Predicate = true> <Delay = 0.00>
ST_3 : Operation 144 [1/1] (0.00ns)   --->   "%tmp_222 = call i9 @_ssdm_op_PartSelect.i9.i180.i32.i32(i180 %w18_V206_load, i32 99, i32 107)" [firmware/nnet_utils/nnet_dense_resource.h:77]   --->   Operation 144 'partselect' 'tmp_222' <Predicate = true> <Delay = 0.00>
ST_3 : Operation 145 [1/1] (0.00ns)   --->   "%zext_ln1116_164 = zext i9 %phi_ln77_210 to i18" [firmware/nnet_utils/nnet_mult.h:78->firmware/nnet_utils/nnet_dense_resource.h:77]   --->   Operation 145 'zext' 'zext_ln1116_164' <Predicate = true> <Delay = 0.00>
ST_3 : Operation 146 [1/1] (0.00ns)   --->   "%sext_ln1118_11 = sext i9 %tmp_222 to i18" [firmware/nnet_utils/nnet_mult.h:78->firmware/nnet_utils/nnet_dense_resource.h:77]   --->   Operation 146 'sext' 'sext_ln1118_11' <Predicate = true> <Delay = 0.00>
ST_3 : Operation 147 [1/1] (1.46ns)   --->   "%mul_ln1118_210 = mul i18 %zext_ln1116_164, %sext_ln1118_11" [firmware/nnet_utils/nnet_mult.h:78->firmware/nnet_utils/nnet_dense_resource.h:77]   --->   Operation 147 'mul' 'mul_ln1118_210' <Predicate = true> <Delay = 1.46> <Core = "Mul">   --->   Core 16 'Mul' <Latency = 0> <II = 1> <Delay = 1.46> <FuncUnit> <Opcode : 'mul'> <InPorts = 2> <OutPorts = 1>
ST_3 : Operation 148 [1/1] (0.00ns)   --->   "%trunc_ln708_486 = call i11 @_ssdm_op_PartSelect.i11.i18.i32.i32(i18 %mul_ln1118_210, i32 7, i32 17)" [firmware/nnet_utils/nnet_dense_resource.h:77]   --->   Operation 148 'partselect' 'trunc_ln708_486' <Predicate = true> <Delay = 0.00>
ST_3 : Operation 149 [1/1] (0.00ns)   --->   "%sext_ln703_226 = sext i11 %trunc_ln708_486 to i12" [firmware/nnet_utils/nnet_dense_resource.h:77]   --->   Operation 149 'sext' 'sext_ln703_226' <Predicate = true> <Delay = 0.00>
ST_3 : Operation 150 [1/1] (0.53ns)   --->   "%add_ln703_226 = add i12 %sext_ln77_200, %sext_ln77_199" [firmware/nnet_utils/nnet_dense_resource.h:77]   --->   Operation 150 'add' 'add_ln703_226' <Predicate = true> <Delay = 0.53> <Core = "AddSub">   --->   Core 14 'AddSub' <Latency = 0> <II = 1> <Delay = 0.26> <FuncUnit> <Opcode : 'add' 'sub'> <InPorts = 2> <OutPorts = 1>
ST_3 : Operation 151 [1/1] (0.00ns)   --->   "%sext_ln703_227 = sext i12 %add_ln703_226 to i13" [firmware/nnet_utils/nnet_dense_resource.h:77]   --->   Operation 151 'sext' 'sext_ln703_227' <Predicate = true> <Delay = 0.00>
ST_3 : Operation 152 [1/1] (0.53ns)   --->   "%add_ln703_227 = add i12 %sext_ln703_226, %sext_ln77_201" [firmware/nnet_utils/nnet_dense_resource.h:77]   --->   Operation 152 'add' 'add_ln703_227' <Predicate = true> <Delay = 0.53> <Core = "AddSub">   --->   Core 14 'AddSub' <Latency = 0> <II = 1> <Delay = 0.26> <FuncUnit> <Opcode : 'add' 'sub'> <InPorts = 2> <OutPorts = 1>
ST_3 : Operation 153 [1/1] (0.00ns)   --->   "%sext_ln703_228 = sext i12 %add_ln703_227 to i13" [firmware/nnet_utils/nnet_dense_resource.h:77]   --->   Operation 153 'sext' 'sext_ln703_228' <Predicate = true> <Delay = 0.00>
ST_3 : Operation 154 [1/1] (0.52ns)   --->   "%add_ln703_228 = add i13 %sext_ln703_227, %sext_ln703_228" [firmware/nnet_utils/nnet_dense_resource.h:77]   --->   Operation 154 'add' 'add_ln703_228' <Predicate = true> <Delay = 0.52> <Core = "AddSub">   --->   Core 14 'AddSub' <Latency = 0> <II = 1> <Delay = 0.26> <FuncUnit> <Opcode : 'add' 'sub'> <InPorts = 2> <OutPorts = 1>
ST_3 : Operation 155 [1/1] (0.00ns)   --->   "%sext_ln703_229 = sext i13 %add_ln703_228 to i16" [firmware/nnet_utils/nnet_dense_resource.h:77]   --->   Operation 155 'sext' 'sext_ln703_229' <Predicate = true> <Delay = 0.00>
ST_3 : Operation 156 [1/1] (0.60ns)   --->   "%acc_2_V = add i16 %sext_ln703_229, %res_2_V_write_assign7" [firmware/nnet_utils/nnet_dense_resource.h:77]   --->   Operation 156 'add' 'acc_2_V' <Predicate = true> <Delay = 0.60> <Core = "AddSub">   --->   Core 14 'AddSub' <Latency = 0> <II = 1> <Delay = 0.26> <FuncUnit> <Opcode : 'add' 'sub'> <InPorts = 2> <OutPorts = 1>
ST_3 : Operation 157 [1/1] (0.00ns)   --->   "%tmp_223 = call i9 @_ssdm_op_PartSelect.i9.i180.i32.i32(i180 %w18_V206_load, i32 108, i32 116)" [firmware/nnet_utils/nnet_dense_resource.h:77]   --->   Operation 157 'partselect' 'tmp_223' <Predicate = true> <Delay = 0.00>
ST_3 : Operation 158 [1/1] (0.00ns)   --->   "%zext_ln1116_165 = zext i9 %phi_ln77_211 to i18" [firmware/nnet_utils/nnet_mult.h:78->firmware/nnet_utils/nnet_dense_resource.h:77]   --->   Operation 158 'zext' 'zext_ln1116_165' <Predicate = true> <Delay = 0.00>
ST_3 : Operation 159 [1/1] (0.00ns)   --->   "%sext_ln1118_12 = sext i9 %tmp_223 to i18" [firmware/nnet_utils/nnet_mult.h:78->firmware/nnet_utils/nnet_dense_resource.h:77]   --->   Operation 159 'sext' 'sext_ln1118_12' <Predicate = true> <Delay = 0.00>
ST_3 : Operation 160 [1/1] (1.46ns)   --->   "%mul_ln1118_211 = mul i18 %zext_ln1116_165, %sext_ln1118_12" [firmware/nnet_utils/nnet_mult.h:78->firmware/nnet_utils/nnet_dense_resource.h:77]   --->   Operation 160 'mul' 'mul_ln1118_211' <Predicate = true> <Delay = 1.46> <Core = "Mul">   --->   Core 16 'Mul' <Latency = 0> <II = 1> <Delay = 1.46> <FuncUnit> <Opcode : 'mul'> <InPorts = 2> <OutPorts = 1>
ST_3 : Operation 161 [1/1] (0.00ns)   --->   "%trunc_ln708_487 = call i11 @_ssdm_op_PartSelect.i11.i18.i32.i32(i18 %mul_ln1118_211, i32 7, i32 17)" [firmware/nnet_utils/nnet_dense_resource.h:77]   --->   Operation 161 'partselect' 'trunc_ln708_487' <Predicate = true> <Delay = 0.00>
ST_3 : Operation 162 [1/1] (0.00ns)   --->   "%sext_ln77_202 = sext i11 %trunc_ln708_487 to i12" [firmware/nnet_utils/nnet_dense_resource.h:77]   --->   Operation 162 'sext' 'sext_ln77_202' <Predicate = true> <Delay = 0.00>
ST_3 : Operation 163 [1/1] (0.00ns)   --->   "%tmp_224 = call i9 @_ssdm_op_PartSelect.i9.i180.i32.i32(i180 %w18_V206_load, i32 117, i32 125)" [firmware/nnet_utils/nnet_dense_resource.h:77]   --->   Operation 163 'partselect' 'tmp_224' <Predicate = true> <Delay = 0.00>
ST_3 : Operation 164 [1/1] (0.00ns)   --->   "%zext_ln1116_166 = zext i9 %phi_ln77_212 to i18" [firmware/nnet_utils/nnet_mult.h:78->firmware/nnet_utils/nnet_dense_resource.h:77]   --->   Operation 164 'zext' 'zext_ln1116_166' <Predicate = true> <Delay = 0.00>
ST_3 : Operation 165 [1/1] (0.00ns)   --->   "%sext_ln1118_13 = sext i9 %tmp_224 to i18" [firmware/nnet_utils/nnet_mult.h:78->firmware/nnet_utils/nnet_dense_resource.h:77]   --->   Operation 165 'sext' 'sext_ln1118_13' <Predicate = true> <Delay = 0.00>
ST_3 : Operation 166 [1/1] (1.46ns)   --->   "%mul_ln1118_212 = mul i18 %zext_ln1116_166, %sext_ln1118_13" [firmware/nnet_utils/nnet_mult.h:78->firmware/nnet_utils/nnet_dense_resource.h:77]   --->   Operation 166 'mul' 'mul_ln1118_212' <Predicate = true> <Delay = 1.46> <Core = "Mul">   --->   Core 16 'Mul' <Latency = 0> <II = 1> <Delay = 1.46> <FuncUnit> <Opcode : 'mul'> <InPorts = 2> <OutPorts = 1>
ST_3 : Operation 167 [1/1] (0.00ns)   --->   "%trunc_ln708_488 = call i11 @_ssdm_op_PartSelect.i11.i18.i32.i32(i18 %mul_ln1118_212, i32 7, i32 17)" [firmware/nnet_utils/nnet_dense_resource.h:77]   --->   Operation 167 'partselect' 'trunc_ln708_488' <Predicate = true> <Delay = 0.00>
ST_3 : Operation 168 [1/1] (0.00ns)   --->   "%sext_ln77_203 = sext i11 %trunc_ln708_488 to i12" [firmware/nnet_utils/nnet_dense_resource.h:77]   --->   Operation 168 'sext' 'sext_ln77_203' <Predicate = true> <Delay = 0.00>
ST_3 : Operation 169 [1/1] (0.00ns)   --->   "%tmp_225 = call i9 @_ssdm_op_PartSelect.i9.i180.i32.i32(i180 %w18_V206_load, i32 126, i32 134)" [firmware/nnet_utils/nnet_dense_resource.h:77]   --->   Operation 169 'partselect' 'tmp_225' <Predicate = true> <Delay = 0.00>
ST_3 : Operation 170 [1/1] (0.00ns)   --->   "%zext_ln1116_167 = zext i9 %phi_ln77_213 to i18" [firmware/nnet_utils/nnet_mult.h:78->firmware/nnet_utils/nnet_dense_resource.h:77]   --->   Operation 170 'zext' 'zext_ln1116_167' <Predicate = true> <Delay = 0.00>
ST_3 : Operation 171 [1/1] (0.00ns)   --->   "%sext_ln1118_14 = sext i9 %tmp_225 to i18" [firmware/nnet_utils/nnet_mult.h:78->firmware/nnet_utils/nnet_dense_resource.h:77]   --->   Operation 171 'sext' 'sext_ln1118_14' <Predicate = true> <Delay = 0.00>
ST_3 : Operation 172 [1/1] (1.46ns)   --->   "%mul_ln1118_213 = mul i18 %zext_ln1116_167, %sext_ln1118_14" [firmware/nnet_utils/nnet_mult.h:78->firmware/nnet_utils/nnet_dense_resource.h:77]   --->   Operation 172 'mul' 'mul_ln1118_213' <Predicate = true> <Delay = 1.46> <Core = "Mul">   --->   Core 16 'Mul' <Latency = 0> <II = 1> <Delay = 1.46> <FuncUnit> <Opcode : 'mul'> <InPorts = 2> <OutPorts = 1>
ST_3 : Operation 173 [1/1] (0.00ns)   --->   "%trunc_ln708_489 = call i11 @_ssdm_op_PartSelect.i11.i18.i32.i32(i18 %mul_ln1118_213, i32 7, i32 17)" [firmware/nnet_utils/nnet_dense_resource.h:77]   --->   Operation 173 'partselect' 'trunc_ln708_489' <Predicate = true> <Delay = 0.00>
ST_3 : Operation 174 [1/1] (0.00ns)   --->   "%sext_ln77_204 = sext i11 %trunc_ln708_489 to i12" [firmware/nnet_utils/nnet_dense_resource.h:77]   --->   Operation 174 'sext' 'sext_ln77_204' <Predicate = true> <Delay = 0.00>
ST_3 : Operation 175 [1/1] (0.00ns)   --->   "%tmp_226 = call i9 @_ssdm_op_PartSelect.i9.i180.i32.i32(i180 %w18_V206_load, i32 135, i32 143)" [firmware/nnet_utils/nnet_dense_resource.h:77]   --->   Operation 175 'partselect' 'tmp_226' <Predicate = true> <Delay = 0.00>
ST_3 : Operation 176 [1/1] (0.00ns)   --->   "%zext_ln1116_168 = zext i9 %phi_ln77_214 to i18" [firmware/nnet_utils/nnet_mult.h:78->firmware/nnet_utils/nnet_dense_resource.h:77]   --->   Operation 176 'zext' 'zext_ln1116_168' <Predicate = true> <Delay = 0.00>
ST_3 : Operation 177 [1/1] (0.00ns)   --->   "%sext_ln1118_15 = sext i9 %tmp_226 to i18" [firmware/nnet_utils/nnet_mult.h:78->firmware/nnet_utils/nnet_dense_resource.h:77]   --->   Operation 177 'sext' 'sext_ln1118_15' <Predicate = true> <Delay = 0.00>
ST_3 : Operation 178 [1/1] (1.46ns)   --->   "%mul_ln1118_214 = mul i18 %zext_ln1116_168, %sext_ln1118_15" [firmware/nnet_utils/nnet_mult.h:78->firmware/nnet_utils/nnet_dense_resource.h:77]   --->   Operation 178 'mul' 'mul_ln1118_214' <Predicate = true> <Delay = 1.46> <Core = "Mul">   --->   Core 16 'Mul' <Latency = 0> <II = 1> <Delay = 1.46> <FuncUnit> <Opcode : 'mul'> <InPorts = 2> <OutPorts = 1>
ST_3 : Operation 179 [1/1] (0.00ns)   --->   "%trunc_ln708_490 = call i11 @_ssdm_op_PartSelect.i11.i18.i32.i32(i18 %mul_ln1118_214, i32 7, i32 17)" [firmware/nnet_utils/nnet_dense_resource.h:77]   --->   Operation 179 'partselect' 'trunc_ln708_490' <Predicate = true> <Delay = 0.00>
ST_3 : Operation 180 [1/1] (0.00ns)   --->   "%sext_ln703_230 = sext i11 %trunc_ln708_490 to i12" [firmware/nnet_utils/nnet_dense_resource.h:77]   --->   Operation 180 'sext' 'sext_ln703_230' <Predicate = true> <Delay = 0.00>
ST_3 : Operation 181 [1/1] (0.53ns)   --->   "%add_ln703_230 = add i12 %sext_ln77_203, %sext_ln77_202" [firmware/nnet_utils/nnet_dense_resource.h:77]   --->   Operation 181 'add' 'add_ln703_230' <Predicate = true> <Delay = 0.53> <Core = "AddSub">   --->   Core 14 'AddSub' <Latency = 0> <II = 1> <Delay = 0.26> <FuncUnit> <Opcode : 'add' 'sub'> <InPorts = 2> <OutPorts = 1>
ST_3 : Operation 182 [1/1] (0.00ns)   --->   "%sext_ln703_231 = sext i12 %add_ln703_230 to i13" [firmware/nnet_utils/nnet_dense_resource.h:77]   --->   Operation 182 'sext' 'sext_ln703_231' <Predicate = true> <Delay = 0.00>
ST_3 : Operation 183 [1/1] (0.53ns)   --->   "%add_ln703_231 = add i12 %sext_ln703_230, %sext_ln77_204" [firmware/nnet_utils/nnet_dense_resource.h:77]   --->   Operation 183 'add' 'add_ln703_231' <Predicate = true> <Delay = 0.53> <Core = "AddSub">   --->   Core 14 'AddSub' <Latency = 0> <II = 1> <Delay = 0.26> <FuncUnit> <Opcode : 'add' 'sub'> <InPorts = 2> <OutPorts = 1>
ST_3 : Operation 184 [1/1] (0.00ns)   --->   "%sext_ln703_232 = sext i12 %add_ln703_231 to i13" [firmware/nnet_utils/nnet_dense_resource.h:77]   --->   Operation 184 'sext' 'sext_ln703_232' <Predicate = true> <Delay = 0.00>
ST_3 : Operation 185 [1/1] (0.52ns)   --->   "%add_ln703_232 = add i13 %sext_ln703_231, %sext_ln703_232" [firmware/nnet_utils/nnet_dense_resource.h:77]   --->   Operation 185 'add' 'add_ln703_232' <Predicate = true> <Delay = 0.52> <Core = "AddSub">   --->   Core 14 'AddSub' <Latency = 0> <II = 1> <Delay = 0.26> <FuncUnit> <Opcode : 'add' 'sub'> <InPorts = 2> <OutPorts = 1>
ST_3 : Operation 186 [1/1] (0.00ns)   --->   "%sext_ln703_233 = sext i13 %add_ln703_232 to i16" [firmware/nnet_utils/nnet_dense_resource.h:77]   --->   Operation 186 'sext' 'sext_ln703_233' <Predicate = true> <Delay = 0.00>
ST_3 : Operation 187 [1/1] (0.60ns)   --->   "%acc_3_V = add i16 %sext_ln703_233, %res_3_V_write_assign5" [firmware/nnet_utils/nnet_dense_resource.h:77]   --->   Operation 187 'add' 'acc_3_V' <Predicate = true> <Delay = 0.60> <Core = "AddSub">   --->   Core 14 'AddSub' <Latency = 0> <II = 1> <Delay = 0.26> <FuncUnit> <Opcode : 'add' 'sub'> <InPorts = 2> <OutPorts = 1>
ST_3 : Operation 188 [1/1] (0.00ns)   --->   "%tmp_227 = call i9 @_ssdm_op_PartSelect.i9.i180.i32.i32(i180 %w18_V206_load, i32 144, i32 152)" [firmware/nnet_utils/nnet_dense_resource.h:77]   --->   Operation 188 'partselect' 'tmp_227' <Predicate = true> <Delay = 0.00>
ST_3 : Operation 189 [1/1] (0.00ns)   --->   "%zext_ln1116_169 = zext i9 %phi_ln77_215 to i18" [firmware/nnet_utils/nnet_mult.h:78->firmware/nnet_utils/nnet_dense_resource.h:77]   --->   Operation 189 'zext' 'zext_ln1116_169' <Predicate = true> <Delay = 0.00>
ST_3 : Operation 190 [1/1] (0.00ns)   --->   "%sext_ln1118_16 = sext i9 %tmp_227 to i18" [firmware/nnet_utils/nnet_mult.h:78->firmware/nnet_utils/nnet_dense_resource.h:77]   --->   Operation 190 'sext' 'sext_ln1118_16' <Predicate = true> <Delay = 0.00>
ST_3 : Operation 191 [1/1] (1.46ns)   --->   "%mul_ln1118_215 = mul i18 %zext_ln1116_169, %sext_ln1118_16" [firmware/nnet_utils/nnet_mult.h:78->firmware/nnet_utils/nnet_dense_resource.h:77]   --->   Operation 191 'mul' 'mul_ln1118_215' <Predicate = true> <Delay = 1.46> <Core = "Mul">   --->   Core 16 'Mul' <Latency = 0> <II = 1> <Delay = 1.46> <FuncUnit> <Opcode : 'mul'> <InPorts = 2> <OutPorts = 1>
ST_3 : Operation 192 [1/1] (0.00ns)   --->   "%trunc_ln708_491 = call i11 @_ssdm_op_PartSelect.i11.i18.i32.i32(i18 %mul_ln1118_215, i32 7, i32 17)" [firmware/nnet_utils/nnet_dense_resource.h:77]   --->   Operation 192 'partselect' 'trunc_ln708_491' <Predicate = true> <Delay = 0.00>
ST_3 : Operation 193 [1/1] (0.00ns)   --->   "%sext_ln77_205 = sext i11 %trunc_ln708_491 to i12" [firmware/nnet_utils/nnet_dense_resource.h:77]   --->   Operation 193 'sext' 'sext_ln77_205' <Predicate = true> <Delay = 0.00>
ST_3 : Operation 194 [1/1] (0.00ns)   --->   "%tmp_228 = call i9 @_ssdm_op_PartSelect.i9.i180.i32.i32(i180 %w18_V206_load, i32 153, i32 161)" [firmware/nnet_utils/nnet_dense_resource.h:77]   --->   Operation 194 'partselect' 'tmp_228' <Predicate = true> <Delay = 0.00>
ST_3 : Operation 195 [1/1] (0.00ns)   --->   "%zext_ln1116_170 = zext i9 %phi_ln77_216 to i18" [firmware/nnet_utils/nnet_mult.h:78->firmware/nnet_utils/nnet_dense_resource.h:77]   --->   Operation 195 'zext' 'zext_ln1116_170' <Predicate = true> <Delay = 0.00>
ST_3 : Operation 196 [1/1] (0.00ns)   --->   "%sext_ln1118_17 = sext i9 %tmp_228 to i18" [firmware/nnet_utils/nnet_mult.h:78->firmware/nnet_utils/nnet_dense_resource.h:77]   --->   Operation 196 'sext' 'sext_ln1118_17' <Predicate = true> <Delay = 0.00>
ST_3 : Operation 197 [1/1] (1.46ns)   --->   "%mul_ln1118_216 = mul i18 %zext_ln1116_170, %sext_ln1118_17" [firmware/nnet_utils/nnet_mult.h:78->firmware/nnet_utils/nnet_dense_resource.h:77]   --->   Operation 197 'mul' 'mul_ln1118_216' <Predicate = true> <Delay = 1.46> <Core = "Mul">   --->   Core 16 'Mul' <Latency = 0> <II = 1> <Delay = 1.46> <FuncUnit> <Opcode : 'mul'> <InPorts = 2> <OutPorts = 1>
ST_3 : Operation 198 [1/1] (0.00ns)   --->   "%trunc_ln708_492 = call i11 @_ssdm_op_PartSelect.i11.i18.i32.i32(i18 %mul_ln1118_216, i32 7, i32 17)" [firmware/nnet_utils/nnet_dense_resource.h:77]   --->   Operation 198 'partselect' 'trunc_ln708_492' <Predicate = true> <Delay = 0.00>
ST_3 : Operation 199 [1/1] (0.00ns)   --->   "%sext_ln77_206 = sext i11 %trunc_ln708_492 to i12" [firmware/nnet_utils/nnet_dense_resource.h:77]   --->   Operation 199 'sext' 'sext_ln77_206' <Predicate = true> <Delay = 0.00>
ST_3 : Operation 200 [1/1] (0.00ns)   --->   "%tmp_229 = call i9 @_ssdm_op_PartSelect.i9.i180.i32.i32(i180 %w18_V206_load, i32 162, i32 170)" [firmware/nnet_utils/nnet_dense_resource.h:77]   --->   Operation 200 'partselect' 'tmp_229' <Predicate = true> <Delay = 0.00>
ST_3 : Operation 201 [1/1] (0.00ns)   --->   "%zext_ln1116_171 = zext i9 %phi_ln77_s to i18" [firmware/nnet_utils/nnet_mult.h:78->firmware/nnet_utils/nnet_dense_resource.h:77]   --->   Operation 201 'zext' 'zext_ln1116_171' <Predicate = true> <Delay = 0.00>
ST_3 : Operation 202 [1/1] (0.00ns)   --->   "%sext_ln1118_18 = sext i9 %tmp_229 to i18" [firmware/nnet_utils/nnet_mult.h:78->firmware/nnet_utils/nnet_dense_resource.h:77]   --->   Operation 202 'sext' 'sext_ln1118_18' <Predicate = true> <Delay = 0.00>
ST_3 : Operation 203 [1/1] (1.46ns)   --->   "%mul_ln1118_217 = mul i18 %zext_ln1116_171, %sext_ln1118_18" [firmware/nnet_utils/nnet_mult.h:78->firmware/nnet_utils/nnet_dense_resource.h:77]   --->   Operation 203 'mul' 'mul_ln1118_217' <Predicate = true> <Delay = 1.46> <Core = "Mul">   --->   Core 16 'Mul' <Latency = 0> <II = 1> <Delay = 1.46> <FuncUnit> <Opcode : 'mul'> <InPorts = 2> <OutPorts = 1>
ST_3 : Operation 204 [1/1] (0.00ns)   --->   "%trunc_ln708_493 = call i11 @_ssdm_op_PartSelect.i11.i18.i32.i32(i18 %mul_ln1118_217, i32 7, i32 17)" [firmware/nnet_utils/nnet_dense_resource.h:77]   --->   Operation 204 'partselect' 'trunc_ln708_493' <Predicate = true> <Delay = 0.00>
ST_3 : Operation 205 [1/1] (0.00ns)   --->   "%sext_ln77_207 = sext i11 %trunc_ln708_493 to i12" [firmware/nnet_utils/nnet_dense_resource.h:77]   --->   Operation 205 'sext' 'sext_ln77_207' <Predicate = true> <Delay = 0.00>
ST_3 : Operation 206 [1/1] (0.00ns)   --->   "%tmp_230 = call i9 @_ssdm_op_PartSelect.i9.i180.i32.i32(i180 %w18_V206_load, i32 171, i32 179)" [firmware/nnet_utils/nnet_dense_resource.h:77]   --->   Operation 206 'partselect' 'tmp_230' <Predicate = true> <Delay = 0.00>
ST_3 : Operation 207 [1/1] (0.00ns)   --->   "%zext_ln1116_172 = zext i9 %phi_ln77_217 to i18" [firmware/nnet_utils/nnet_mult.h:78->firmware/nnet_utils/nnet_dense_resource.h:77]   --->   Operation 207 'zext' 'zext_ln1116_172' <Predicate = true> <Delay = 0.00>
ST_3 : Operation 208 [1/1] (0.00ns)   --->   "%sext_ln1118_19 = sext i9 %tmp_230 to i18" [firmware/nnet_utils/nnet_mult.h:78->firmware/nnet_utils/nnet_dense_resource.h:77]   --->   Operation 208 'sext' 'sext_ln1118_19' <Predicate = true> <Delay = 0.00>
ST_3 : Operation 209 [1/1] (1.46ns)   --->   "%mul_ln1118_218 = mul i18 %zext_ln1116_172, %sext_ln1118_19" [firmware/nnet_utils/nnet_mult.h:78->firmware/nnet_utils/nnet_dense_resource.h:77]   --->   Operation 209 'mul' 'mul_ln1118_218' <Predicate = true> <Delay = 1.46> <Core = "Mul">   --->   Core 16 'Mul' <Latency = 0> <II = 1> <Delay = 1.46> <FuncUnit> <Opcode : 'mul'> <InPorts = 2> <OutPorts = 1>
ST_3 : Operation 210 [1/1] (0.00ns)   --->   "%trunc_ln708_494 = call i11 @_ssdm_op_PartSelect.i11.i18.i32.i32(i18 %mul_ln1118_218, i32 7, i32 17)" [firmware/nnet_utils/nnet_dense_resource.h:77]   --->   Operation 210 'partselect' 'trunc_ln708_494' <Predicate = true> <Delay = 0.00>
ST_3 : Operation 211 [1/1] (0.00ns)   --->   "%sext_ln703_234 = sext i11 %trunc_ln708_494 to i12" [firmware/nnet_utils/nnet_dense_resource.h:77]   --->   Operation 211 'sext' 'sext_ln703_234' <Predicate = true> <Delay = 0.00>
ST_3 : Operation 212 [1/1] (0.53ns)   --->   "%add_ln703_234 = add i12 %sext_ln77_206, %sext_ln77_205" [firmware/nnet_utils/nnet_dense_resource.h:77]   --->   Operation 212 'add' 'add_ln703_234' <Predicate = true> <Delay = 0.53> <Core = "AddSub">   --->   Core 14 'AddSub' <Latency = 0> <II = 1> <Delay = 0.26> <FuncUnit> <Opcode : 'add' 'sub'> <InPorts = 2> <OutPorts = 1>
ST_3 : Operation 213 [1/1] (0.00ns)   --->   "%sext_ln703_235 = sext i12 %add_ln703_234 to i13" [firmware/nnet_utils/nnet_dense_resource.h:77]   --->   Operation 213 'sext' 'sext_ln703_235' <Predicate = true> <Delay = 0.00>
ST_3 : Operation 214 [1/1] (0.53ns)   --->   "%add_ln703_235 = add i12 %sext_ln703_234, %sext_ln77_207" [firmware/nnet_utils/nnet_dense_resource.h:77]   --->   Operation 214 'add' 'add_ln703_235' <Predicate = true> <Delay = 0.53> <Core = "AddSub">   --->   Core 14 'AddSub' <Latency = 0> <II = 1> <Delay = 0.26> <FuncUnit> <Opcode : 'add' 'sub'> <InPorts = 2> <OutPorts = 1>
ST_3 : Operation 215 [1/1] (0.00ns)   --->   "%sext_ln703_236 = sext i12 %add_ln703_235 to i13" [firmware/nnet_utils/nnet_dense_resource.h:77]   --->   Operation 215 'sext' 'sext_ln703_236' <Predicate = true> <Delay = 0.00>
ST_3 : Operation 216 [1/1] (0.52ns)   --->   "%add_ln703_236 = add i13 %sext_ln703_235, %sext_ln703_236" [firmware/nnet_utils/nnet_dense_resource.h:77]   --->   Operation 216 'add' 'add_ln703_236' <Predicate = true> <Delay = 0.52> <Core = "AddSub">   --->   Core 14 'AddSub' <Latency = 0> <II = 1> <Delay = 0.26> <FuncUnit> <Opcode : 'add' 'sub'> <InPorts = 2> <OutPorts = 1>
ST_3 : Operation 217 [1/1] (0.00ns)   --->   "%sext_ln703_237 = sext i13 %add_ln703_236 to i16" [firmware/nnet_utils/nnet_dense_resource.h:77]   --->   Operation 217 'sext' 'sext_ln703_237' <Predicate = true> <Delay = 0.00>
ST_3 : Operation 218 [1/1] (0.60ns)   --->   "%acc_4_V = add i16 %sext_ln703_237, %res_4_V_write_assign3" [firmware/nnet_utils/nnet_dense_resource.h:77]   --->   Operation 218 'add' 'acc_4_V' <Predicate = true> <Delay = 0.60> <Core = "AddSub">   --->   Core 14 'AddSub' <Latency = 0> <II = 1> <Delay = 0.26> <FuncUnit> <Opcode : 'add' 'sub'> <InPorts = 2> <OutPorts = 1>
ST_3 : Operation 219 [1/1] (0.00ns)   --->   "%empty = call i32 (...)* @_ssdm_op_SpecRegionEnd([10 x i8]* @p_str19, i32 %tmp)" [firmware/nnet_utils/nnet_dense_resource.h:94]   --->   Operation 219 'specregionend' 'empty' <Predicate = true> <Delay = 0.00>
ST_3 : Operation 220 [1/1] (0.00ns)   --->   "%empty_54 = call i32 (...)* @_ssdm_op_SpecLoopTripCount(i64 5, i64 5, i64 5)"   --->   Operation 220 'speclooptripcount' 'empty_54' <Predicate = true> <Delay = 0.00>
ST_3 : Operation 221 [1/1] (0.00ns)   --->   "br i1 %icmp_ln64, label %.preheader.0, label %rewind_header" [firmware/nnet_utils/nnet_dense_resource.h:64]   --->   Operation 221 'br' <Predicate = true> <Delay = 0.00>
ST_3 : Operation 222 [1/1] (0.00ns)   --->   "%mrv = insertvalue { i16, i16, i16, i16, i16 } undef, i16 %acc_0_V, 0" [firmware/nnet_utils/nnet_dense_resource.h:102]   --->   Operation 222 'insertvalue' 'mrv' <Predicate = (icmp_ln64)> <Delay = 0.00>
ST_3 : Operation 223 [1/1] (0.00ns)   --->   "%mrv_1 = insertvalue { i16, i16, i16, i16, i16 } %mrv, i16 %acc_1_V, 1" [firmware/nnet_utils/nnet_dense_resource.h:102]   --->   Operation 223 'insertvalue' 'mrv_1' <Predicate = (icmp_ln64)> <Delay = 0.00>
ST_3 : Operation 224 [1/1] (0.00ns)   --->   "%mrv_2 = insertvalue { i16, i16, i16, i16, i16 } %mrv_1, i16 %acc_2_V, 2" [firmware/nnet_utils/nnet_dense_resource.h:102]   --->   Operation 224 'insertvalue' 'mrv_2' <Predicate = (icmp_ln64)> <Delay = 0.00>
ST_3 : Operation 225 [1/1] (0.00ns)   --->   "%mrv_3 = insertvalue { i16, i16, i16, i16, i16 } %mrv_2, i16 %acc_3_V, 3" [firmware/nnet_utils/nnet_dense_resource.h:102]   --->   Operation 225 'insertvalue' 'mrv_3' <Predicate = (icmp_ln64)> <Delay = 0.00>
ST_3 : Operation 226 [1/1] (0.00ns)   --->   "%mrv_4 = insertvalue { i16, i16, i16, i16, i16 } %mrv_3, i16 %acc_4_V, 4" [firmware/nnet_utils/nnet_dense_resource.h:102]   --->   Operation 226 'insertvalue' 'mrv_4' <Predicate = (icmp_ln64)> <Delay = 0.00>
ST_3 : Operation 227 [1/1] (0.00ns)   --->   "call void (...)* @_ssdm_op_Return({ i16, i16, i16, i16, i16 } %mrv_4)" [firmware/nnet_utils/nnet_dense_resource.h:102]   --->   Operation 227 'return' <Predicate = (icmp_ln64)> <Delay = 0.00>


============================================================
+ Verbose Summary: Timing violations
============================================================
Target clock period: 5ns, clock uncertainty: 0.625ns.

 <State 1>: 0.603ns
The critical path consists of the following:
	multiplexor before 'phi' operation ('do_init') [24]  (0.603 ns)

 <State 2>: 1.16ns
The critical path consists of the following:
	'phi' operation ('ir') with incoming values : ('ir', firmware/nnet_utils/nnet_dense_resource.h:64) [25]  (0 ns)
	'getelementptr' operation ('w18_V206_addr', firmware/nnet_utils/nnet_dense_resource.h:77) [45]  (0 ns)
	'load' operation ('w18_V206_load', firmware/nnet_utils/nnet_dense_resource.h:77) on array 'w18_V206' [46]  (1.16 ns)

 <State 3>: 4.29ns
The critical path consists of the following:
	'load' operation ('w18_V206_load', firmware/nnet_utils/nnet_dense_resource.h:77) on array 'w18_V206' [46]  (1.16 ns)
	'mul' operation ('mul_ln1118', firmware/nnet_utils/nnet_mult.h:78->firmware/nnet_utils/nnet_dense_resource.h:77) [50]  (1.46 ns)
	'add' operation ('add_ln703', firmware/nnet_utils/nnet_dense_resource.h:77) [89]  (0.534 ns)
	'add' operation ('add_ln703_220', firmware/nnet_utils/nnet_dense_resource.h:77) [93]  (0.526 ns)
	'add' operation ('acc[0].V', firmware/nnet_utils/nnet_dense_resource.h:77) [95]  (0.608 ns)
	'insertvalue' operation ('mrv', firmware/nnet_utils/nnet_dense_resource.h:102) [242]  (0 ns)


============================================================
+ Verbose Summary: Binding
============================================================
N/A
* FSMD analyzer results:
  - Output states:
 - Input state : 
  - Chain level:
	State 1
	State 2
	State 3


============================================================
+ Verbose Summary: Datapath Resource usage 
============================================================
N/A
