

================================================================
== Vivado HLS Report for 'relu_ap_fixed_ap_ufixed_9_0_0_0_0_relu_config14_s'
================================================================
* Date:           Mon Sep 26 10:32:02 2022

* Version:        2019.1 (Build 2552052 on Fri May 24 15:28:33 MDT 2019)
* Project:        myproject_prj
* Solution:       solution1
* Product family: virtexuplus
* Target device:  xcvu9p-flga2104-2L-e


================================================================
== Performance Estimates
================================================================
+ Timing (ns): 
    * Summary: 
    +--------+-------+----------+------------+
    |  Clock | Target| Estimated| Uncertainty|
    +--------+-------+----------+------------+
    |ap_clk  |   5.00|     0.979|        0.62|
    +--------+-------+----------+------------+

+ Latency (clock cycles): 
    * Summary: 
    +-----+-----+-----+-----+----------+
    |  Latency  |  Interval | Pipeline |
    | min | max | min | max |   Type   |
    +-----+-----+-----+-----+----------+
    |    0|    0|    1|    1| function |
    +-----+-----+-----+-----+----------+

    + Detail: 
        * Instance: 
        N/A

        * Loop: 
        N/A

============================================================
+ Verbose Summary: Synthesis Manager
============================================================
InlineROM: 1
ExposeGlobal: 0
============================================================
+ Verbose Summary: CDFG Model
============================================================
IsTopModel: 0
ResetActiveHigh: 1
IsCombinational: 2
IsDatapathOnly: 0
HasWiredReturn: 1
HasMFsm: 2
HasVarLatency: 0
IsPipeline: 1
IsRtlPipelined: 0
IsInstanceOverlapped: 0
IsDontTouch: 0
HasImplIP: 0
IsGatedGlobalClock: 0

+ Individual pipeline summary: 
  * Pipeline-0: initiation interval (II) = 1, depth = 1


============================================================
+ Verbose Summary: Schedule
============================================================
* Number of FSM states : 1
* Pipeline : 1
  Pipeline-0 : II = 1, D = 1, States = { 1 }
* Dataflow Pipeline: 0

* FSM state transitions: 
1 --> 

* FSM state operations: 

State 1 <SV = 0> <Delay = 0.97>
ST_1 : Operation 2 [1/1] (0.00ns)   --->   "%data_9_V_read_3 = call i16 @_ssdm_op_Read.ap_auto.i16(i16 %data_9_V_read)" [firmware/nnet_utils/nnet_activation.h:69]   --->   Operation 2 'read' 'data_9_V_read_3' <Predicate = true> <Delay = 0.00>
ST_1 : Operation 3 [1/1] (0.00ns)   --->   "%data_8_V_read_3 = call i16 @_ssdm_op_Read.ap_auto.i16(i16 %data_8_V_read)" [firmware/nnet_utils/nnet_activation.h:69]   --->   Operation 3 'read' 'data_8_V_read_3' <Predicate = true> <Delay = 0.00>
ST_1 : Operation 4 [1/1] (0.00ns)   --->   "%data_7_V_read_3 = call i16 @_ssdm_op_Read.ap_auto.i16(i16 %data_7_V_read)" [firmware/nnet_utils/nnet_activation.h:69]   --->   Operation 4 'read' 'data_7_V_read_3' <Predicate = true> <Delay = 0.00>
ST_1 : Operation 5 [1/1] (0.00ns)   --->   "%data_6_V_read_3 = call i16 @_ssdm_op_Read.ap_auto.i16(i16 %data_6_V_read)" [firmware/nnet_utils/nnet_activation.h:69]   --->   Operation 5 'read' 'data_6_V_read_3' <Predicate = true> <Delay = 0.00>
ST_1 : Operation 6 [1/1] (0.00ns)   --->   "%data_5_V_read_3 = call i16 @_ssdm_op_Read.ap_auto.i16(i16 %data_5_V_read)" [firmware/nnet_utils/nnet_activation.h:69]   --->   Operation 6 'read' 'data_5_V_read_3' <Predicate = true> <Delay = 0.00>
ST_1 : Operation 7 [1/1] (0.00ns)   --->   "%data_4_V_read_3 = call i16 @_ssdm_op_Read.ap_auto.i16(i16 %data_4_V_read)" [firmware/nnet_utils/nnet_activation.h:69]   --->   Operation 7 'read' 'data_4_V_read_3' <Predicate = true> <Delay = 0.00>
ST_1 : Operation 8 [1/1] (0.00ns)   --->   "%data_3_V_read_3 = call i16 @_ssdm_op_Read.ap_auto.i16(i16 %data_3_V_read)" [firmware/nnet_utils/nnet_activation.h:69]   --->   Operation 8 'read' 'data_3_V_read_3' <Predicate = true> <Delay = 0.00>
ST_1 : Operation 9 [1/1] (0.00ns)   --->   "%data_2_V_read_3 = call i16 @_ssdm_op_Read.ap_auto.i16(i16 %data_2_V_read)" [firmware/nnet_utils/nnet_activation.h:69]   --->   Operation 9 'read' 'data_2_V_read_3' <Predicate = true> <Delay = 0.00>
ST_1 : Operation 10 [1/1] (0.00ns)   --->   "%data_1_V_read_3 = call i16 @_ssdm_op_Read.ap_auto.i16(i16 %data_1_V_read)" [firmware/nnet_utils/nnet_activation.h:69]   --->   Operation 10 'read' 'data_1_V_read_3' <Predicate = true> <Delay = 0.00>
ST_1 : Operation 11 [1/1] (0.00ns)   --->   "%data_0_V_read_3 = call i16 @_ssdm_op_Read.ap_auto.i16(i16 %data_0_V_read)" [firmware/nnet_utils/nnet_activation.h:69]   --->   Operation 11 'read' 'data_0_V_read_3' <Predicate = true> <Delay = 0.00>
ST_1 : Operation 12 [1/1] (0.00ns)   --->   "%tmp = call i32 (...)* @_ssdm_op_SpecRegionBegin([13 x i8]* @p_str22)" [firmware/nnet_utils/nnet_activation.h:71]   --->   Operation 12 'specregionbegin' 'tmp' <Predicate = true> <Delay = 0.00>
ST_1 : Operation 13 [1/1] (0.00ns)   --->   "call void (...)* @_ssdm_op_SpecPipeline(i32 -1, i32 1, i32 1, i32 0, [1 x i8]* @p_str13) nounwind" [firmware/nnet_utils/nnet_activation.h:72]   --->   Operation 13 'specpipeline' <Predicate = true> <Delay = 0.00>
ST_1 : Operation 14 [1/1] (0.00ns)   --->   "%empty = call i32 (...)* @_ssdm_op_SpecRegionEnd([13 x i8]* @p_str22, i32 %tmp)" [firmware/nnet_utils/nnet_activation.h:73]   --->   Operation 14 'specregionend' 'empty' <Predicate = true> <Delay = 0.00>
ST_1 : Operation 15 [1/1] (0.67ns)   --->   "%icmp_ln1494 = icmp sgt i16 %data_0_V_read_3, 0" [firmware/nnet_utils/nnet_activation.h:81]   --->   Operation 15 'icmp' 'icmp_ln1494' <Predicate = true> <Delay = 0.67> <Core = "Cmp">   --->   Core 25 'Cmp' <Latency = 0> <II = 1> <Delay = 0.61> <FuncUnit> <Opcode : 'icmp'> <InPorts = 2> <OutPorts = 1>
ST_1 : Operation 16 [1/1] (0.00ns)   --->   "%trunc_ln = call i9 @_ssdm_op_PartSelect.i9.i16.i32.i32(i16 %data_0_V_read_3, i32 1, i32 9)" [firmware/nnet_utils/nnet_activation.h:81]   --->   Operation 16 'partselect' 'trunc_ln' <Predicate = (icmp_ln1494)> <Delay = 0.00>
ST_1 : Operation 17 [1/1] (0.00ns)   --->   "%trunc_ln403 = trunc i16 %data_0_V_read_3 to i1" [firmware/nnet_utils/nnet_activation.h:81]   --->   Operation 17 'trunc' 'trunc_ln403' <Predicate = (icmp_ln1494)> <Delay = 0.00>
ST_1 : Operation 18 [1/1] (0.00ns) (grouped into LUT with out node select_ln1494)   --->   "%tmp_505 = call i1 @_ssdm_op_BitSelect.i1.i16.i32(i16 %data_0_V_read_3, i32 9)" [firmware/nnet_utils/nnet_activation.h:81]   --->   Operation 18 'bitselect' 'tmp_505' <Predicate = (icmp_ln1494)> <Delay = 0.00>
ST_1 : Operation 19 [1/1] (0.00ns)   --->   "%zext_ln415 = zext i1 %trunc_ln403 to i9" [firmware/nnet_utils/nnet_activation.h:81]   --->   Operation 19 'zext' 'zext_ln415' <Predicate = (icmp_ln1494)> <Delay = 0.00>
ST_1 : Operation 20 [1/1] (0.51ns)   --->   "%add_ln415 = add i9 %zext_ln415, %trunc_ln" [firmware/nnet_utils/nnet_activation.h:81]   --->   Operation 20 'add' 'add_ln415' <Predicate = (icmp_ln1494)> <Delay = 0.51> <Core = "AddSub">   --->   Core 14 'AddSub' <Latency = 0> <II = 1> <Delay = 0.51> <FuncUnit> <Opcode : 'add' 'sub'> <InPorts = 2> <OutPorts = 1>
ST_1 : Operation 21 [1/1] (0.00ns) (grouped into LUT with out node select_ln1494)   --->   "%tmp_506 = call i1 @_ssdm_op_BitSelect.i1.i9.i32(i9 %add_ln415, i32 8)" [firmware/nnet_utils/nnet_activation.h:81]   --->   Operation 21 'bitselect' 'tmp_506' <Predicate = (icmp_ln1494)> <Delay = 0.00>
ST_1 : Operation 22 [1/1] (0.00ns) (grouped into LUT with out node select_ln1494)   --->   "%xor_ln416 = xor i1 %tmp_506, true" [firmware/nnet_utils/nnet_activation.h:81]   --->   Operation 22 'xor' 'xor_ln416' <Predicate = (icmp_ln1494)> <Delay = 0.00> <Core = "LogicGate">   --->   Core 27 'LogicGate' <Latency = 0> <II = 1> <Delay = 0.12> <FuncUnit> <Opcode : 'and' 'or' 'xor'> <InPorts = 2> <OutPorts = 1>
ST_1 : Operation 23 [1/1] (0.00ns) (grouped into LUT with out node select_ln1494)   --->   "%and_ln416 = and i1 %tmp_505, %xor_ln416" [firmware/nnet_utils/nnet_activation.h:81]   --->   Operation 23 'and' 'and_ln416' <Predicate = (icmp_ln1494)> <Delay = 0.00> <Core = "LogicGate">   --->   Core 27 'LogicGate' <Latency = 0> <II = 1> <Delay = 0.12> <FuncUnit> <Opcode : 'and' 'or' 'xor'> <InPorts = 2> <OutPorts = 1>
ST_1 : Operation 24 [1/1] (0.00ns)   --->   "%p_Result_s = call i6 @_ssdm_op_PartSelect.i6.i16.i32.i32(i16 %data_0_V_read_3, i32 10, i32 15)" [firmware/nnet_utils/nnet_activation.h:81]   --->   Operation 24 'partselect' 'p_Result_s' <Predicate = (icmp_ln1494)> <Delay = 0.00>
ST_1 : Operation 25 [1/1] (0.61ns)   --->   "%icmp_ln879 = icmp eq i6 %p_Result_s, -1" [firmware/nnet_utils/nnet_activation.h:81]   --->   Operation 25 'icmp' 'icmp_ln879' <Predicate = (icmp_ln1494 & and_ln416)> <Delay = 0.61> <Core = "Cmp">   --->   Core 25 'Cmp' <Latency = 0> <II = 1> <Delay = 0.61> <FuncUnit> <Opcode : 'icmp'> <InPorts = 2> <OutPorts = 1>
ST_1 : Operation 26 [1/1] (0.61ns)   --->   "%icmp_ln768 = icmp eq i6 %p_Result_s, 0" [firmware/nnet_utils/nnet_activation.h:81]   --->   Operation 26 'icmp' 'icmp_ln768' <Predicate = (icmp_ln1494 & !and_ln416)> <Delay = 0.61> <Core = "Cmp">   --->   Core 25 'Cmp' <Latency = 0> <II = 1> <Delay = 0.61> <FuncUnit> <Opcode : 'icmp'> <InPorts = 2> <OutPorts = 1>
ST_1 : Operation 27 [1/1] (0.00ns) (grouped into LUT with out node select_ln1494)   --->   "%select_ln777 = select i1 %and_ln416, i1 %icmp_ln879, i1 %icmp_ln768" [firmware/nnet_utils/nnet_activation.h:81]   --->   Operation 27 'select' 'select_ln777' <Predicate = (icmp_ln1494)> <Delay = 0.00> <Core = "Sel">   --->   Core 26 'Sel' <Latency = 0> <II = 1> <Delay = 0.30> <FuncUnit> <Opcode : 'select'> <InPorts = 3> <OutPorts = 1>
ST_1 : Operation 28 [1/1] (0.00ns) (grouped into LUT with out node select_ln1494)   --->   "%select_ln340 = select i1 %select_ln777, i9 %add_ln415, i9 -1" [firmware/nnet_utils/nnet_activation.h:81]   --->   Operation 28 'select' 'select_ln340' <Predicate = (icmp_ln1494)> <Delay = 0.00> <Core = "Sel">   --->   Core 26 'Sel' <Latency = 0> <II = 1> <Delay = 0.30> <FuncUnit> <Opcode : 'select'> <InPorts = 3> <OutPorts = 1>
ST_1 : Operation 29 [1/1] (0.30ns) (out node of the LUT)   --->   "%select_ln1494 = select i1 %icmp_ln1494, i9 %select_ln340, i9 0" [firmware/nnet_utils/nnet_activation.h:81]   --->   Operation 29 'select' 'select_ln1494' <Predicate = true> <Delay = 0.30> <Core = "Sel">   --->   Core 26 'Sel' <Latency = 0> <II = 1> <Delay = 0.30> <FuncUnit> <Opcode : 'select'> <InPorts = 3> <OutPorts = 1>
ST_1 : Operation 30 [1/1] (0.67ns)   --->   "%icmp_ln1494_1 = icmp sgt i16 %data_1_V_read_3, 0" [firmware/nnet_utils/nnet_activation.h:81]   --->   Operation 30 'icmp' 'icmp_ln1494_1' <Predicate = true> <Delay = 0.67> <Core = "Cmp">   --->   Core 25 'Cmp' <Latency = 0> <II = 1> <Delay = 0.61> <FuncUnit> <Opcode : 'icmp'> <InPorts = 2> <OutPorts = 1>
ST_1 : Operation 31 [1/1] (0.00ns)   --->   "%trunc_ln708_s = call i9 @_ssdm_op_PartSelect.i9.i16.i32.i32(i16 %data_1_V_read_3, i32 1, i32 9)" [firmware/nnet_utils/nnet_activation.h:81]   --->   Operation 31 'partselect' 'trunc_ln708_s' <Predicate = (icmp_ln1494_1)> <Delay = 0.00>
ST_1 : Operation 32 [1/1] (0.00ns)   --->   "%trunc_ln403_249 = trunc i16 %data_1_V_read_3 to i1" [firmware/nnet_utils/nnet_activation.h:81]   --->   Operation 32 'trunc' 'trunc_ln403_249' <Predicate = (icmp_ln1494_1)> <Delay = 0.00>
ST_1 : Operation 33 [1/1] (0.00ns) (grouped into LUT with out node select_ln1494_249)   --->   "%tmp_507 = call i1 @_ssdm_op_BitSelect.i1.i16.i32(i16 %data_1_V_read_3, i32 9)" [firmware/nnet_utils/nnet_activation.h:81]   --->   Operation 33 'bitselect' 'tmp_507' <Predicate = (icmp_ln1494_1)> <Delay = 0.00>
ST_1 : Operation 34 [1/1] (0.00ns)   --->   "%zext_ln415_249 = zext i1 %trunc_ln403_249 to i9" [firmware/nnet_utils/nnet_activation.h:81]   --->   Operation 34 'zext' 'zext_ln415_249' <Predicate = (icmp_ln1494_1)> <Delay = 0.00>
ST_1 : Operation 35 [1/1] (0.51ns)   --->   "%add_ln415_249 = add i9 %zext_ln415_249, %trunc_ln708_s" [firmware/nnet_utils/nnet_activation.h:81]   --->   Operation 35 'add' 'add_ln415_249' <Predicate = (icmp_ln1494_1)> <Delay = 0.51> <Core = "AddSub">   --->   Core 14 'AddSub' <Latency = 0> <II = 1> <Delay = 0.51> <FuncUnit> <Opcode : 'add' 'sub'> <InPorts = 2> <OutPorts = 1>
ST_1 : Operation 36 [1/1] (0.00ns) (grouped into LUT with out node select_ln1494_249)   --->   "%tmp_508 = call i1 @_ssdm_op_BitSelect.i1.i9.i32(i9 %add_ln415_249, i32 8)" [firmware/nnet_utils/nnet_activation.h:81]   --->   Operation 36 'bitselect' 'tmp_508' <Predicate = (icmp_ln1494_1)> <Delay = 0.00>
ST_1 : Operation 37 [1/1] (0.00ns) (grouped into LUT with out node select_ln1494_249)   --->   "%xor_ln416_249 = xor i1 %tmp_508, true" [firmware/nnet_utils/nnet_activation.h:81]   --->   Operation 37 'xor' 'xor_ln416_249' <Predicate = (icmp_ln1494_1)> <Delay = 0.00> <Core = "LogicGate">   --->   Core 27 'LogicGate' <Latency = 0> <II = 1> <Delay = 0.12> <FuncUnit> <Opcode : 'and' 'or' 'xor'> <InPorts = 2> <OutPorts = 1>
ST_1 : Operation 38 [1/1] (0.00ns) (grouped into LUT with out node select_ln1494_249)   --->   "%and_ln416_249 = and i1 %tmp_507, %xor_ln416_249" [firmware/nnet_utils/nnet_activation.h:81]   --->   Operation 38 'and' 'and_ln416_249' <Predicate = (icmp_ln1494_1)> <Delay = 0.00> <Core = "LogicGate">   --->   Core 27 'LogicGate' <Latency = 0> <II = 1> <Delay = 0.12> <FuncUnit> <Opcode : 'and' 'or' 'xor'> <InPorts = 2> <OutPorts = 1>
ST_1 : Operation 39 [1/1] (0.00ns)   --->   "%p_Result_12_1 = call i6 @_ssdm_op_PartSelect.i6.i16.i32.i32(i16 %data_1_V_read_3, i32 10, i32 15)" [firmware/nnet_utils/nnet_activation.h:81]   --->   Operation 39 'partselect' 'p_Result_12_1' <Predicate = (icmp_ln1494_1)> <Delay = 0.00>
ST_1 : Operation 40 [1/1] (0.61ns)   --->   "%icmp_ln879_249 = icmp eq i6 %p_Result_12_1, -1" [firmware/nnet_utils/nnet_activation.h:81]   --->   Operation 40 'icmp' 'icmp_ln879_249' <Predicate = (icmp_ln1494_1 & and_ln416_249)> <Delay = 0.61> <Core = "Cmp">   --->   Core 25 'Cmp' <Latency = 0> <II = 1> <Delay = 0.61> <FuncUnit> <Opcode : 'icmp'> <InPorts = 2> <OutPorts = 1>
ST_1 : Operation 41 [1/1] (0.61ns)   --->   "%icmp_ln768_249 = icmp eq i6 %p_Result_12_1, 0" [firmware/nnet_utils/nnet_activation.h:81]   --->   Operation 41 'icmp' 'icmp_ln768_249' <Predicate = (icmp_ln1494_1 & !and_ln416_249)> <Delay = 0.61> <Core = "Cmp">   --->   Core 25 'Cmp' <Latency = 0> <II = 1> <Delay = 0.61> <FuncUnit> <Opcode : 'icmp'> <InPorts = 2> <OutPorts = 1>
ST_1 : Operation 42 [1/1] (0.00ns) (grouped into LUT with out node select_ln1494_249)   --->   "%select_ln777_249 = select i1 %and_ln416_249, i1 %icmp_ln879_249, i1 %icmp_ln768_249" [firmware/nnet_utils/nnet_activation.h:81]   --->   Operation 42 'select' 'select_ln777_249' <Predicate = (icmp_ln1494_1)> <Delay = 0.00> <Core = "Sel">   --->   Core 26 'Sel' <Latency = 0> <II = 1> <Delay = 0.30> <FuncUnit> <Opcode : 'select'> <InPorts = 3> <OutPorts = 1>
ST_1 : Operation 43 [1/1] (0.00ns) (grouped into LUT with out node select_ln1494_249)   --->   "%select_ln340_1 = select i1 %select_ln777_249, i9 %add_ln415_249, i9 -1" [firmware/nnet_utils/nnet_activation.h:81]   --->   Operation 43 'select' 'select_ln340_1' <Predicate = (icmp_ln1494_1)> <Delay = 0.00> <Core = "Sel">   --->   Core 26 'Sel' <Latency = 0> <II = 1> <Delay = 0.30> <FuncUnit> <Opcode : 'select'> <InPorts = 3> <OutPorts = 1>
ST_1 : Operation 44 [1/1] (0.30ns) (out node of the LUT)   --->   "%select_ln1494_249 = select i1 %icmp_ln1494_1, i9 %select_ln340_1, i9 0" [firmware/nnet_utils/nnet_activation.h:81]   --->   Operation 44 'select' 'select_ln1494_249' <Predicate = true> <Delay = 0.30> <Core = "Sel">   --->   Core 26 'Sel' <Latency = 0> <II = 1> <Delay = 0.30> <FuncUnit> <Opcode : 'select'> <InPorts = 3> <OutPorts = 1>
ST_1 : Operation 45 [1/1] (0.67ns)   --->   "%icmp_ln1494_2 = icmp sgt i16 %data_2_V_read_3, 0" [firmware/nnet_utils/nnet_activation.h:81]   --->   Operation 45 'icmp' 'icmp_ln1494_2' <Predicate = true> <Delay = 0.67> <Core = "Cmp">   --->   Core 25 'Cmp' <Latency = 0> <II = 1> <Delay = 0.61> <FuncUnit> <Opcode : 'icmp'> <InPorts = 2> <OutPorts = 1>
ST_1 : Operation 46 [1/1] (0.00ns)   --->   "%trunc_ln708_247 = call i9 @_ssdm_op_PartSelect.i9.i16.i32.i32(i16 %data_2_V_read_3, i32 1, i32 9)" [firmware/nnet_utils/nnet_activation.h:81]   --->   Operation 46 'partselect' 'trunc_ln708_247' <Predicate = (icmp_ln1494_2)> <Delay = 0.00>
ST_1 : Operation 47 [1/1] (0.00ns)   --->   "%trunc_ln403_250 = trunc i16 %data_2_V_read_3 to i1" [firmware/nnet_utils/nnet_activation.h:81]   --->   Operation 47 'trunc' 'trunc_ln403_250' <Predicate = (icmp_ln1494_2)> <Delay = 0.00>
ST_1 : Operation 48 [1/1] (0.00ns) (grouped into LUT with out node select_ln1494_250)   --->   "%tmp_509 = call i1 @_ssdm_op_BitSelect.i1.i16.i32(i16 %data_2_V_read_3, i32 9)" [firmware/nnet_utils/nnet_activation.h:81]   --->   Operation 48 'bitselect' 'tmp_509' <Predicate = (icmp_ln1494_2)> <Delay = 0.00>
ST_1 : Operation 49 [1/1] (0.00ns)   --->   "%zext_ln415_250 = zext i1 %trunc_ln403_250 to i9" [firmware/nnet_utils/nnet_activation.h:81]   --->   Operation 49 'zext' 'zext_ln415_250' <Predicate = (icmp_ln1494_2)> <Delay = 0.00>
ST_1 : Operation 50 [1/1] (0.51ns)   --->   "%add_ln415_250 = add i9 %zext_ln415_250, %trunc_ln708_247" [firmware/nnet_utils/nnet_activation.h:81]   --->   Operation 50 'add' 'add_ln415_250' <Predicate = (icmp_ln1494_2)> <Delay = 0.51> <Core = "AddSub">   --->   Core 14 'AddSub' <Latency = 0> <II = 1> <Delay = 0.51> <FuncUnit> <Opcode : 'add' 'sub'> <InPorts = 2> <OutPorts = 1>
ST_1 : Operation 51 [1/1] (0.00ns) (grouped into LUT with out node select_ln1494_250)   --->   "%tmp_510 = call i1 @_ssdm_op_BitSelect.i1.i9.i32(i9 %add_ln415_250, i32 8)" [firmware/nnet_utils/nnet_activation.h:81]   --->   Operation 51 'bitselect' 'tmp_510' <Predicate = (icmp_ln1494_2)> <Delay = 0.00>
ST_1 : Operation 52 [1/1] (0.00ns) (grouped into LUT with out node select_ln1494_250)   --->   "%xor_ln416_250 = xor i1 %tmp_510, true" [firmware/nnet_utils/nnet_activation.h:81]   --->   Operation 52 'xor' 'xor_ln416_250' <Predicate = (icmp_ln1494_2)> <Delay = 0.00> <Core = "LogicGate">   --->   Core 27 'LogicGate' <Latency = 0> <II = 1> <Delay = 0.12> <FuncUnit> <Opcode : 'and' 'or' 'xor'> <InPorts = 2> <OutPorts = 1>
ST_1 : Operation 53 [1/1] (0.00ns) (grouped into LUT with out node select_ln1494_250)   --->   "%and_ln416_250 = and i1 %tmp_509, %xor_ln416_250" [firmware/nnet_utils/nnet_activation.h:81]   --->   Operation 53 'and' 'and_ln416_250' <Predicate = (icmp_ln1494_2)> <Delay = 0.00> <Core = "LogicGate">   --->   Core 27 'LogicGate' <Latency = 0> <II = 1> <Delay = 0.12> <FuncUnit> <Opcode : 'and' 'or' 'xor'> <InPorts = 2> <OutPorts = 1>
ST_1 : Operation 54 [1/1] (0.00ns)   --->   "%p_Result_12_2 = call i6 @_ssdm_op_PartSelect.i6.i16.i32.i32(i16 %data_2_V_read_3, i32 10, i32 15)" [firmware/nnet_utils/nnet_activation.h:81]   --->   Operation 54 'partselect' 'p_Result_12_2' <Predicate = (icmp_ln1494_2)> <Delay = 0.00>
ST_1 : Operation 55 [1/1] (0.61ns)   --->   "%icmp_ln879_250 = icmp eq i6 %p_Result_12_2, -1" [firmware/nnet_utils/nnet_activation.h:81]   --->   Operation 55 'icmp' 'icmp_ln879_250' <Predicate = (icmp_ln1494_2 & and_ln416_250)> <Delay = 0.61> <Core = "Cmp">   --->   Core 25 'Cmp' <Latency = 0> <II = 1> <Delay = 0.61> <FuncUnit> <Opcode : 'icmp'> <InPorts = 2> <OutPorts = 1>
ST_1 : Operation 56 [1/1] (0.61ns)   --->   "%icmp_ln768_250 = icmp eq i6 %p_Result_12_2, 0" [firmware/nnet_utils/nnet_activation.h:81]   --->   Operation 56 'icmp' 'icmp_ln768_250' <Predicate = (icmp_ln1494_2 & !and_ln416_250)> <Delay = 0.61> <Core = "Cmp">   --->   Core 25 'Cmp' <Latency = 0> <II = 1> <Delay = 0.61> <FuncUnit> <Opcode : 'icmp'> <InPorts = 2> <OutPorts = 1>
ST_1 : Operation 57 [1/1] (0.00ns) (grouped into LUT with out node select_ln1494_250)   --->   "%select_ln777_250 = select i1 %and_ln416_250, i1 %icmp_ln879_250, i1 %icmp_ln768_250" [firmware/nnet_utils/nnet_activation.h:81]   --->   Operation 57 'select' 'select_ln777_250' <Predicate = (icmp_ln1494_2)> <Delay = 0.00> <Core = "Sel">   --->   Core 26 'Sel' <Latency = 0> <II = 1> <Delay = 0.30> <FuncUnit> <Opcode : 'select'> <InPorts = 3> <OutPorts = 1>
ST_1 : Operation 58 [1/1] (0.00ns) (grouped into LUT with out node select_ln1494_250)   --->   "%select_ln340_2 = select i1 %select_ln777_250, i9 %add_ln415_250, i9 -1" [firmware/nnet_utils/nnet_activation.h:81]   --->   Operation 58 'select' 'select_ln340_2' <Predicate = (icmp_ln1494_2)> <Delay = 0.00> <Core = "Sel">   --->   Core 26 'Sel' <Latency = 0> <II = 1> <Delay = 0.30> <FuncUnit> <Opcode : 'select'> <InPorts = 3> <OutPorts = 1>
ST_1 : Operation 59 [1/1] (0.30ns) (out node of the LUT)   --->   "%select_ln1494_250 = select i1 %icmp_ln1494_2, i9 %select_ln340_2, i9 0" [firmware/nnet_utils/nnet_activation.h:81]   --->   Operation 59 'select' 'select_ln1494_250' <Predicate = true> <Delay = 0.30> <Core = "Sel">   --->   Core 26 'Sel' <Latency = 0> <II = 1> <Delay = 0.30> <FuncUnit> <Opcode : 'select'> <InPorts = 3> <OutPorts = 1>
ST_1 : Operation 60 [1/1] (0.67ns)   --->   "%icmp_ln1494_3 = icmp sgt i16 %data_3_V_read_3, 0" [firmware/nnet_utils/nnet_activation.h:81]   --->   Operation 60 'icmp' 'icmp_ln1494_3' <Predicate = true> <Delay = 0.67> <Core = "Cmp">   --->   Core 25 'Cmp' <Latency = 0> <II = 1> <Delay = 0.61> <FuncUnit> <Opcode : 'icmp'> <InPorts = 2> <OutPorts = 1>
ST_1 : Operation 61 [1/1] (0.00ns)   --->   "%trunc_ln708_248 = call i9 @_ssdm_op_PartSelect.i9.i16.i32.i32(i16 %data_3_V_read_3, i32 1, i32 9)" [firmware/nnet_utils/nnet_activation.h:81]   --->   Operation 61 'partselect' 'trunc_ln708_248' <Predicate = (icmp_ln1494_3)> <Delay = 0.00>
ST_1 : Operation 62 [1/1] (0.00ns)   --->   "%trunc_ln403_251 = trunc i16 %data_3_V_read_3 to i1" [firmware/nnet_utils/nnet_activation.h:81]   --->   Operation 62 'trunc' 'trunc_ln403_251' <Predicate = (icmp_ln1494_3)> <Delay = 0.00>
ST_1 : Operation 63 [1/1] (0.00ns) (grouped into LUT with out node select_ln1494_251)   --->   "%tmp_511 = call i1 @_ssdm_op_BitSelect.i1.i16.i32(i16 %data_3_V_read_3, i32 9)" [firmware/nnet_utils/nnet_activation.h:81]   --->   Operation 63 'bitselect' 'tmp_511' <Predicate = (icmp_ln1494_3)> <Delay = 0.00>
ST_1 : Operation 64 [1/1] (0.00ns)   --->   "%zext_ln415_251 = zext i1 %trunc_ln403_251 to i9" [firmware/nnet_utils/nnet_activation.h:81]   --->   Operation 64 'zext' 'zext_ln415_251' <Predicate = (icmp_ln1494_3)> <Delay = 0.00>
ST_1 : Operation 65 [1/1] (0.51ns)   --->   "%add_ln415_251 = add i9 %zext_ln415_251, %trunc_ln708_248" [firmware/nnet_utils/nnet_activation.h:81]   --->   Operation 65 'add' 'add_ln415_251' <Predicate = (icmp_ln1494_3)> <Delay = 0.51> <Core = "AddSub">   --->   Core 14 'AddSub' <Latency = 0> <II = 1> <Delay = 0.51> <FuncUnit> <Opcode : 'add' 'sub'> <InPorts = 2> <OutPorts = 1>
ST_1 : Operation 66 [1/1] (0.00ns) (grouped into LUT with out node select_ln1494_251)   --->   "%tmp_512 = call i1 @_ssdm_op_BitSelect.i1.i9.i32(i9 %add_ln415_251, i32 8)" [firmware/nnet_utils/nnet_activation.h:81]   --->   Operation 66 'bitselect' 'tmp_512' <Predicate = (icmp_ln1494_3)> <Delay = 0.00>
ST_1 : Operation 67 [1/1] (0.00ns) (grouped into LUT with out node select_ln1494_251)   --->   "%xor_ln416_251 = xor i1 %tmp_512, true" [firmware/nnet_utils/nnet_activation.h:81]   --->   Operation 67 'xor' 'xor_ln416_251' <Predicate = (icmp_ln1494_3)> <Delay = 0.00> <Core = "LogicGate">   --->   Core 27 'LogicGate' <Latency = 0> <II = 1> <Delay = 0.12> <FuncUnit> <Opcode : 'and' 'or' 'xor'> <InPorts = 2> <OutPorts = 1>
ST_1 : Operation 68 [1/1] (0.00ns) (grouped into LUT with out node select_ln1494_251)   --->   "%and_ln416_251 = and i1 %tmp_511, %xor_ln416_251" [firmware/nnet_utils/nnet_activation.h:81]   --->   Operation 68 'and' 'and_ln416_251' <Predicate = (icmp_ln1494_3)> <Delay = 0.00> <Core = "LogicGate">   --->   Core 27 'LogicGate' <Latency = 0> <II = 1> <Delay = 0.12> <FuncUnit> <Opcode : 'and' 'or' 'xor'> <InPorts = 2> <OutPorts = 1>
ST_1 : Operation 69 [1/1] (0.00ns)   --->   "%p_Result_12_3 = call i6 @_ssdm_op_PartSelect.i6.i16.i32.i32(i16 %data_3_V_read_3, i32 10, i32 15)" [firmware/nnet_utils/nnet_activation.h:81]   --->   Operation 69 'partselect' 'p_Result_12_3' <Predicate = (icmp_ln1494_3)> <Delay = 0.00>
ST_1 : Operation 70 [1/1] (0.61ns)   --->   "%icmp_ln879_251 = icmp eq i6 %p_Result_12_3, -1" [firmware/nnet_utils/nnet_activation.h:81]   --->   Operation 70 'icmp' 'icmp_ln879_251' <Predicate = (icmp_ln1494_3 & and_ln416_251)> <Delay = 0.61> <Core = "Cmp">   --->   Core 25 'Cmp' <Latency = 0> <II = 1> <Delay = 0.61> <FuncUnit> <Opcode : 'icmp'> <InPorts = 2> <OutPorts = 1>
ST_1 : Operation 71 [1/1] (0.61ns)   --->   "%icmp_ln768_251 = icmp eq i6 %p_Result_12_3, 0" [firmware/nnet_utils/nnet_activation.h:81]   --->   Operation 71 'icmp' 'icmp_ln768_251' <Predicate = (icmp_ln1494_3 & !and_ln416_251)> <Delay = 0.61> <Core = "Cmp">   --->   Core 25 'Cmp' <Latency = 0> <II = 1> <Delay = 0.61> <FuncUnit> <Opcode : 'icmp'> <InPorts = 2> <OutPorts = 1>
ST_1 : Operation 72 [1/1] (0.00ns) (grouped into LUT with out node select_ln1494_251)   --->   "%select_ln777_251 = select i1 %and_ln416_251, i1 %icmp_ln879_251, i1 %icmp_ln768_251" [firmware/nnet_utils/nnet_activation.h:81]   --->   Operation 72 'select' 'select_ln777_251' <Predicate = (icmp_ln1494_3)> <Delay = 0.00> <Core = "Sel">   --->   Core 26 'Sel' <Latency = 0> <II = 1> <Delay = 0.30> <FuncUnit> <Opcode : 'select'> <InPorts = 3> <OutPorts = 1>
ST_1 : Operation 73 [1/1] (0.00ns) (grouped into LUT with out node select_ln1494_251)   --->   "%select_ln340_3 = select i1 %select_ln777_251, i9 %add_ln415_251, i9 -1" [firmware/nnet_utils/nnet_activation.h:81]   --->   Operation 73 'select' 'select_ln340_3' <Predicate = (icmp_ln1494_3)> <Delay = 0.00> <Core = "Sel">   --->   Core 26 'Sel' <Latency = 0> <II = 1> <Delay = 0.30> <FuncUnit> <Opcode : 'select'> <InPorts = 3> <OutPorts = 1>
ST_1 : Operation 74 [1/1] (0.30ns) (out node of the LUT)   --->   "%select_ln1494_251 = select i1 %icmp_ln1494_3, i9 %select_ln340_3, i9 0" [firmware/nnet_utils/nnet_activation.h:81]   --->   Operation 74 'select' 'select_ln1494_251' <Predicate = true> <Delay = 0.30> <Core = "Sel">   --->   Core 26 'Sel' <Latency = 0> <II = 1> <Delay = 0.30> <FuncUnit> <Opcode : 'select'> <InPorts = 3> <OutPorts = 1>
ST_1 : Operation 75 [1/1] (0.67ns)   --->   "%icmp_ln1494_4 = icmp sgt i16 %data_4_V_read_3, 0" [firmware/nnet_utils/nnet_activation.h:81]   --->   Operation 75 'icmp' 'icmp_ln1494_4' <Predicate = true> <Delay = 0.67> <Core = "Cmp">   --->   Core 25 'Cmp' <Latency = 0> <II = 1> <Delay = 0.61> <FuncUnit> <Opcode : 'icmp'> <InPorts = 2> <OutPorts = 1>
ST_1 : Operation 76 [1/1] (0.00ns)   --->   "%trunc_ln708_249 = call i9 @_ssdm_op_PartSelect.i9.i16.i32.i32(i16 %data_4_V_read_3, i32 1, i32 9)" [firmware/nnet_utils/nnet_activation.h:81]   --->   Operation 76 'partselect' 'trunc_ln708_249' <Predicate = (icmp_ln1494_4)> <Delay = 0.00>
ST_1 : Operation 77 [1/1] (0.00ns)   --->   "%trunc_ln403_252 = trunc i16 %data_4_V_read_3 to i1" [firmware/nnet_utils/nnet_activation.h:81]   --->   Operation 77 'trunc' 'trunc_ln403_252' <Predicate = (icmp_ln1494_4)> <Delay = 0.00>
ST_1 : Operation 78 [1/1] (0.00ns) (grouped into LUT with out node select_ln1494_252)   --->   "%tmp_513 = call i1 @_ssdm_op_BitSelect.i1.i16.i32(i16 %data_4_V_read_3, i32 9)" [firmware/nnet_utils/nnet_activation.h:81]   --->   Operation 78 'bitselect' 'tmp_513' <Predicate = (icmp_ln1494_4)> <Delay = 0.00>
ST_1 : Operation 79 [1/1] (0.00ns)   --->   "%zext_ln415_252 = zext i1 %trunc_ln403_252 to i9" [firmware/nnet_utils/nnet_activation.h:81]   --->   Operation 79 'zext' 'zext_ln415_252' <Predicate = (icmp_ln1494_4)> <Delay = 0.00>
ST_1 : Operation 80 [1/1] (0.51ns)   --->   "%add_ln415_252 = add i9 %zext_ln415_252, %trunc_ln708_249" [firmware/nnet_utils/nnet_activation.h:81]   --->   Operation 80 'add' 'add_ln415_252' <Predicate = (icmp_ln1494_4)> <Delay = 0.51> <Core = "AddSub">   --->   Core 14 'AddSub' <Latency = 0> <II = 1> <Delay = 0.51> <FuncUnit> <Opcode : 'add' 'sub'> <InPorts = 2> <OutPorts = 1>
ST_1 : Operation 81 [1/1] (0.00ns) (grouped into LUT with out node select_ln1494_252)   --->   "%tmp_514 = call i1 @_ssdm_op_BitSelect.i1.i9.i32(i9 %add_ln415_252, i32 8)" [firmware/nnet_utils/nnet_activation.h:81]   --->   Operation 81 'bitselect' 'tmp_514' <Predicate = (icmp_ln1494_4)> <Delay = 0.00>
ST_1 : Operation 82 [1/1] (0.00ns) (grouped into LUT with out node select_ln1494_252)   --->   "%xor_ln416_252 = xor i1 %tmp_514, true" [firmware/nnet_utils/nnet_activation.h:81]   --->   Operation 82 'xor' 'xor_ln416_252' <Predicate = (icmp_ln1494_4)> <Delay = 0.00> <Core = "LogicGate">   --->   Core 27 'LogicGate' <Latency = 0> <II = 1> <Delay = 0.12> <FuncUnit> <Opcode : 'and' 'or' 'xor'> <InPorts = 2> <OutPorts = 1>
ST_1 : Operation 83 [1/1] (0.00ns) (grouped into LUT with out node select_ln1494_252)   --->   "%and_ln416_252 = and i1 %tmp_513, %xor_ln416_252" [firmware/nnet_utils/nnet_activation.h:81]   --->   Operation 83 'and' 'and_ln416_252' <Predicate = (icmp_ln1494_4)> <Delay = 0.00> <Core = "LogicGate">   --->   Core 27 'LogicGate' <Latency = 0> <II = 1> <Delay = 0.12> <FuncUnit> <Opcode : 'and' 'or' 'xor'> <InPorts = 2> <OutPorts = 1>
ST_1 : Operation 84 [1/1] (0.00ns)   --->   "%p_Result_12_4 = call i6 @_ssdm_op_PartSelect.i6.i16.i32.i32(i16 %data_4_V_read_3, i32 10, i32 15)" [firmware/nnet_utils/nnet_activation.h:81]   --->   Operation 84 'partselect' 'p_Result_12_4' <Predicate = (icmp_ln1494_4)> <Delay = 0.00>
ST_1 : Operation 85 [1/1] (0.61ns)   --->   "%icmp_ln879_252 = icmp eq i6 %p_Result_12_4, -1" [firmware/nnet_utils/nnet_activation.h:81]   --->   Operation 85 'icmp' 'icmp_ln879_252' <Predicate = (icmp_ln1494_4 & and_ln416_252)> <Delay = 0.61> <Core = "Cmp">   --->   Core 25 'Cmp' <Latency = 0> <II = 1> <Delay = 0.61> <FuncUnit> <Opcode : 'icmp'> <InPorts = 2> <OutPorts = 1>
ST_1 : Operation 86 [1/1] (0.61ns)   --->   "%icmp_ln768_252 = icmp eq i6 %p_Result_12_4, 0" [firmware/nnet_utils/nnet_activation.h:81]   --->   Operation 86 'icmp' 'icmp_ln768_252' <Predicate = (icmp_ln1494_4 & !and_ln416_252)> <Delay = 0.61> <Core = "Cmp">   --->   Core 25 'Cmp' <Latency = 0> <II = 1> <Delay = 0.61> <FuncUnit> <Opcode : 'icmp'> <InPorts = 2> <OutPorts = 1>
ST_1 : Operation 87 [1/1] (0.00ns) (grouped into LUT with out node select_ln1494_252)   --->   "%select_ln777_252 = select i1 %and_ln416_252, i1 %icmp_ln879_252, i1 %icmp_ln768_252" [firmware/nnet_utils/nnet_activation.h:81]   --->   Operation 87 'select' 'select_ln777_252' <Predicate = (icmp_ln1494_4)> <Delay = 0.00> <Core = "Sel">   --->   Core 26 'Sel' <Latency = 0> <II = 1> <Delay = 0.30> <FuncUnit> <Opcode : 'select'> <InPorts = 3> <OutPorts = 1>
ST_1 : Operation 88 [1/1] (0.00ns) (grouped into LUT with out node select_ln1494_252)   --->   "%select_ln340_4 = select i1 %select_ln777_252, i9 %add_ln415_252, i9 -1" [firmware/nnet_utils/nnet_activation.h:81]   --->   Operation 88 'select' 'select_ln340_4' <Predicate = (icmp_ln1494_4)> <Delay = 0.00> <Core = "Sel">   --->   Core 26 'Sel' <Latency = 0> <II = 1> <Delay = 0.30> <FuncUnit> <Opcode : 'select'> <InPorts = 3> <OutPorts = 1>
ST_1 : Operation 89 [1/1] (0.30ns) (out node of the LUT)   --->   "%select_ln1494_252 = select i1 %icmp_ln1494_4, i9 %select_ln340_4, i9 0" [firmware/nnet_utils/nnet_activation.h:81]   --->   Operation 89 'select' 'select_ln1494_252' <Predicate = true> <Delay = 0.30> <Core = "Sel">   --->   Core 26 'Sel' <Latency = 0> <II = 1> <Delay = 0.30> <FuncUnit> <Opcode : 'select'> <InPorts = 3> <OutPorts = 1>
ST_1 : Operation 90 [1/1] (0.67ns)   --->   "%icmp_ln1494_5 = icmp sgt i16 %data_5_V_read_3, 0" [firmware/nnet_utils/nnet_activation.h:81]   --->   Operation 90 'icmp' 'icmp_ln1494_5' <Predicate = true> <Delay = 0.67> <Core = "Cmp">   --->   Core 25 'Cmp' <Latency = 0> <II = 1> <Delay = 0.61> <FuncUnit> <Opcode : 'icmp'> <InPorts = 2> <OutPorts = 1>
ST_1 : Operation 91 [1/1] (0.00ns)   --->   "%trunc_ln708_250 = call i9 @_ssdm_op_PartSelect.i9.i16.i32.i32(i16 %data_5_V_read_3, i32 1, i32 9)" [firmware/nnet_utils/nnet_activation.h:81]   --->   Operation 91 'partselect' 'trunc_ln708_250' <Predicate = (icmp_ln1494_5)> <Delay = 0.00>
ST_1 : Operation 92 [1/1] (0.00ns)   --->   "%trunc_ln403_253 = trunc i16 %data_5_V_read_3 to i1" [firmware/nnet_utils/nnet_activation.h:81]   --->   Operation 92 'trunc' 'trunc_ln403_253' <Predicate = (icmp_ln1494_5)> <Delay = 0.00>
ST_1 : Operation 93 [1/1] (0.00ns) (grouped into LUT with out node select_ln1494_253)   --->   "%tmp_515 = call i1 @_ssdm_op_BitSelect.i1.i16.i32(i16 %data_5_V_read_3, i32 9)" [firmware/nnet_utils/nnet_activation.h:81]   --->   Operation 93 'bitselect' 'tmp_515' <Predicate = (icmp_ln1494_5)> <Delay = 0.00>
ST_1 : Operation 94 [1/1] (0.00ns)   --->   "%zext_ln415_253 = zext i1 %trunc_ln403_253 to i9" [firmware/nnet_utils/nnet_activation.h:81]   --->   Operation 94 'zext' 'zext_ln415_253' <Predicate = (icmp_ln1494_5)> <Delay = 0.00>
ST_1 : Operation 95 [1/1] (0.51ns)   --->   "%add_ln415_253 = add i9 %zext_ln415_253, %trunc_ln708_250" [firmware/nnet_utils/nnet_activation.h:81]   --->   Operation 95 'add' 'add_ln415_253' <Predicate = (icmp_ln1494_5)> <Delay = 0.51> <Core = "AddSub">   --->   Core 14 'AddSub' <Latency = 0> <II = 1> <Delay = 0.51> <FuncUnit> <Opcode : 'add' 'sub'> <InPorts = 2> <OutPorts = 1>
ST_1 : Operation 96 [1/1] (0.00ns) (grouped into LUT with out node select_ln1494_253)   --->   "%tmp_516 = call i1 @_ssdm_op_BitSelect.i1.i9.i32(i9 %add_ln415_253, i32 8)" [firmware/nnet_utils/nnet_activation.h:81]   --->   Operation 96 'bitselect' 'tmp_516' <Predicate = (icmp_ln1494_5)> <Delay = 0.00>
ST_1 : Operation 97 [1/1] (0.00ns) (grouped into LUT with out node select_ln1494_253)   --->   "%xor_ln416_253 = xor i1 %tmp_516, true" [firmware/nnet_utils/nnet_activation.h:81]   --->   Operation 97 'xor' 'xor_ln416_253' <Predicate = (icmp_ln1494_5)> <Delay = 0.00> <Core = "LogicGate">   --->   Core 27 'LogicGate' <Latency = 0> <II = 1> <Delay = 0.12> <FuncUnit> <Opcode : 'and' 'or' 'xor'> <InPorts = 2> <OutPorts = 1>
ST_1 : Operation 98 [1/1] (0.00ns) (grouped into LUT with out node select_ln1494_253)   --->   "%and_ln416_253 = and i1 %tmp_515, %xor_ln416_253" [firmware/nnet_utils/nnet_activation.h:81]   --->   Operation 98 'and' 'and_ln416_253' <Predicate = (icmp_ln1494_5)> <Delay = 0.00> <Core = "LogicGate">   --->   Core 27 'LogicGate' <Latency = 0> <II = 1> <Delay = 0.12> <FuncUnit> <Opcode : 'and' 'or' 'xor'> <InPorts = 2> <OutPorts = 1>
ST_1 : Operation 99 [1/1] (0.00ns)   --->   "%p_Result_12_5 = call i6 @_ssdm_op_PartSelect.i6.i16.i32.i32(i16 %data_5_V_read_3, i32 10, i32 15)" [firmware/nnet_utils/nnet_activation.h:81]   --->   Operation 99 'partselect' 'p_Result_12_5' <Predicate = (icmp_ln1494_5)> <Delay = 0.00>
ST_1 : Operation 100 [1/1] (0.61ns)   --->   "%icmp_ln879_253 = icmp eq i6 %p_Result_12_5, -1" [firmware/nnet_utils/nnet_activation.h:81]   --->   Operation 100 'icmp' 'icmp_ln879_253' <Predicate = (icmp_ln1494_5 & and_ln416_253)> <Delay = 0.61> <Core = "Cmp">   --->   Core 25 'Cmp' <Latency = 0> <II = 1> <Delay = 0.61> <FuncUnit> <Opcode : 'icmp'> <InPorts = 2> <OutPorts = 1>
ST_1 : Operation 101 [1/1] (0.61ns)   --->   "%icmp_ln768_253 = icmp eq i6 %p_Result_12_5, 0" [firmware/nnet_utils/nnet_activation.h:81]   --->   Operation 101 'icmp' 'icmp_ln768_253' <Predicate = (icmp_ln1494_5 & !and_ln416_253)> <Delay = 0.61> <Core = "Cmp">   --->   Core 25 'Cmp' <Latency = 0> <II = 1> <Delay = 0.61> <FuncUnit> <Opcode : 'icmp'> <InPorts = 2> <OutPorts = 1>
ST_1 : Operation 102 [1/1] (0.00ns) (grouped into LUT with out node select_ln1494_253)   --->   "%select_ln777_253 = select i1 %and_ln416_253, i1 %icmp_ln879_253, i1 %icmp_ln768_253" [firmware/nnet_utils/nnet_activation.h:81]   --->   Operation 102 'select' 'select_ln777_253' <Predicate = (icmp_ln1494_5)> <Delay = 0.00> <Core = "Sel">   --->   Core 26 'Sel' <Latency = 0> <II = 1> <Delay = 0.30> <FuncUnit> <Opcode : 'select'> <InPorts = 3> <OutPorts = 1>
ST_1 : Operation 103 [1/1] (0.00ns) (grouped into LUT with out node select_ln1494_253)   --->   "%select_ln340_5 = select i1 %select_ln777_253, i9 %add_ln415_253, i9 -1" [firmware/nnet_utils/nnet_activation.h:81]   --->   Operation 103 'select' 'select_ln340_5' <Predicate = (icmp_ln1494_5)> <Delay = 0.00> <Core = "Sel">   --->   Core 26 'Sel' <Latency = 0> <II = 1> <Delay = 0.30> <FuncUnit> <Opcode : 'select'> <InPorts = 3> <OutPorts = 1>
ST_1 : Operation 104 [1/1] (0.30ns) (out node of the LUT)   --->   "%select_ln1494_253 = select i1 %icmp_ln1494_5, i9 %select_ln340_5, i9 0" [firmware/nnet_utils/nnet_activation.h:81]   --->   Operation 104 'select' 'select_ln1494_253' <Predicate = true> <Delay = 0.30> <Core = "Sel">   --->   Core 26 'Sel' <Latency = 0> <II = 1> <Delay = 0.30> <FuncUnit> <Opcode : 'select'> <InPorts = 3> <OutPorts = 1>
ST_1 : Operation 105 [1/1] (0.67ns)   --->   "%icmp_ln1494_6 = icmp sgt i16 %data_6_V_read_3, 0" [firmware/nnet_utils/nnet_activation.h:81]   --->   Operation 105 'icmp' 'icmp_ln1494_6' <Predicate = true> <Delay = 0.67> <Core = "Cmp">   --->   Core 25 'Cmp' <Latency = 0> <II = 1> <Delay = 0.61> <FuncUnit> <Opcode : 'icmp'> <InPorts = 2> <OutPorts = 1>
ST_1 : Operation 106 [1/1] (0.00ns)   --->   "%trunc_ln708_251 = call i9 @_ssdm_op_PartSelect.i9.i16.i32.i32(i16 %data_6_V_read_3, i32 1, i32 9)" [firmware/nnet_utils/nnet_activation.h:81]   --->   Operation 106 'partselect' 'trunc_ln708_251' <Predicate = (icmp_ln1494_6)> <Delay = 0.00>
ST_1 : Operation 107 [1/1] (0.00ns)   --->   "%trunc_ln403_254 = trunc i16 %data_6_V_read_3 to i1" [firmware/nnet_utils/nnet_activation.h:81]   --->   Operation 107 'trunc' 'trunc_ln403_254' <Predicate = (icmp_ln1494_6)> <Delay = 0.00>
ST_1 : Operation 108 [1/1] (0.00ns) (grouped into LUT with out node select_ln1494_254)   --->   "%tmp_517 = call i1 @_ssdm_op_BitSelect.i1.i16.i32(i16 %data_6_V_read_3, i32 9)" [firmware/nnet_utils/nnet_activation.h:81]   --->   Operation 108 'bitselect' 'tmp_517' <Predicate = (icmp_ln1494_6)> <Delay = 0.00>
ST_1 : Operation 109 [1/1] (0.00ns)   --->   "%zext_ln415_254 = zext i1 %trunc_ln403_254 to i9" [firmware/nnet_utils/nnet_activation.h:81]   --->   Operation 109 'zext' 'zext_ln415_254' <Predicate = (icmp_ln1494_6)> <Delay = 0.00>
ST_1 : Operation 110 [1/1] (0.51ns)   --->   "%add_ln415_254 = add i9 %zext_ln415_254, %trunc_ln708_251" [firmware/nnet_utils/nnet_activation.h:81]   --->   Operation 110 'add' 'add_ln415_254' <Predicate = (icmp_ln1494_6)> <Delay = 0.51> <Core = "AddSub">   --->   Core 14 'AddSub' <Latency = 0> <II = 1> <Delay = 0.51> <FuncUnit> <Opcode : 'add' 'sub'> <InPorts = 2> <OutPorts = 1>
ST_1 : Operation 111 [1/1] (0.00ns) (grouped into LUT with out node select_ln1494_254)   --->   "%tmp_518 = call i1 @_ssdm_op_BitSelect.i1.i9.i32(i9 %add_ln415_254, i32 8)" [firmware/nnet_utils/nnet_activation.h:81]   --->   Operation 111 'bitselect' 'tmp_518' <Predicate = (icmp_ln1494_6)> <Delay = 0.00>
ST_1 : Operation 112 [1/1] (0.00ns) (grouped into LUT with out node select_ln1494_254)   --->   "%xor_ln416_254 = xor i1 %tmp_518, true" [firmware/nnet_utils/nnet_activation.h:81]   --->   Operation 112 'xor' 'xor_ln416_254' <Predicate = (icmp_ln1494_6)> <Delay = 0.00> <Core = "LogicGate">   --->   Core 27 'LogicGate' <Latency = 0> <II = 1> <Delay = 0.12> <FuncUnit> <Opcode : 'and' 'or' 'xor'> <InPorts = 2> <OutPorts = 1>
ST_1 : Operation 113 [1/1] (0.00ns) (grouped into LUT with out node select_ln1494_254)   --->   "%and_ln416_254 = and i1 %tmp_517, %xor_ln416_254" [firmware/nnet_utils/nnet_activation.h:81]   --->   Operation 113 'and' 'and_ln416_254' <Predicate = (icmp_ln1494_6)> <Delay = 0.00> <Core = "LogicGate">   --->   Core 27 'LogicGate' <Latency = 0> <II = 1> <Delay = 0.12> <FuncUnit> <Opcode : 'and' 'or' 'xor'> <InPorts = 2> <OutPorts = 1>
ST_1 : Operation 114 [1/1] (0.00ns)   --->   "%p_Result_12_6 = call i6 @_ssdm_op_PartSelect.i6.i16.i32.i32(i16 %data_6_V_read_3, i32 10, i32 15)" [firmware/nnet_utils/nnet_activation.h:81]   --->   Operation 114 'partselect' 'p_Result_12_6' <Predicate = (icmp_ln1494_6)> <Delay = 0.00>
ST_1 : Operation 115 [1/1] (0.61ns)   --->   "%icmp_ln879_254 = icmp eq i6 %p_Result_12_6, -1" [firmware/nnet_utils/nnet_activation.h:81]   --->   Operation 115 'icmp' 'icmp_ln879_254' <Predicate = (icmp_ln1494_6 & and_ln416_254)> <Delay = 0.61> <Core = "Cmp">   --->   Core 25 'Cmp' <Latency = 0> <II = 1> <Delay = 0.61> <FuncUnit> <Opcode : 'icmp'> <InPorts = 2> <OutPorts = 1>
ST_1 : Operation 116 [1/1] (0.61ns)   --->   "%icmp_ln768_254 = icmp eq i6 %p_Result_12_6, 0" [firmware/nnet_utils/nnet_activation.h:81]   --->   Operation 116 'icmp' 'icmp_ln768_254' <Predicate = (icmp_ln1494_6 & !and_ln416_254)> <Delay = 0.61> <Core = "Cmp">   --->   Core 25 'Cmp' <Latency = 0> <II = 1> <Delay = 0.61> <FuncUnit> <Opcode : 'icmp'> <InPorts = 2> <OutPorts = 1>
ST_1 : Operation 117 [1/1] (0.00ns) (grouped into LUT with out node select_ln1494_254)   --->   "%select_ln777_254 = select i1 %and_ln416_254, i1 %icmp_ln879_254, i1 %icmp_ln768_254" [firmware/nnet_utils/nnet_activation.h:81]   --->   Operation 117 'select' 'select_ln777_254' <Predicate = (icmp_ln1494_6)> <Delay = 0.00> <Core = "Sel">   --->   Core 26 'Sel' <Latency = 0> <II = 1> <Delay = 0.30> <FuncUnit> <Opcode : 'select'> <InPorts = 3> <OutPorts = 1>
ST_1 : Operation 118 [1/1] (0.00ns) (grouped into LUT with out node select_ln1494_254)   --->   "%select_ln340_6 = select i1 %select_ln777_254, i9 %add_ln415_254, i9 -1" [firmware/nnet_utils/nnet_activation.h:81]   --->   Operation 118 'select' 'select_ln340_6' <Predicate = (icmp_ln1494_6)> <Delay = 0.00> <Core = "Sel">   --->   Core 26 'Sel' <Latency = 0> <II = 1> <Delay = 0.30> <FuncUnit> <Opcode : 'select'> <InPorts = 3> <OutPorts = 1>
ST_1 : Operation 119 [1/1] (0.30ns) (out node of the LUT)   --->   "%select_ln1494_254 = select i1 %icmp_ln1494_6, i9 %select_ln340_6, i9 0" [firmware/nnet_utils/nnet_activation.h:81]   --->   Operation 119 'select' 'select_ln1494_254' <Predicate = true> <Delay = 0.30> <Core = "Sel">   --->   Core 26 'Sel' <Latency = 0> <II = 1> <Delay = 0.30> <FuncUnit> <Opcode : 'select'> <InPorts = 3> <OutPorts = 1>
ST_1 : Operation 120 [1/1] (0.67ns)   --->   "%icmp_ln1494_7 = icmp sgt i16 %data_7_V_read_3, 0" [firmware/nnet_utils/nnet_activation.h:81]   --->   Operation 120 'icmp' 'icmp_ln1494_7' <Predicate = true> <Delay = 0.67> <Core = "Cmp">   --->   Core 25 'Cmp' <Latency = 0> <II = 1> <Delay = 0.61> <FuncUnit> <Opcode : 'icmp'> <InPorts = 2> <OutPorts = 1>
ST_1 : Operation 121 [1/1] (0.00ns)   --->   "%trunc_ln708_252 = call i9 @_ssdm_op_PartSelect.i9.i16.i32.i32(i16 %data_7_V_read_3, i32 1, i32 9)" [firmware/nnet_utils/nnet_activation.h:81]   --->   Operation 121 'partselect' 'trunc_ln708_252' <Predicate = (icmp_ln1494_7)> <Delay = 0.00>
ST_1 : Operation 122 [1/1] (0.00ns)   --->   "%trunc_ln403_255 = trunc i16 %data_7_V_read_3 to i1" [firmware/nnet_utils/nnet_activation.h:81]   --->   Operation 122 'trunc' 'trunc_ln403_255' <Predicate = (icmp_ln1494_7)> <Delay = 0.00>
ST_1 : Operation 123 [1/1] (0.00ns) (grouped into LUT with out node select_ln1494_255)   --->   "%tmp_519 = call i1 @_ssdm_op_BitSelect.i1.i16.i32(i16 %data_7_V_read_3, i32 9)" [firmware/nnet_utils/nnet_activation.h:81]   --->   Operation 123 'bitselect' 'tmp_519' <Predicate = (icmp_ln1494_7)> <Delay = 0.00>
ST_1 : Operation 124 [1/1] (0.00ns)   --->   "%zext_ln415_255 = zext i1 %trunc_ln403_255 to i9" [firmware/nnet_utils/nnet_activation.h:81]   --->   Operation 124 'zext' 'zext_ln415_255' <Predicate = (icmp_ln1494_7)> <Delay = 0.00>
ST_1 : Operation 125 [1/1] (0.51ns)   --->   "%add_ln415_255 = add i9 %zext_ln415_255, %trunc_ln708_252" [firmware/nnet_utils/nnet_activation.h:81]   --->   Operation 125 'add' 'add_ln415_255' <Predicate = (icmp_ln1494_7)> <Delay = 0.51> <Core = "AddSub">   --->   Core 14 'AddSub' <Latency = 0> <II = 1> <Delay = 0.51> <FuncUnit> <Opcode : 'add' 'sub'> <InPorts = 2> <OutPorts = 1>
ST_1 : Operation 126 [1/1] (0.00ns) (grouped into LUT with out node select_ln1494_255)   --->   "%tmp_520 = call i1 @_ssdm_op_BitSelect.i1.i9.i32(i9 %add_ln415_255, i32 8)" [firmware/nnet_utils/nnet_activation.h:81]   --->   Operation 126 'bitselect' 'tmp_520' <Predicate = (icmp_ln1494_7)> <Delay = 0.00>
ST_1 : Operation 127 [1/1] (0.00ns) (grouped into LUT with out node select_ln1494_255)   --->   "%xor_ln416_255 = xor i1 %tmp_520, true" [firmware/nnet_utils/nnet_activation.h:81]   --->   Operation 127 'xor' 'xor_ln416_255' <Predicate = (icmp_ln1494_7)> <Delay = 0.00> <Core = "LogicGate">   --->   Core 27 'LogicGate' <Latency = 0> <II = 1> <Delay = 0.12> <FuncUnit> <Opcode : 'and' 'or' 'xor'> <InPorts = 2> <OutPorts = 1>
ST_1 : Operation 128 [1/1] (0.00ns) (grouped into LUT with out node select_ln1494_255)   --->   "%and_ln416_255 = and i1 %tmp_519, %xor_ln416_255" [firmware/nnet_utils/nnet_activation.h:81]   --->   Operation 128 'and' 'and_ln416_255' <Predicate = (icmp_ln1494_7)> <Delay = 0.00> <Core = "LogicGate">   --->   Core 27 'LogicGate' <Latency = 0> <II = 1> <Delay = 0.12> <FuncUnit> <Opcode : 'and' 'or' 'xor'> <InPorts = 2> <OutPorts = 1>
ST_1 : Operation 129 [1/1] (0.00ns)   --->   "%p_Result_12_7 = call i6 @_ssdm_op_PartSelect.i6.i16.i32.i32(i16 %data_7_V_read_3, i32 10, i32 15)" [firmware/nnet_utils/nnet_activation.h:81]   --->   Operation 129 'partselect' 'p_Result_12_7' <Predicate = (icmp_ln1494_7)> <Delay = 0.00>
ST_1 : Operation 130 [1/1] (0.61ns)   --->   "%icmp_ln879_255 = icmp eq i6 %p_Result_12_7, -1" [firmware/nnet_utils/nnet_activation.h:81]   --->   Operation 130 'icmp' 'icmp_ln879_255' <Predicate = (icmp_ln1494_7 & and_ln416_255)> <Delay = 0.61> <Core = "Cmp">   --->   Core 25 'Cmp' <Latency = 0> <II = 1> <Delay = 0.61> <FuncUnit> <Opcode : 'icmp'> <InPorts = 2> <OutPorts = 1>
ST_1 : Operation 131 [1/1] (0.61ns)   --->   "%icmp_ln768_255 = icmp eq i6 %p_Result_12_7, 0" [firmware/nnet_utils/nnet_activation.h:81]   --->   Operation 131 'icmp' 'icmp_ln768_255' <Predicate = (icmp_ln1494_7 & !and_ln416_255)> <Delay = 0.61> <Core = "Cmp">   --->   Core 25 'Cmp' <Latency = 0> <II = 1> <Delay = 0.61> <FuncUnit> <Opcode : 'icmp'> <InPorts = 2> <OutPorts = 1>
ST_1 : Operation 132 [1/1] (0.00ns) (grouped into LUT with out node select_ln1494_255)   --->   "%select_ln777_255 = select i1 %and_ln416_255, i1 %icmp_ln879_255, i1 %icmp_ln768_255" [firmware/nnet_utils/nnet_activation.h:81]   --->   Operation 132 'select' 'select_ln777_255' <Predicate = (icmp_ln1494_7)> <Delay = 0.00> <Core = "Sel">   --->   Core 26 'Sel' <Latency = 0> <II = 1> <Delay = 0.30> <FuncUnit> <Opcode : 'select'> <InPorts = 3> <OutPorts = 1>
ST_1 : Operation 133 [1/1] (0.00ns) (grouped into LUT with out node select_ln1494_255)   --->   "%select_ln340_7 = select i1 %select_ln777_255, i9 %add_ln415_255, i9 -1" [firmware/nnet_utils/nnet_activation.h:81]   --->   Operation 133 'select' 'select_ln340_7' <Predicate = (icmp_ln1494_7)> <Delay = 0.00> <Core = "Sel">   --->   Core 26 'Sel' <Latency = 0> <II = 1> <Delay = 0.30> <FuncUnit> <Opcode : 'select'> <InPorts = 3> <OutPorts = 1>
ST_1 : Operation 134 [1/1] (0.30ns) (out node of the LUT)   --->   "%select_ln1494_255 = select i1 %icmp_ln1494_7, i9 %select_ln340_7, i9 0" [firmware/nnet_utils/nnet_activation.h:81]   --->   Operation 134 'select' 'select_ln1494_255' <Predicate = true> <Delay = 0.30> <Core = "Sel">   --->   Core 26 'Sel' <Latency = 0> <II = 1> <Delay = 0.30> <FuncUnit> <Opcode : 'select'> <InPorts = 3> <OutPorts = 1>
ST_1 : Operation 135 [1/1] (0.67ns)   --->   "%icmp_ln1494_8 = icmp sgt i16 %data_8_V_read_3, 0" [firmware/nnet_utils/nnet_activation.h:81]   --->   Operation 135 'icmp' 'icmp_ln1494_8' <Predicate = true> <Delay = 0.67> <Core = "Cmp">   --->   Core 25 'Cmp' <Latency = 0> <II = 1> <Delay = 0.61> <FuncUnit> <Opcode : 'icmp'> <InPorts = 2> <OutPorts = 1>
ST_1 : Operation 136 [1/1] (0.00ns)   --->   "%trunc_ln708_253 = call i9 @_ssdm_op_PartSelect.i9.i16.i32.i32(i16 %data_8_V_read_3, i32 1, i32 9)" [firmware/nnet_utils/nnet_activation.h:81]   --->   Operation 136 'partselect' 'trunc_ln708_253' <Predicate = (icmp_ln1494_8)> <Delay = 0.00>
ST_1 : Operation 137 [1/1] (0.00ns)   --->   "%trunc_ln403_256 = trunc i16 %data_8_V_read_3 to i1" [firmware/nnet_utils/nnet_activation.h:81]   --->   Operation 137 'trunc' 'trunc_ln403_256' <Predicate = (icmp_ln1494_8)> <Delay = 0.00>
ST_1 : Operation 138 [1/1] (0.00ns) (grouped into LUT with out node select_ln1494_256)   --->   "%tmp_521 = call i1 @_ssdm_op_BitSelect.i1.i16.i32(i16 %data_8_V_read_3, i32 9)" [firmware/nnet_utils/nnet_activation.h:81]   --->   Operation 138 'bitselect' 'tmp_521' <Predicate = (icmp_ln1494_8)> <Delay = 0.00>
ST_1 : Operation 139 [1/1] (0.00ns)   --->   "%zext_ln415_256 = zext i1 %trunc_ln403_256 to i9" [firmware/nnet_utils/nnet_activation.h:81]   --->   Operation 139 'zext' 'zext_ln415_256' <Predicate = (icmp_ln1494_8)> <Delay = 0.00>
ST_1 : Operation 140 [1/1] (0.51ns)   --->   "%add_ln415_256 = add i9 %zext_ln415_256, %trunc_ln708_253" [firmware/nnet_utils/nnet_activation.h:81]   --->   Operation 140 'add' 'add_ln415_256' <Predicate = (icmp_ln1494_8)> <Delay = 0.51> <Core = "AddSub">   --->   Core 14 'AddSub' <Latency = 0> <II = 1> <Delay = 0.51> <FuncUnit> <Opcode : 'add' 'sub'> <InPorts = 2> <OutPorts = 1>
ST_1 : Operation 141 [1/1] (0.00ns) (grouped into LUT with out node select_ln1494_256)   --->   "%tmp_522 = call i1 @_ssdm_op_BitSelect.i1.i9.i32(i9 %add_ln415_256, i32 8)" [firmware/nnet_utils/nnet_activation.h:81]   --->   Operation 141 'bitselect' 'tmp_522' <Predicate = (icmp_ln1494_8)> <Delay = 0.00>
ST_1 : Operation 142 [1/1] (0.00ns) (grouped into LUT with out node select_ln1494_256)   --->   "%xor_ln416_256 = xor i1 %tmp_522, true" [firmware/nnet_utils/nnet_activation.h:81]   --->   Operation 142 'xor' 'xor_ln416_256' <Predicate = (icmp_ln1494_8)> <Delay = 0.00> <Core = "LogicGate">   --->   Core 27 'LogicGate' <Latency = 0> <II = 1> <Delay = 0.12> <FuncUnit> <Opcode : 'and' 'or' 'xor'> <InPorts = 2> <OutPorts = 1>
ST_1 : Operation 143 [1/1] (0.00ns) (grouped into LUT with out node select_ln1494_256)   --->   "%and_ln416_256 = and i1 %tmp_521, %xor_ln416_256" [firmware/nnet_utils/nnet_activation.h:81]   --->   Operation 143 'and' 'and_ln416_256' <Predicate = (icmp_ln1494_8)> <Delay = 0.00> <Core = "LogicGate">   --->   Core 27 'LogicGate' <Latency = 0> <II = 1> <Delay = 0.12> <FuncUnit> <Opcode : 'and' 'or' 'xor'> <InPorts = 2> <OutPorts = 1>
ST_1 : Operation 144 [1/1] (0.00ns)   --->   "%p_Result_12_8 = call i6 @_ssdm_op_PartSelect.i6.i16.i32.i32(i16 %data_8_V_read_3, i32 10, i32 15)" [firmware/nnet_utils/nnet_activation.h:81]   --->   Operation 144 'partselect' 'p_Result_12_8' <Predicate = (icmp_ln1494_8)> <Delay = 0.00>
ST_1 : Operation 145 [1/1] (0.61ns)   --->   "%icmp_ln879_256 = icmp eq i6 %p_Result_12_8, -1" [firmware/nnet_utils/nnet_activation.h:81]   --->   Operation 145 'icmp' 'icmp_ln879_256' <Predicate = (icmp_ln1494_8 & and_ln416_256)> <Delay = 0.61> <Core = "Cmp">   --->   Core 25 'Cmp' <Latency = 0> <II = 1> <Delay = 0.61> <FuncUnit> <Opcode : 'icmp'> <InPorts = 2> <OutPorts = 1>
ST_1 : Operation 146 [1/1] (0.61ns)   --->   "%icmp_ln768_256 = icmp eq i6 %p_Result_12_8, 0" [firmware/nnet_utils/nnet_activation.h:81]   --->   Operation 146 'icmp' 'icmp_ln768_256' <Predicate = (icmp_ln1494_8 & !and_ln416_256)> <Delay = 0.61> <Core = "Cmp">   --->   Core 25 'Cmp' <Latency = 0> <II = 1> <Delay = 0.61> <FuncUnit> <Opcode : 'icmp'> <InPorts = 2> <OutPorts = 1>
ST_1 : Operation 147 [1/1] (0.00ns) (grouped into LUT with out node select_ln1494_256)   --->   "%select_ln777_256 = select i1 %and_ln416_256, i1 %icmp_ln879_256, i1 %icmp_ln768_256" [firmware/nnet_utils/nnet_activation.h:81]   --->   Operation 147 'select' 'select_ln777_256' <Predicate = (icmp_ln1494_8)> <Delay = 0.00> <Core = "Sel">   --->   Core 26 'Sel' <Latency = 0> <II = 1> <Delay = 0.30> <FuncUnit> <Opcode : 'select'> <InPorts = 3> <OutPorts = 1>
ST_1 : Operation 148 [1/1] (0.00ns) (grouped into LUT with out node select_ln1494_256)   --->   "%select_ln340_8 = select i1 %select_ln777_256, i9 %add_ln415_256, i9 -1" [firmware/nnet_utils/nnet_activation.h:81]   --->   Operation 148 'select' 'select_ln340_8' <Predicate = (icmp_ln1494_8)> <Delay = 0.00> <Core = "Sel">   --->   Core 26 'Sel' <Latency = 0> <II = 1> <Delay = 0.30> <FuncUnit> <Opcode : 'select'> <InPorts = 3> <OutPorts = 1>
ST_1 : Operation 149 [1/1] (0.30ns) (out node of the LUT)   --->   "%select_ln1494_256 = select i1 %icmp_ln1494_8, i9 %select_ln340_8, i9 0" [firmware/nnet_utils/nnet_activation.h:81]   --->   Operation 149 'select' 'select_ln1494_256' <Predicate = true> <Delay = 0.30> <Core = "Sel">   --->   Core 26 'Sel' <Latency = 0> <II = 1> <Delay = 0.30> <FuncUnit> <Opcode : 'select'> <InPorts = 3> <OutPorts = 1>
ST_1 : Operation 150 [1/1] (0.67ns)   --->   "%icmp_ln1494_9 = icmp sgt i16 %data_9_V_read_3, 0" [firmware/nnet_utils/nnet_activation.h:81]   --->   Operation 150 'icmp' 'icmp_ln1494_9' <Predicate = true> <Delay = 0.67> <Core = "Cmp">   --->   Core 25 'Cmp' <Latency = 0> <II = 1> <Delay = 0.61> <FuncUnit> <Opcode : 'icmp'> <InPorts = 2> <OutPorts = 1>
ST_1 : Operation 151 [1/1] (0.00ns)   --->   "%trunc_ln708_254 = call i9 @_ssdm_op_PartSelect.i9.i16.i32.i32(i16 %data_9_V_read_3, i32 1, i32 9)" [firmware/nnet_utils/nnet_activation.h:81]   --->   Operation 151 'partselect' 'trunc_ln708_254' <Predicate = (icmp_ln1494_9)> <Delay = 0.00>
ST_1 : Operation 152 [1/1] (0.00ns)   --->   "%trunc_ln403_257 = trunc i16 %data_9_V_read_3 to i1" [firmware/nnet_utils/nnet_activation.h:81]   --->   Operation 152 'trunc' 'trunc_ln403_257' <Predicate = (icmp_ln1494_9)> <Delay = 0.00>
ST_1 : Operation 153 [1/1] (0.00ns) (grouped into LUT with out node select_ln1494_257)   --->   "%tmp_523 = call i1 @_ssdm_op_BitSelect.i1.i16.i32(i16 %data_9_V_read_3, i32 9)" [firmware/nnet_utils/nnet_activation.h:81]   --->   Operation 153 'bitselect' 'tmp_523' <Predicate = (icmp_ln1494_9)> <Delay = 0.00>
ST_1 : Operation 154 [1/1] (0.00ns)   --->   "%zext_ln415_257 = zext i1 %trunc_ln403_257 to i9" [firmware/nnet_utils/nnet_activation.h:81]   --->   Operation 154 'zext' 'zext_ln415_257' <Predicate = (icmp_ln1494_9)> <Delay = 0.00>
ST_1 : Operation 155 [1/1] (0.51ns)   --->   "%add_ln415_257 = add i9 %zext_ln415_257, %trunc_ln708_254" [firmware/nnet_utils/nnet_activation.h:81]   --->   Operation 155 'add' 'add_ln415_257' <Predicate = (icmp_ln1494_9)> <Delay = 0.51> <Core = "AddSub">   --->   Core 14 'AddSub' <Latency = 0> <II = 1> <Delay = 0.51> <FuncUnit> <Opcode : 'add' 'sub'> <InPorts = 2> <OutPorts = 1>
ST_1 : Operation 156 [1/1] (0.00ns) (grouped into LUT with out node select_ln1494_257)   --->   "%tmp_524 = call i1 @_ssdm_op_BitSelect.i1.i9.i32(i9 %add_ln415_257, i32 8)" [firmware/nnet_utils/nnet_activation.h:81]   --->   Operation 156 'bitselect' 'tmp_524' <Predicate = (icmp_ln1494_9)> <Delay = 0.00>
ST_1 : Operation 157 [1/1] (0.00ns) (grouped into LUT with out node select_ln1494_257)   --->   "%xor_ln416_257 = xor i1 %tmp_524, true" [firmware/nnet_utils/nnet_activation.h:81]   --->   Operation 157 'xor' 'xor_ln416_257' <Predicate = (icmp_ln1494_9)> <Delay = 0.00> <Core = "LogicGate">   --->   Core 27 'LogicGate' <Latency = 0> <II = 1> <Delay = 0.12> <FuncUnit> <Opcode : 'and' 'or' 'xor'> <InPorts = 2> <OutPorts = 1>
ST_1 : Operation 158 [1/1] (0.00ns) (grouped into LUT with out node select_ln1494_257)   --->   "%and_ln416_257 = and i1 %tmp_523, %xor_ln416_257" [firmware/nnet_utils/nnet_activation.h:81]   --->   Operation 158 'and' 'and_ln416_257' <Predicate = (icmp_ln1494_9)> <Delay = 0.00> <Core = "LogicGate">   --->   Core 27 'LogicGate' <Latency = 0> <II = 1> <Delay = 0.12> <FuncUnit> <Opcode : 'and' 'or' 'xor'> <InPorts = 2> <OutPorts = 1>
ST_1 : Operation 159 [1/1] (0.00ns)   --->   "%p_Result_12_9 = call i6 @_ssdm_op_PartSelect.i6.i16.i32.i32(i16 %data_9_V_read_3, i32 10, i32 15)" [firmware/nnet_utils/nnet_activation.h:81]   --->   Operation 159 'partselect' 'p_Result_12_9' <Predicate = (icmp_ln1494_9)> <Delay = 0.00>
ST_1 : Operation 160 [1/1] (0.61ns)   --->   "%icmp_ln879_257 = icmp eq i6 %p_Result_12_9, -1" [firmware/nnet_utils/nnet_activation.h:81]   --->   Operation 160 'icmp' 'icmp_ln879_257' <Predicate = (icmp_ln1494_9 & and_ln416_257)> <Delay = 0.61> <Core = "Cmp">   --->   Core 25 'Cmp' <Latency = 0> <II = 1> <Delay = 0.61> <FuncUnit> <Opcode : 'icmp'> <InPorts = 2> <OutPorts = 1>
ST_1 : Operation 161 [1/1] (0.61ns)   --->   "%icmp_ln768_257 = icmp eq i6 %p_Result_12_9, 0" [firmware/nnet_utils/nnet_activation.h:81]   --->   Operation 161 'icmp' 'icmp_ln768_257' <Predicate = (icmp_ln1494_9 & !and_ln416_257)> <Delay = 0.61> <Core = "Cmp">   --->   Core 25 'Cmp' <Latency = 0> <II = 1> <Delay = 0.61> <FuncUnit> <Opcode : 'icmp'> <InPorts = 2> <OutPorts = 1>
ST_1 : Operation 162 [1/1] (0.00ns) (grouped into LUT with out node select_ln1494_257)   --->   "%select_ln777_257 = select i1 %and_ln416_257, i1 %icmp_ln879_257, i1 %icmp_ln768_257" [firmware/nnet_utils/nnet_activation.h:81]   --->   Operation 162 'select' 'select_ln777_257' <Predicate = (icmp_ln1494_9)> <Delay = 0.00> <Core = "Sel">   --->   Core 26 'Sel' <Latency = 0> <II = 1> <Delay = 0.30> <FuncUnit> <Opcode : 'select'> <InPorts = 3> <OutPorts = 1>
ST_1 : Operation 163 [1/1] (0.00ns) (grouped into LUT with out node select_ln1494_257)   --->   "%select_ln340_9 = select i1 %select_ln777_257, i9 %add_ln415_257, i9 -1" [firmware/nnet_utils/nnet_activation.h:81]   --->   Operation 163 'select' 'select_ln340_9' <Predicate = (icmp_ln1494_9)> <Delay = 0.00> <Core = "Sel">   --->   Core 26 'Sel' <Latency = 0> <II = 1> <Delay = 0.30> <FuncUnit> <Opcode : 'select'> <InPorts = 3> <OutPorts = 1>
ST_1 : Operation 164 [1/1] (0.30ns) (out node of the LUT)   --->   "%select_ln1494_257 = select i1 %icmp_ln1494_9, i9 %select_ln340_9, i9 0" [firmware/nnet_utils/nnet_activation.h:81]   --->   Operation 164 'select' 'select_ln1494_257' <Predicate = true> <Delay = 0.30> <Core = "Sel">   --->   Core 26 'Sel' <Latency = 0> <II = 1> <Delay = 0.30> <FuncUnit> <Opcode : 'select'> <InPorts = 3> <OutPorts = 1>
ST_1 : Operation 165 [1/1] (0.00ns)   --->   "%mrv = insertvalue { i9, i9, i9, i9, i9, i9, i9, i9, i9, i9 } undef, i9 %select_ln1494, 0" [firmware/nnet_utils/nnet_activation.h:84]   --->   Operation 165 'insertvalue' 'mrv' <Predicate = true> <Delay = 0.00>
ST_1 : Operation 166 [1/1] (0.00ns)   --->   "%mrv_1 = insertvalue { i9, i9, i9, i9, i9, i9, i9, i9, i9, i9 } %mrv, i9 %select_ln1494_249, 1" [firmware/nnet_utils/nnet_activation.h:84]   --->   Operation 166 'insertvalue' 'mrv_1' <Predicate = true> <Delay = 0.00>
ST_1 : Operation 167 [1/1] (0.00ns)   --->   "%mrv_2 = insertvalue { i9, i9, i9, i9, i9, i9, i9, i9, i9, i9 } %mrv_1, i9 %select_ln1494_250, 2" [firmware/nnet_utils/nnet_activation.h:84]   --->   Operation 167 'insertvalue' 'mrv_2' <Predicate = true> <Delay = 0.00>
ST_1 : Operation 168 [1/1] (0.00ns)   --->   "%mrv_3 = insertvalue { i9, i9, i9, i9, i9, i9, i9, i9, i9, i9 } %mrv_2, i9 %select_ln1494_251, 3" [firmware/nnet_utils/nnet_activation.h:84]   --->   Operation 168 'insertvalue' 'mrv_3' <Predicate = true> <Delay = 0.00>
ST_1 : Operation 169 [1/1] (0.00ns)   --->   "%mrv_4 = insertvalue { i9, i9, i9, i9, i9, i9, i9, i9, i9, i9 } %mrv_3, i9 %select_ln1494_252, 4" [firmware/nnet_utils/nnet_activation.h:84]   --->   Operation 169 'insertvalue' 'mrv_4' <Predicate = true> <Delay = 0.00>
ST_1 : Operation 170 [1/1] (0.00ns)   --->   "%mrv_5 = insertvalue { i9, i9, i9, i9, i9, i9, i9, i9, i9, i9 } %mrv_4, i9 %select_ln1494_253, 5" [firmware/nnet_utils/nnet_activation.h:84]   --->   Operation 170 'insertvalue' 'mrv_5' <Predicate = true> <Delay = 0.00>
ST_1 : Operation 171 [1/1] (0.00ns)   --->   "%mrv_6 = insertvalue { i9, i9, i9, i9, i9, i9, i9, i9, i9, i9 } %mrv_5, i9 %select_ln1494_254, 6" [firmware/nnet_utils/nnet_activation.h:84]   --->   Operation 171 'insertvalue' 'mrv_6' <Predicate = true> <Delay = 0.00>
ST_1 : Operation 172 [1/1] (0.00ns)   --->   "%mrv_7 = insertvalue { i9, i9, i9, i9, i9, i9, i9, i9, i9, i9 } %mrv_6, i9 %select_ln1494_255, 7" [firmware/nnet_utils/nnet_activation.h:84]   --->   Operation 172 'insertvalue' 'mrv_7' <Predicate = true> <Delay = 0.00>
ST_1 : Operation 173 [1/1] (0.00ns)   --->   "%mrv_8 = insertvalue { i9, i9, i9, i9, i9, i9, i9, i9, i9, i9 } %mrv_7, i9 %select_ln1494_256, 8" [firmware/nnet_utils/nnet_activation.h:84]   --->   Operation 173 'insertvalue' 'mrv_8' <Predicate = true> <Delay = 0.00>
ST_1 : Operation 174 [1/1] (0.00ns)   --->   "%mrv_9 = insertvalue { i9, i9, i9, i9, i9, i9, i9, i9, i9, i9 } %mrv_8, i9 %select_ln1494_257, 9" [firmware/nnet_utils/nnet_activation.h:84]   --->   Operation 174 'insertvalue' 'mrv_9' <Predicate = true> <Delay = 0.00>
ST_1 : Operation 175 [1/1] (0.00ns)   --->   "ret { i9, i9, i9, i9, i9, i9, i9, i9, i9, i9 } %mrv_9" [firmware/nnet_utils/nnet_activation.h:84]   --->   Operation 175 'ret' <Predicate = true> <Delay = 0.00>


============================================================
+ Verbose Summary: Timing violations
============================================================
Target clock period: 5ns, clock uncertainty: 0.625ns.

 <State 1>: 0.979ns
The critical path consists of the following:
	wire read on port 'data_9_V_read' (firmware/nnet_utils/nnet_activation.h:69) [11]  (0 ns)
	'icmp' operation ('icmp_ln1494_9', firmware/nnet_utils/nnet_activation.h:81) [159]  (0.676 ns)
	'select' operation ('res[9].V', firmware/nnet_utils/nnet_activation.h:81) [173]  (0.303 ns)


============================================================
+ Verbose Summary: Binding
============================================================
N/A
* FSMD analyzer results:
  - Output states:
 - Input state : 
  - Chain level:
	State 1


============================================================
+ Verbose Summary: Datapath Resource usage 
============================================================
N/A
